Archive member included to satisfy reference by file (symbol)

c:/users/conns/.silabs/slt/installs/conan/p/gcc-ab83b3403fdca6/p/bin/../lib/gcc/arm-none-eabi/12.2.1/thumb/v8-m.main+fp/hard\libgcc.a(_aeabi_ldivmod.o)
                              CMakeFiles/slc.dir/base/C_/Users/conns/.silabs/slt/installs/conan/p/simpl418dd9bdfa44b/p/platform/service/sleeptimer/src/sl_sleeptimer.c.obj (__aeabi_ldivmod)
c:/users/conns/.silabs/slt/installs/conan/p/gcc-ab83b3403fdca6/p/bin/../lib/gcc/arm-none-eabi/12.2.1/thumb/v8-m.main+fp/hard\libgcc.a(_aeabi_uldivmod.o)
                              CMakeFiles/slc.dir/base/C_/Users/conns/.silabs/slt/installs/conan/p/simpl418dd9bdfa44b/p/platform/service/sleeptimer/src/sl_sleeptimer.c.obj (__aeabi_uldivmod)
c:/users/conns/.silabs/slt/installs/conan/p/gcc-ab83b3403fdca6/p/bin/../lib/gcc/arm-none-eabi/12.2.1/thumb/v8-m.main+fp/hard\libgcc.a(_udivmoddi4.o)
                              c:/users/conns/.silabs/slt/installs/conan/p/gcc-ab83b3403fdca6/p/bin/../lib/gcc/arm-none-eabi/12.2.1/thumb/v8-m.main+fp/hard\libgcc.a(_aeabi_ldivmod.o) (__udivmoddi4)
c:/users/conns/.silabs/slt/installs/conan/p/gcc-ab83b3403fdca6/p/bin/../lib/gcc/arm-none-eabi/12.2.1/thumb/v8-m.main+fp/hard\libgcc.a(_dvmd_tls.o)
                              c:/users/conns/.silabs/slt/installs/conan/p/gcc-ab83b3403fdca6/p/bin/../lib/gcc/arm-none-eabi/12.2.1/thumb/v8-m.main+fp/hard\libgcc.a(_aeabi_ldivmod.o) (__aeabi_ldiv0)
c:/users/conns/.silabs/slt/installs/conan/p/gcc-ab83b3403fdca6/p/bin/../lib/gcc/arm-none-eabi/12.2.1/thumb/v8-m.main+fp/hard\libc_nano.a(libc_a-exit.o)
                              c:/users/conns/.silabs/slt/installs/conan/p/gcc-ab83b3403fdca6/p/bin/../lib/gcc/arm-none-eabi/12.2.1/thumb/v8-m.main+fp/hard/crt0.o (exit)
c:/users/conns/.silabs/slt/installs/conan/p/gcc-ab83b3403fdca6/p/bin/../lib/gcc/arm-none-eabi/12.2.1/thumb/v8-m.main+fp/hard\libc_nano.a(libc_a-findfp.o)
                              c:/users/conns/.silabs/slt/installs/conan/p/gcc-ab83b3403fdca6/p/bin/../lib/gcc/arm-none-eabi/12.2.1/thumb/v8-m.main+fp/hard\libc_nano.a(libc_a-exit.o) (__stdio_exit_handler)
c:/users/conns/.silabs/slt/installs/conan/p/gcc-ab83b3403fdca6/p/bin/../lib/gcc/arm-none-eabi/12.2.1/thumb/v8-m.main+fp/hard\libc_nano.a(libc_a-fwalk.o)
                              c:/users/conns/.silabs/slt/installs/conan/p/gcc-ab83b3403fdca6/p/bin/../lib/gcc/arm-none-eabi/12.2.1/thumb/v8-m.main+fp/hard\libc_nano.a(libc_a-findfp.o) (_fwalk_sglue)
c:/users/conns/.silabs/slt/installs/conan/p/gcc-ab83b3403fdca6/p/bin/../lib/gcc/arm-none-eabi/12.2.1/thumb/v8-m.main+fp/hard\libc_nano.a(libc_a-stdio.o)
                              c:/users/conns/.silabs/slt/installs/conan/p/gcc-ab83b3403fdca6/p/bin/../lib/gcc/arm-none-eabi/12.2.1/thumb/v8-m.main+fp/hard\libc_nano.a(libc_a-findfp.o) (__sread)
c:/users/conns/.silabs/slt/installs/conan/p/gcc-ab83b3403fdca6/p/bin/../lib/gcc/arm-none-eabi/12.2.1/thumb/v8-m.main+fp/hard\libc_nano.a(libc_a-memset.o)
                              c:/users/conns/.silabs/slt/installs/conan/p/gcc-ab83b3403fdca6/p/bin/../lib/gcc/arm-none-eabi/12.2.1/thumb/v8-m.main+fp/hard/crt0.o (memset)
c:/users/conns/.silabs/slt/installs/conan/p/gcc-ab83b3403fdca6/p/bin/../lib/gcc/arm-none-eabi/12.2.1/thumb/v8-m.main+fp/hard\libc_nano.a(libc_a-closer.o)
                              c:/users/conns/.silabs/slt/installs/conan/p/gcc-ab83b3403fdca6/p/bin/../lib/gcc/arm-none-eabi/12.2.1/thumb/v8-m.main+fp/hard\libc_nano.a(libc_a-stdio.o) (_close_r)
c:/users/conns/.silabs/slt/installs/conan/p/gcc-ab83b3403fdca6/p/bin/../lib/gcc/arm-none-eabi/12.2.1/thumb/v8-m.main+fp/hard\libc_nano.a(libc_a-reent.o)
                              c:/users/conns/.silabs/slt/installs/conan/p/gcc-ab83b3403fdca6/p/bin/../lib/gcc/arm-none-eabi/12.2.1/thumb/v8-m.main+fp/hard\libc_nano.a(libc_a-closer.o) (errno)
c:/users/conns/.silabs/slt/installs/conan/p/gcc-ab83b3403fdca6/p/bin/../lib/gcc/arm-none-eabi/12.2.1/thumb/v8-m.main+fp/hard\libc_nano.a(libc_a-impure.o)
                              c:/users/conns/.silabs/slt/installs/conan/p/gcc-ab83b3403fdca6/p/bin/../lib/gcc/arm-none-eabi/12.2.1/thumb/v8-m.main+fp/hard\libc_nano.a(libc_a-reent.o) (_impure_ptr)
c:/users/conns/.silabs/slt/installs/conan/p/gcc-ab83b3403fdca6/p/bin/../lib/gcc/arm-none-eabi/12.2.1/thumb/v8-m.main+fp/hard\libc_nano.a(libc_a-lseekr.o)
                              c:/users/conns/.silabs/slt/installs/conan/p/gcc-ab83b3403fdca6/p/bin/../lib/gcc/arm-none-eabi/12.2.1/thumb/v8-m.main+fp/hard\libc_nano.a(libc_a-stdio.o) (_lseek_r)
c:/users/conns/.silabs/slt/installs/conan/p/gcc-ab83b3403fdca6/p/bin/../lib/gcc/arm-none-eabi/12.2.1/thumb/v8-m.main+fp/hard\libc_nano.a(libc_a-readr.o)
                              c:/users/conns/.silabs/slt/installs/conan/p/gcc-ab83b3403fdca6/p/bin/../lib/gcc/arm-none-eabi/12.2.1/thumb/v8-m.main+fp/hard\libc_nano.a(libc_a-stdio.o) (_read_r)
[...]
Memory Configuration

Name             Origin             Length             Attributes
FLASH            0x00000000         0x000be000         xr
RAM              0x20000000         0x00010000         xrw
*default*        0x00000000         0xffffffff

Linker script and memory map

LOAD c:/users/conns/.silabs/slt/installs/conan/p/gcc-ab83b3403fdca6/p/bin/../lib/gcc/arm-none-eabi/12.2.1/thumb/v8-m.main+fp/hard/crti.o
LOAD c:/users/conns/.silabs/slt/installs/conan/p/gcc-ab83b3403fdca6/p/bin/../lib/gcc/arm-none-eabi/12.2.1/thumb/v8-m.main+fp/hard/crtbegin.o
LOAD c:/users/conns/.silabs/slt/installs/conan/p/gcc-ab83b3403fdca6/p/bin/../lib/gcc/arm-none-eabi/12.2.1/thumb/v8-m.main+fp/hard/crt0.o
LOAD CMakeFiles/slc.dir/base/C_/Users/conns/.silabs/slt/installs/conan/p/simpl418dd9bdfa44b/p/platform/common/src/sl_assert.c.obj
LOAD CMakeFiles/slc.dir/base/C_/Users/conns/.silabs/slt/installs/conan/p/simpl418dd9bdfa44b/p/platform/common/src/sl_core_cortexm.c.obj
LOAD CMakeFiles/slc.dir/base/C_/Users/conns/.silabs/slt/installs/conan/p/simpl418dd9bdfa44b/p/platform/common/src/sl_syscalls.c.obj
LOAD CMakeFiles/slc.dir/base/C_/Users/conns/.silabs/slt/installs/conan/p/simpl418dd9bdfa44b/p/platform/Device/SiliconLabs/EFR32MG21/Source/startup_efr32mg21.c.obj
LOAD CMakeFiles/slc.dir/base/C_/Users/conns/.silabs/slt/installs/conan/p/simpl418dd9bdfa44b/p/platform/Device/SiliconLabs/EFR32MG21/Source/system_efr32mg21.c.obj
LOAD CMakeFiles/slc.dir/base/C_/Users/conns/.silabs/slt/installs/conan/p/simpl418dd9bdfa44b/p/platform/driver/button/src/sl_button.c.obj
LOAD CMakeFiles/slc.dir/base/C_/Users/conns/.silabs/slt/installs/conan/p/simpl418dd9bdfa44b/p/platform/driver/button/src/sl_simple_button.c.obj
LOAD CMakeFiles/slc.dir/base/C_/Users/conns/.silabs/slt/installs/conan/p/simpl418dd9bdfa44b/p/platform/driver/gpio/src/sl_gpio.c.obj
LOAD CMakeFiles/slc.dir/base/C_/Users/conns/.silabs/slt/installs/conan/p/simpl418dd9bdfa44b/p/platform/driver/leddrv/src/sl_led.c.obj
LOAD CMakeFiles/slc.dir/base/C_/Users/conns/.silabs/slt/installs/conan/p/simpl418dd9bdfa44b/p/platform/driver/leddrv/src/sl_simple_led.c.obj
LOAD CMakeFiles/slc.dir/base/C_/Users/conns/.silabs/slt/installs/conan/p/simpl418dd9bdfa44b/p/platform/emlib/src/em_burtc.c.obj
LOAD CMakeFiles/slc.dir/base/C_/Users/conns/.silabs/slt/installs/conan/p/simpl418dd9bdfa44b/p/platform/emlib/src/em_cmu.c.obj
LOAD CMakeFiles/slc.dir/base/C_/Users/conns/.silabs/slt/installs/conan/p/simpl418dd9bdfa44b/p/platform/emlib/src/em_core.c.obj
LOAD CMakeFiles/slc.dir/base/C_/Users/conns/.silabs/slt/installs/conan/p/simpl418dd9bdfa44b/p/platform/emlib/src/em_emu.c.obj
LOAD CMakeFiles/slc.dir/base/C_/Users/conns/.silabs/slt/installs/conan/p/simpl418dd9bdfa44b/p/platform/emlib/src/em_gpio.c.obj
LOAD CMakeFiles/slc.dir/base/C_/Users/conns/.silabs/slt/installs/conan/p/simpl418dd9bdfa44b/p/platform/emlib/src/em_msc.c.obj
LOAD CMakeFiles/slc.dir/base/C_/Users/conns/.silabs/slt/installs/conan/p/simpl418dd9bdfa44b/p/platform/emlib/src/em_rtcc.c.obj
LOAD CMakeFiles/slc.dir/base/C_/Users/conns/.silabs/slt/installs/conan/p/simpl418dd9bdfa44b/p/platform/emlib/src/em_system.c.obj
LOAD CMakeFiles/slc.dir/base/C_/Users/conns/.silabs/slt/installs/conan/p/simpl418dd9bdfa44b/p/platform/emlib/src/em_timer.c.obj
LOAD CMakeFiles/slc.dir/base/C_/Users/conns/.silabs/slt/installs/conan/p/simpl418dd9bdfa44b/p/platform/peripheral/src/sl_hal_gpio.c.obj
LOAD CMakeFiles/slc.dir/base/C_/Users/conns/.silabs/slt/installs/conan/p/simpl418dd9bdfa44b/p/platform/service/clock_manager/src/sl_clock_manager.c.obj
LOAD CMakeFiles/slc.dir/base/C_/Users/conns/.silabs/slt/installs/conan/p/simpl418dd9bdfa44b/p/platform/service/clock_manager/src/sl_clock_manager_hal_s2.c.obj
LOAD CMakeFiles/slc.dir/base/C_/Users/conns/.silabs/slt/installs/conan/p/simpl418dd9bdfa44b/p/platform/service/clock_manager/src/sl_clock_manager_init.c.obj
LOAD CMakeFiles/slc.dir/base/C_/Users/conns/.silabs/slt/installs/conan/p/simpl418dd9bdfa44b/p/platform/service/clock_manager/src/sl_clock_manager_init_hal_s2.c.obj
LOAD CMakeFiles/slc.dir/base/C_/Users/conns/.silabs/slt/installs/conan/p/simpl418dd9bdfa44b/p/platform/service/device_init/src/sl_device_init_emu_s2.c.obj
LOAD CMakeFiles/slc.dir/base/83c830c4116c3ea9c6821290675166e7/p/simpl418dd9bdfa44b/p/platform/service/device_manager/devices/sl_device_peripheral_hal_efr32xg21.c.obj
LOAD CMakeFiles/slc.dir/base/C_/Users/conns/.silabs/slt/installs/conan/p/simpl418dd9bdfa44b/p/platform/service/device_manager/src/sl_device_clock.c.obj
LOAD CMakeFiles/slc.dir/base/C_/Users/conns/.silabs/slt/installs/conan/p/simpl418dd9bdfa44b/p/platform/service/device_manager/src/sl_device_gpio.c.obj
LOAD CMakeFiles/slc.dir/base/C_/Users/conns/.silabs/slt/installs/conan/p/simpl418dd9bdfa44b/p/platform/service/device_manager/src/sl_device_peripheral.c.obj
LOAD CMakeFiles/slc.dir/base/C_/Users/conns/.silabs/slt/installs/conan/p/simpl418dd9bdfa44b/p/platform/service/interrupt_manager/src/sl_interrupt_manager_cortexm.c.obj
LOAD CMakeFiles/slc.dir/base/C_/Users/conns/.silabs/slt/installs/conan/p/simpl418dd9bdfa44b/p/platform/service/memory_manager/src/sl_memory_manager_region.c.obj
LOAD CMakeFiles/slc.dir/base/C_/Users/conns/.silabs/slt/installs/conan/p/simpl418dd9bdfa44b/p/platform/service/sleeptimer/src/sl_sleeptimer.c.obj
LOAD CMakeFiles/slc.dir/base/C_/Users/conns/.silabs/slt/installs/conan/p/simpl418dd9bdfa44b/p/platform/service/sleeptimer/src/sl_sleeptimer_hal_burtc.c.obj
LOAD CMakeFiles/slc.dir/base/C_/Users/conns/.silabs/slt/installs/conan/p/simpl418dd9bdfa44b/p/platform/service/sleeptimer/src/sl_sleeptimer_hal_prortc.c.obj
LOAD CMakeFiles/slc.dir/base/C_/Users/conns/.silabs/slt/installs/conan/p/simpl418dd9bdfa44b/p/platform/service/sleeptimer/src/sl_sleeptimer_hal_rtcc.c.obj
LOAD CMakeFiles/slc.dir/base/C_/Users/conns/.silabs/slt/installs/conan/p/simpl418dd9bdfa44b/p/platform/service/sleeptimer/src/sl_sleeptimer_hal_timer.c.obj
LOAD CMakeFiles/slc.dir/base/C_/Users/conns/.silabs/slt/installs/conan/p/simpl418dd9bdfa44b/p/platform/service/system/src/sl_system_init.c.obj
LOAD CMakeFiles/slc.dir/base/C_/Users/conns/.silabs/slt/installs/conan/p/simpl418dd9bdfa44b/p/platform/service/system/src/sl_system_process_action.c.obj
LOAD CMakeFiles/slc.dir/base/C_/Users/conns/SimplicityStudio/bare_metal/blink_baremetal/app.c.obj
LOAD CMakeFiles/slc.dir/base/C_/Users/conns/SimplicityStudio/bare_metal/blink_baremetal/autogen/sl_event_handler.c.obj
LOAD CMakeFiles/slc.dir/base/C_/Users/conns/SimplicityStudio/bare_metal/blink_baremetal/autogen/sl_simple_button_instances.c.obj
LOAD CMakeFiles/slc.dir/base/C_/Users/conns/SimplicityStudio/bare_metal/blink_baremetal/autogen/sl_simple_led_instances.c.obj
LOAD CMakeFiles/slc.dir/base/C_/Users/conns/SimplicityStudio/bare_metal/blink_baremetal/blink.c.obj
LOAD CMakeFiles/slc.dir/base/C_/Users/conns/SimplicityStudio/bare_metal/blink_baremetal/main.c.obj
LOAD CMakeFiles/blink_baremetal.dir/base/C_/Users/conns/SimplicityStudio/bare_metal/blink_baremetal/button.c.obj
START GROUP
LOAD c:/users/conns/.silabs/slt/installs/conan/p/gcc-ab83b3403fdca6/p/bin/../lib/gcc/arm-none-eabi/12.2.1/thumb/v8-m.main+fp/hard\libgcc.a
LOAD c:/users/conns/.silabs/slt/installs/conan/p/gcc-ab83b3403fdca6/p/bin/../lib/gcc/arm-none-eabi/12.2.1/thumb/v8-m.main+fp/hard\libc_nano.a
LOAD c:/users/conns/.silabs/slt/installs/conan/p/gcc-ab83b3403fdca6/p/bin/../lib/gcc/arm-none-eabi/12.2.1/thumb/v8-m.main+fp/hard\libm.a
LOAD c:/users/conns/.silabs/slt/installs/conan/p/gcc-ab83b3403fdca6/p/bin/../lib/gcc/arm-none-eabi/12.2.1/thumb/v8-m.main+fp/hard\libnosys.a
END GROUP
START GROUP
LOAD c:/users/conns/.silabs/slt/installs/conan/p/gcc-ab83b3403fdca6/p/bin/../lib/gcc/arm-none-eabi/12.2.1/thumb/v8-m.main+fp/hard\libgcc.a
LOAD c:/users/conns/.silabs/slt/installs/conan/p/gcc-ab83b3403fdca6/p/bin/../lib/gcc/arm-none-eabi/12.2.1/thumb/v8-m.main+fp/hard\libc_nano.a
END GROUP
START GROUP
LOAD c:/users/conns/.silabs/slt/installs/conan/p/gcc-ab83b3403fdca6/p/bin/../lib/gcc/arm-none-eabi/12.2.1/thumb/v8-m.main+fp/hard\libgcc.a
LOAD c:/users/conns/.silabs/slt/installs/conan/p/gcc-ab83b3403fdca6/p/bin/../lib/gcc/arm-none-eabi/12.2.1/thumb/v8-m.main+fp/hard\libc_nano.a
END GROUP
LOAD c:/users/conns/.silabs/slt/installs/conan/p/gcc-ab83b3403fdca6/p/bin/../lib/gcc/arm-none-eabi/12.2.1/thumb/v8-m.main+fp/hard/crtend.o
LOAD c:/users/conns/.silabs/slt/installs/conan/p/gcc-ab83b3403fdca6/p/bin/../lib/gcc/arm-none-eabi/12.2.1/thumb/v8-m.main+fp/hard/crtn.o

.vectors        0x00000000      0x134
                0x00000000                linker_vectors_begin = .
 *(.vectors)
 .vectors       0x00000000      0x134 CMakeFiles/slc.dir/base/C_/Users/conns/.silabs/slt/installs/conan/p/simpl418dd9bdfa44b/p/platform/Device/SiliconLabs/EFR32MG21/Source/startup_efr32mg21.c.obj
                0x00000000                __Vectors
                0x00000134                linker_vectors_end = .
                0x00000134                __Vectors_End = .
                0x00000134                __Vectors_Size = (__Vectors_End - __Vectors)
                0x00000134                __lma_ramfuncs_start__ = .

.stack          0x20000000     0x1000
                0x20000000                . = ALIGN (0x8)
                0x20000000                __StackLimit = .
 *(.stack*)
 .stack         0x20000000     0x1000 CMakeFiles/slc.dir/base/C_/Users/conns/.silabs/slt/installs/conan/p/simpl418dd9bdfa44b/p/platform/service/memory_manager/src/sl_memory_manager_region.c.obj
                0x20001000                . = ALIGN (0x4)
                0x20001000                __StackTop = .
                0x20001000                PROVIDE (__stack = __StackTop)

.bss            0x20001000      0x1c8
                0x20001000                . = ALIGN (0x4)
                0x20001000                __bss_start__ = .
 *(SORT_BY_ALIGNMENT(.bss*))
 .bss.object.0  0x20001000       0x18 c:/users/conns/.silabs/slt/installs/conan/p/gcc-ab83b3403fdca6/p/bin/../lib/gcc/arm-none-eabi/12.2.1/thumb/v8-m.main+fp/hard/crtbegin.o
 .bss.gpio_interrupts
                0x20001018      0x168 CMakeFiles/slc.dir/base/C_/Users/conns/.silabs/slt/installs/conan/p/simpl418dd9bdfa44b/p/platform/driver/gpio/src/sl_gpio.c.obj
 .bss.max_millisecond_conversion
                0x20001180        0x4 CMakeFiles/slc.dir/base/C_/Users/conns/.silabs/slt/installs/conan/p/simpl418dd9bdfa44b/p/platform/service/sleeptimer/src/sl_sleeptimer.c.obj
 .bss.last_delta_update_count
                0x20001184        0x4 CMakeFiles/slc.dir/base/C_/Users/conns/.silabs/slt/installs/conan/p/simpl418dd9bdfa44b/p/platform/service/sleeptimer/src/sl_sleeptimer.c.obj
 .bss.timer_head
                0x20001188        0x4 CMakeFiles/slc.dir/base/C_/Users/conns/.silabs/slt/installs/conan/p/simpl418dd9bdfa44b/p/platform/service/sleeptimer/src/sl_sleeptimer.c.obj
 .bss.timer_frequency
                0x2000118c        0x4 CMakeFiles/slc.dir/base/C_/Users/conns/.silabs/slt/installs/conan/p/simpl418dd9bdfa44b/p/platform/service/sleeptimer/src/sl_sleeptimer.c.obj
 .bss.overflow_counter
                0x20001190        0x4 CMakeFiles/slc.dir/base/C_/Users/conns/.silabs/slt/installs/conan/p/simpl418dd9bdfa44b/p/platform/service/sleeptimer/src/sl_sleeptimer.c.obj
 .bss.timer     0x20001194       0x20 CMakeFiles/slc.dir/base/C_/Users/conns/SimplicityStudio/bare_metal/blink_baremetal/app.c.obj
                0x20001194                timer
 .bss.__stdio_exit_handler
                0x200011b4        0x4 c:/users/conns/.silabs/slt/installs/conan/p/gcc-ab83b3403fdca6/p/bin/../lib/gcc/arm-none-eabi/12.2.1/thumb/v8-m.main+fp/hard\libc_nano.a(libc_a-findfp.o)
                0x200011b4                __stdio_exit_handler
 .bss.completed.1
                0x200011b8        0x1 c:/users/conns/.silabs/slt/installs/conan/p/gcc-ab83b3403fdca6/p/bin/../lib/gcc/arm-none-eabi/12.2.1/thumb/v8-m.main+fp/hard/crtbegin.o
 .bss.pclkDiv   0x200011b9        0x1 CMakeFiles/slc.dir/base/C_/Users/conns/.silabs/slt/installs/conan/p/simpl418dd9bdfa44b/p/platform/emlib/src/em_cmu.c.obj
 .bss.is_interrupt_manager_initialized
                0x200011ba        0x1 CMakeFiles/slc.dir/base/C_/Users/conns/.silabs/slt/installs/conan/p/simpl418dd9bdfa44b/p/platform/service/interrupt_manager/src/sl_interrupt_manager_cortexm.c.obj
 .bss.sleep_on_isr_exit
                0x200011bb        0x1 CMakeFiles/slc.dir/base/C_/Users/conns/.silabs/slt/installs/conan/p/simpl418dd9bdfa44b/p/platform/service/sleeptimer/src/sl_sleeptimer.c.obj
 .bss.next_timer_to_expire_is_power_manager
                0x200011bc        0x1 CMakeFiles/slc.dir/base/C_/Users/conns/.silabs/slt/installs/conan/p/simpl418dd9bdfa44b/p/platform/service/sleeptimer/src/sl_sleeptimer.c.obj
 .bss.is_sleeptimer_initialized
                0x200011bd        0x1 CMakeFiles/slc.dir/base/C_/Users/conns/.silabs/slt/installs/conan/p/simpl418dd9bdfa44b/p/platform/service/sleeptimer/src/sl_sleeptimer.c.obj
 .bss.app_status.0
                0x200011be        0x1 CMakeFiles/slc.dir/base/C_/Users/conns/SimplicityStudio/bare_metal/blink_baremetal/app.c.obj
 .bss.timer_count
                0x200011bf        0x1 CMakeFiles/slc.dir/base/C_/Users/conns/SimplicityStudio/bare_metal/blink_baremetal/app.c.obj
                0x200011bf                timer_count
 .bss.blink_status.0
                0x200011c0        0x1 CMakeFiles/slc.dir/base/C_/Users/conns/SimplicityStudio/bare_metal/blink_baremetal/blink.c.obj
 .bss.blink_count.1
                0x200011c1        0x1 CMakeFiles/slc.dir/base/C_/Users/conns/SimplicityStudio/bare_metal/blink_baremetal/blink.c.obj
 .bss.button_count.0
                0x200011c2        0x1 CMakeFiles/blink_baremetal.dir/base/C_/Users/conns/SimplicityStudio/bare_metal/blink_baremetal/button.c.obj
 .bss.ka_status.1
                0x200011c3        0x1 CMakeFiles/blink_baremetal.dir/base/C_/Users/conns/SimplicityStudio/bare_metal/blink_baremetal/button.c.obj
 .bss.button_status
                0x200011c4        0x1 CMakeFiles/blink_baremetal.dir/base/C_/Users/conns/SimplicityStudio/bare_metal/blink_baremetal/button.c.obj
                0x200011c4                button_status
 *(COMMON)
                0x200011c8                . = ALIGN (0x4)
 *fill*         0x200011c5        0x3 
                0x200011c8                __bss_end__ = .

.noinit         0x200011c8        0x0
 *(.noinit*)
                0x200011c8                . = ALIGN (0x4)

text_application_ram
                0x200011c8        0x0 load address 0x00000134
                0x200011c8                . = ALIGN (0x4)
                0x200011c8                __vma_ramfuncs_start__ = .
                0x200011c8                __text_application_ram_start__ = .
 *(text_application_ram)
                0x200011c8                . = ALIGN (0x4)
                0x200011c8                __vma_ramfuncs_end__ = .
                0x200011c8                __text_application_ram_end__ = .

.rodata         0x00000134        0x0
                0x00000134                __lma_ramfuncs_end__ = .
                0x00000134                __rodata_start__ = .
                0x00000134                __rodata_end__ = .

.text           0x00000134     0x2ed4
                0x00000134                linker_code_begin = .
 *(SORT_BY_ALIGNMENT(.text*))
 .text.deregister_tm_clones
                0x00000134       0x1c c:/users/conns/.silabs/slt/installs/conan/p/gcc-ab83b3403fdca6/p/bin/../lib/gcc/arm-none-eabi/12.2.1/thumb/v8-m.main+fp/hard/crtbegin.o
 .text.register_tm_clones
                0x00000150       0x28 c:/users/conns/.silabs/slt/installs/conan/p/gcc-ab83b3403fdca6/p/bin/../lib/gcc/arm-none-eabi/12.2.1/thumb/v8-m.main+fp/hard/crtbegin.o
 .text.__do_global_dtors_aux
                0x00000178       0x28 c:/users/conns/.silabs/slt/installs/conan/p/gcc-ab83b3403fdca6/p/bin/../lib/gcc/arm-none-eabi/12.2.1/thumb/v8-m.main+fp/hard/crtbegin.o
 .text.frame_dummy
                0x000001a0       0x24 c:/users/conns/.silabs/slt/installs/conan/p/gcc-ab83b3403fdca6/p/bin/../lib/gcc/arm-none-eabi/12.2.1/thumb/v8-m.main+fp/hard/crtbegin.o
 .text          0x000001c4       0x7c c:/users/conns/.silabs/slt/installs/conan/p/gcc-ab83b3403fdca6/p/bin/../lib/gcc/arm-none-eabi/12.2.1/thumb/v8-m.main+fp/hard/crt0.o
                0x000001c4                _stack_init
                0x000001cc                _start
                0x000001cc                _mainCRTStartup
 .text.CopyToRam
                0x00000240       0x1c CMakeFiles/slc.dir/base/C_/Users/conns/.silabs/slt/installs/conan/p/simpl418dd9bdfa44b/p/platform/Device/SiliconLabs/EFR32MG21/Source/startup_efr32mg21.c.obj
                0x00000240                CopyToRam
 .text.Reset_Handler
                0x0000025c       0x64 CMakeFiles/slc.dir/base/C_/Users/conns/.silabs/slt/installs/conan/p/simpl418dd9bdfa44b/p/platform/Device/SiliconLabs/EFR32MG21/Source/startup_efr32mg21.c.obj
                0x0000025c                Reset_Handler
 .text.SystemInit
                0x000002c0       0x58 CMakeFiles/slc.dir/base/C_/Users/conns/.silabs/slt/installs/conan/p/simpl418dd9bdfa44b/p/platform/Device/SiliconLabs/EFR32MG21/Source/system_efr32mg21.c.obj
                0x000002c0                SystemInit
 .text.SystemHFRCODPLLClockSet
                0x00000318        0xc CMakeFiles/slc.dir/base/C_/Users/conns/.silabs/slt/installs/conan/p/simpl418dd9bdfa44b/p/platform/Device/SiliconLabs/EFR32MG21/Source/system_efr32mg21.c.obj
                0x00000318                SystemHFRCODPLLClockSet
 .text.sl_simple_button_init
                0x00000324       0x90 CMakeFiles/slc.dir/base/C_/Users/conns/.silabs/slt/installs/conan/p/simpl418dd9bdfa44b/p/platform/driver/button/src/sl_simple_button.c.obj
                0x00000324                sl_simple_button_init
 .text.sl_gpio_dispatch_interrupt
                0x000003b4       0x5c CMakeFiles/slc.dir/base/C_/Users/conns/.silabs/slt/installs/conan/p/simpl418dd9bdfa44b/p/platform/driver/gpio/src/sl_gpio.c.obj
 .text.sl_gpio_init
                0x00000410       0x38 CMakeFiles/slc.dir/base/C_/Users/conns/.silabs/slt/installs/conan/p/simpl418dd9bdfa44b/p/platform/driver/gpio/src/sl_gpio.c.obj
                0x00000410                sl_gpio_init
 .text.sl_gpio_set_pin_mode
                0x00000448       0x80 CMakeFiles/slc.dir/base/C_/Users/conns/.silabs/slt/installs/conan/p/simpl418dd9bdfa44b/p/platform/driver/gpio/src/sl_gpio.c.obj
                0x00000448                sl_gpio_set_pin_mode
 .text.sl_gpio_set_pin
                0x000004c8       0x58 CMakeFiles/slc.dir/base/C_/Users/conns/.silabs/slt/installs/conan/p/simpl418dd9bdfa44b/p/platform/driver/gpio/src/sl_gpio.c.obj
                0x000004c8                sl_gpio_set_pin
 .text.sl_gpio_clear_pin
                0x00000520       0x58 CMakeFiles/slc.dir/base/C_/Users/conns/.silabs/slt/installs/conan/p/simpl418dd9bdfa44b/p/platform/driver/gpio/src/sl_gpio.c.obj
                0x00000520                sl_gpio_clear_pin
 .text.sl_gpio_toggle_pin
                0x00000578       0x5c CMakeFiles/slc.dir/base/C_/Users/conns/.silabs/slt/installs/conan/p/simpl418dd9bdfa44b/p/platform/driver/gpio/src/sl_gpio.c.obj
                0x00000578                sl_gpio_toggle_pin
 .text.sl_gpio_get_pin_output
                0x000005d4       0x64 CMakeFiles/slc.dir/base/C_/Users/conns/.silabs/slt/installs/conan/p/simpl418dd9bdfa44b/p/platform/driver/gpio/src/sl_gpio.c.obj
                0x000005d4                sl_gpio_get_pin_output
 .text.sl_gpio_get_pin_input
                0x00000638       0x64 CMakeFiles/slc.dir/base/C_/Users/conns/.silabs/slt/installs/conan/p/simpl418dd9bdfa44b/p/platform/driver/gpio/src/sl_gpio.c.obj
                0x00000638                sl_gpio_get_pin_input
 .text.sl_gpio_configure_external_interrupt
                0x0000069c       0xe0 CMakeFiles/slc.dir/base/C_/Users/conns/.silabs/slt/installs/conan/p/simpl418dd9bdfa44b/p/platform/driver/gpio/src/sl_gpio.c.obj
                0x0000069c                sl_gpio_configure_external_interrupt
 .text.sl_gpio_deconfigure_external_interrupt
                0x0000077c       0x4c CMakeFiles/slc.dir/base/C_/Users/conns/.silabs/slt/installs/conan/p/simpl418dd9bdfa44b/p/platform/driver/gpio/src/sl_gpio.c.obj
                0x0000077c                sl_gpio_deconfigure_external_interrupt
 .text.sl_gpio_configure_wakeup_em4_interrupt
                0x000007c8       0xb8 CMakeFiles/slc.dir/base/C_/Users/conns/.silabs/slt/installs/conan/p/simpl418dd9bdfa44b/p/platform/driver/gpio/src/sl_gpio.c.obj
                0x000007c8                sl_gpio_configure_wakeup_em4_interrupt
 .text.GPIO_EVEN_IRQHandler
                0x00000880       0x1c CMakeFiles/slc.dir/base/C_/Users/conns/.silabs/slt/installs/conan/p/simpl418dd9bdfa44b/p/platform/driver/gpio/src/sl_gpio.c.obj
                0x00000880                GPIO_EVEN_IRQHandler
 .text.GPIO_ODD_IRQHandler
                0x0000089c       0x1c CMakeFiles/slc.dir/base/C_/Users/conns/.silabs/slt/installs/conan/p/simpl418dd9bdfa44b/p/platform/driver/gpio/src/sl_gpio.c.obj
                0x0000089c                GPIO_ODD_IRQHandler
 .text.sl_simple_led_init
                0x000008b8       0x34 CMakeFiles/slc.dir/base/C_/Users/conns/.silabs/slt/installs/conan/p/simpl418dd9bdfa44b/p/platform/driver/leddrv/src/sl_simple_led.c.obj
                0x000008b8                sl_simple_led_init
 .text.dpllRefClkGet
                0x000008ec       0x48 CMakeFiles/slc.dir/base/C_/Users/conns/.silabs/slt/installs/conan/p/simpl418dd9bdfa44b/p/platform/emlib/src/em_cmu.c.obj
 .text.em23GrpaClkGet
                0x00000934       0x48 CMakeFiles/slc.dir/base/C_/Users/conns/.silabs/slt/installs/conan/p/simpl418dd9bdfa44b/p/platform/emlib/src/em_cmu.c.obj
 .text.em4GrpaClkGet
                0x0000097c       0x48 CMakeFiles/slc.dir/base/C_/Users/conns/.silabs/slt/installs/conan/p/simpl418dd9bdfa44b/p/platform/emlib/src/em_cmu.c.obj
 .text.flashWaitStateControl
                0x000009c4       0x60 CMakeFiles/slc.dir/base/C_/Users/conns/.silabs/slt/installs/conan/p/simpl418dd9bdfa44b/p/platform/emlib/src/em_cmu.c.obj
 .text.em01GrpaClkGet
                0x00000a24       0x64 CMakeFiles/slc.dir/base/C_/Users/conns/.silabs/slt/installs/conan/p/simpl418dd9bdfa44b/p/platform/emlib/src/em_cmu.c.obj
 .text.iadcClkGet
                0x00000a88       0x60 CMakeFiles/slc.dir/base/C_/Users/conns/.silabs/slt/installs/conan/p/simpl418dd9bdfa44b/p/platform/emlib/src/em_cmu.c.obj
 .text.wdog0ClkGet
                0x00000ae8       0x64 CMakeFiles/slc.dir/base/C_/Users/conns/.silabs/slt/installs/conan/p/simpl418dd9bdfa44b/p/platform/emlib/src/em_cmu.c.obj
 .text.wdog1ClkGet
                0x00000b4c       0x64 CMakeFiles/slc.dir/base/C_/Users/conns/.silabs/slt/installs/conan/p/simpl418dd9bdfa44b/p/platform/emlib/src/em_cmu.c.obj
 .text.traceClkGet
                0x00000bb0       0x48 CMakeFiles/slc.dir/base/C_/Users/conns/.silabs/slt/installs/conan/p/simpl418dd9bdfa44b/p/platform/emlib/src/em_cmu.c.obj
 .text.rtccClkGet
                0x00000bf8       0x54 CMakeFiles/slc.dir/base/C_/Users/conns/.silabs/slt/installs/conan/p/simpl418dd9bdfa44b/p/platform/emlib/src/em_cmu.c.obj
 .text.HFRCODPLLDevinfoGet
                0x00000c4c      0x108 CMakeFiles/slc.dir/base/C_/Users/conns/.silabs/slt/installs/conan/p/simpl418dd9bdfa44b/p/platform/emlib/src/em_cmu.c.obj
 .text.CMU_ClockDivGet
                0x00000d54       0x50 CMakeFiles/slc.dir/base/C_/Users/conns/.silabs/slt/installs/conan/p/simpl418dd9bdfa44b/p/platform/emlib/src/em_cmu.c.obj
                0x00000d54                CMU_ClockDivGet
 .text.CMU_ClockFreqGet
                0x00000da4      0x104 CMakeFiles/slc.dir/base/C_/Users/conns/.silabs/slt/installs/conan/p/simpl418dd9bdfa44b/p/platform/emlib/src/em_cmu.c.obj
                0x00000da4                CMU_ClockFreqGet
 .text.pclkDivOptimize
                0x00000ea8       0x20 CMakeFiles/slc.dir/base/C_/Users/conns/.silabs/slt/installs/conan/p/simpl418dd9bdfa44b/p/platform/emlib/src/em_cmu.c.obj
 .text.CMU_ClockDivSet
                0x00000ec8       0xac CMakeFiles/slc.dir/base/C_/Users/conns/.silabs/slt/installs/conan/p/simpl418dd9bdfa44b/p/platform/emlib/src/em_cmu.c.obj
                0x00000ec8                CMU_ClockDivSet
 .text.CMU_ClockSelectGet
                0x00000f74       0xf8 CMakeFiles/slc.dir/base/C_/Users/conns/.silabs/slt/installs/conan/p/simpl418dd9bdfa44b/p/platform/emlib/src/em_cmu.c.obj
                0x00000f74                CMU_ClockSelectGet
 .text.sli_em_cmu_SYSCLKInitPreClockSelect
                0x0000106c       0x1c CMakeFiles/slc.dir/base/C_/Users/conns/.silabs/slt/installs/conan/p/simpl418dd9bdfa44b/p/platform/emlib/src/em_cmu.c.obj
                0x0000106c                sli_em_cmu_SYSCLKInitPreClockSelect
 .text.sli_em_cmu_SYSCLKInitPostClockSelect
                0x00001088       0x2c CMakeFiles/slc.dir/base/C_/Users/conns/.silabs/slt/installs/conan/p/simpl418dd9bdfa44b/p/platform/emlib/src/em_cmu.c.obj
                0x00001088                sli_em_cmu_SYSCLKInitPostClockSelect
 .text.sli_em_cmu_SYSTICEXTCLKENClear
                0x000010b4       0x10 CMakeFiles/slc.dir/base/C_/Users/conns/.silabs/slt/installs/conan/p/simpl418dd9bdfa44b/p/platform/emlib/src/em_cmu.c.obj
                0x000010b4                sli_em_cmu_SYSTICEXTCLKENClear
 .text.CMU_HFRCODPLLBandSet
                0x000010c4       0xd0 CMakeFiles/slc.dir/base/C_/Users/conns/.silabs/slt/installs/conan/p/simpl418dd9bdfa44b/p/platform/emlib/src/em_cmu.c.obj
                0x000010c4                CMU_HFRCODPLLBandSet
 .text.CMU_HFRCOEM23BandSet
                0x00001194      0x144 CMakeFiles/slc.dir/base/C_/Users/conns/.silabs/slt/installs/conan/p/simpl418dd9bdfa44b/p/platform/emlib/src/em_cmu.c.obj
                0x00001194                CMU_HFRCOEM23BandSet
 .text.EMU_EM4Init
                0x000012d8       0x14 CMakeFiles/slc.dir/base/C_/Users/conns/.silabs/slt/installs/conan/p/simpl418dd9bdfa44b/p/platform/emlib/src/em_emu.c.obj
                0x000012d8                EMU_EM4Init
 .text.RTCC_ChannelInit
                0x000012ec       0x48 CMakeFiles/slc.dir/base/C_/Users/conns/.silabs/slt/installs/conan/p/simpl418dd9bdfa44b/p/platform/emlib/src/em_rtcc.c.obj
                0x000012ec                RTCC_ChannelInit
 .text.RTCC_Enable
                0x00001334       0x54 CMakeFiles/slc.dir/base/C_/Users/conns/.silabs/slt/installs/conan/p/simpl418dd9bdfa44b/p/platform/emlib/src/em_rtcc.c.obj
                0x00001334                RTCC_Enable
 .text.RTCC_Init
                0x00001388       0x48 CMakeFiles/slc.dir/base/C_/Users/conns/.silabs/slt/installs/conan/p/simpl418dd9bdfa44b/p/platform/emlib/src/em_rtcc.c.obj
                0x00001388                RTCC_Init
 .text.SYSTEM_ChipRevisionGet
                0x000013d0       0x1c CMakeFiles/slc.dir/base/C_/Users/conns/.silabs/slt/installs/conan/p/simpl418dd9bdfa44b/p/platform/emlib/src/em_system.c.obj
                0x000013d0                SYSTEM_ChipRevisionGet
 .text.sl_hal_gpio_clear_pin
                0x000013ec       0x5c CMakeFiles/slc.dir/base/C_/Users/conns/.silabs/slt/installs/conan/p/simpl418dd9bdfa44b/p/platform/peripheral/src/sl_hal_gpio.c.obj
                0x000013ec                sl_hal_gpio_clear_pin
 .text.sl_hal_gpio_get_pin_input
                0x00001448       0x58 CMakeFiles/slc.dir/base/C_/Users/conns/.silabs/slt/installs/conan/p/simpl418dd9bdfa44b/p/platform/peripheral/src/sl_hal_gpio.c.obj
                0x00001448                sl_hal_gpio_get_pin_input
 .text.sl_hal_gpio_get_pin_output
                0x000014a0       0x58 CMakeFiles/slc.dir/base/C_/Users/conns/.silabs/slt/installs/conan/p/simpl418dd9bdfa44b/p/platform/peripheral/src/sl_hal_gpio.c.obj
                0x000014a0                sl_hal_gpio_get_pin_output
 .text.sl_hal_gpio_toggle_pin
                0x000014f8       0x5c CMakeFiles/slc.dir/base/C_/Users/conns/.silabs/slt/installs/conan/p/simpl418dd9bdfa44b/p/platform/peripheral/src/sl_hal_gpio.c.obj
                0x000014f8                sl_hal_gpio_toggle_pin
 .text.sl_hal_gpio_get_enabled_pending_interrupts
                0x00001554       0x14 CMakeFiles/slc.dir/base/C_/Users/conns/.silabs/slt/installs/conan/p/simpl418dd9bdfa44b/p/platform/peripheral/src/sl_hal_gpio.c.obj
                0x00001554                sl_hal_gpio_get_enabled_pending_interrupts
 .text.sl_hal_gpio_get_em4_interrupt_number
                0x00001568       0x68 CMakeFiles/slc.dir/base/C_/Users/conns/.silabs/slt/installs/conan/p/simpl418dd9bdfa44b/p/platform/peripheral/src/sl_hal_gpio.c.obj
                0x00001568                sl_hal_gpio_get_em4_interrupt_number
 .text.sl_hal_gpio_set_pin_em4_retention
                0x000015d0       0x20 CMakeFiles/slc.dir/base/C_/Users/conns/.silabs/slt/installs/conan/p/simpl418dd9bdfa44b/p/platform/peripheral/src/sl_hal_gpio.c.obj
                0x000015d0                sl_hal_gpio_set_pin_em4_retention
 .text.sl_hal_gpio_set_pin_mode
                0x000015f0       0xd8 CMakeFiles/slc.dir/base/C_/Users/conns/.silabs/slt/installs/conan/p/simpl418dd9bdfa44b/p/platform/peripheral/src/sl_hal_gpio.c.obj
                0x000015f0                sl_hal_gpio_set_pin_mode
 .text.sl_hal_gpio_configure_external_interrupt
                0x000016c8      0x148 CMakeFiles/slc.dir/base/C_/Users/conns/.silabs/slt/installs/conan/p/simpl418dd9bdfa44b/p/platform/peripheral/src/sl_hal_gpio.c.obj
                0x000016c8                sl_hal_gpio_configure_external_interrupt
 .text.sl_hal_gpio_enable_pin_em4_wakeup
                0x00001810       0x68 CMakeFiles/slc.dir/base/C_/Users/conns/.silabs/slt/installs/conan/p/simpl418dd9bdfa44b/p/platform/peripheral/src/sl_hal_gpio.c.obj
                0x00001810                sl_hal_gpio_enable_pin_em4_wakeup
 .text.sl_hal_gpio_configure_wakeup_em4_external_interrupt
                0x00001878       0x8c CMakeFiles/slc.dir/base/C_/Users/conns/.silabs/slt/installs/conan/p/simpl418dd9bdfa44b/p/platform/peripheral/src/sl_hal_gpio.c.obj
                0x00001878                sl_hal_gpio_configure_wakeup_em4_external_interrupt
 .text.sli_clock_manager_hal_init
                0x00001904      0x108 CMakeFiles/slc.dir/base/C_/Users/conns/.silabs/slt/installs/conan/p/simpl418dd9bdfa44b/p/platform/service/clock_manager/src/sl_clock_manager_init_hal_s2.c.obj
                0x00001904                sli_clock_manager_hal_init
 .text.sl_device_init_emu
                0x00001a0c       0x24 CMakeFiles/slc.dir/base/C_/Users/conns/.silabs/slt/installs/conan/p/simpl418dd9bdfa44b/p/platform/service/device_init/src/sl_device_init_emu_s2.c.obj
                0x00001a0c                sl_device_init_emu
 .text.sl_interrupt_manager_enable_irq
                0x00001a30       0x34 CMakeFiles/slc.dir/base/C_/Users/conns/.silabs/slt/installs/conan/p/simpl418dd9bdfa44b/p/platform/service/interrupt_manager/src/sl_interrupt_manager_cortexm.c.obj
                0x00001a30                sl_interrupt_manager_enable_irq
 .text.sl_interrupt_manager_is_irq_disabled
                0x00001a64       0x30 CMakeFiles/slc.dir/base/C_/Users/conns/.silabs/slt/installs/conan/p/simpl418dd9bdfa44b/p/platform/service/interrupt_manager/src/sl_interrupt_manager_cortexm.c.obj
                0x00001a64                sl_interrupt_manager_is_irq_disabled
 .text.sl_interrupt_manager_clear_irq_pending
                0x00001a94       0x1c CMakeFiles/slc.dir/base/C_/Users/conns/.silabs/slt/installs/conan/p/simpl418dd9bdfa44b/p/platform/service/interrupt_manager/src/sl_interrupt_manager_cortexm.c.obj
                0x00001a94                sl_interrupt_manager_clear_irq_pending
 .text.sl_interrupt_manager_set_irq_priority
                0x00001ab0       0x50 CMakeFiles/slc.dir/base/C_/Users/conns/.silabs/slt/installs/conan/p/simpl418dd9bdfa44b/p/platform/service/interrupt_manager/src/sl_interrupt_manager_cortexm.c.obj
                0x00001ab0                sl_interrupt_manager_set_irq_priority
 .text.sl_interrupt_manager_init
                0x00001b00       0x34 CMakeFiles/slc.dir/base/C_/Users/conns/.silabs/slt/installs/conan/p/simpl418dd9bdfa44b/p/platform/service/interrupt_manager/src/sl_interrupt_manager_cortexm.c.obj
                0x00001b00                sl_interrupt_manager_init
 .text.sl_sleeptimer_init
                0x00001b34       0x74 CMakeFiles/slc.dir/base/C_/Users/conns/.silabs/slt/installs/conan/p/simpl418dd9bdfa44b/p/platform/service/sleeptimer/src/sl_sleeptimer.c.obj
                0x00001b34                sl_sleeptimer_init
 .text.sleeptimer_hal_init_timer
                0x00001ba8       0x80 CMakeFiles/slc.dir/base/C_/Users/conns/.silabs/slt/installs/conan/p/simpl418dd9bdfa44b/p/platform/service/sleeptimer/src/sl_sleeptimer_hal_rtcc.c.obj
                0x00001ba8                sleeptimer_hal_init_timer
 .text.RTCC_IRQHandler
                0x00001c28       0x34 CMakeFiles/slc.dir/base/C_/Users/conns/.silabs/slt/installs/conan/p/simpl418dd9bdfa44b/p/platform/service/sleeptimer/src/sl_sleeptimer_hal_rtcc.c.obj
                0x00001c28                RTCC_IRQHandler
 .text.on_timeout
                0x00001c5c       0x10 CMakeFiles/slc.dir/base/C_/Users/conns/SimplicityStudio/bare_metal/blink_baremetal/app.c.obj
 .text.app_init
                0x00001c6c       0x24 CMakeFiles/slc.dir/base/C_/Users/conns/SimplicityStudio/bare_metal/blink_baremetal/app.c.obj
                0x00001c6c                app_init
 .text.get_timer_count
                0x00001c90        0xc CMakeFiles/slc.dir/base/C_/Users/conns/SimplicityStudio/bare_metal/blink_baremetal/app.c.obj
                0x00001c90                get_timer_count
 .text.app_handle
                0x00001c9c       0x64 CMakeFiles/slc.dir/base/C_/Users/conns/SimplicityStudio/bare_metal/blink_baremetal/app.c.obj
                0x00001c9c                app_handle
 .text.sl_platform_init
                0x00001d00       0xa0 CMakeFiles/slc.dir/base/C_/Users/conns/SimplicityStudio/bare_metal/blink_baremetal/autogen/sl_event_handler.c.obj
                0x00001d00                sl_platform_init
 .text.sl_simple_button_init_instances
                0x00001da0        0xc CMakeFiles/slc.dir/base/C_/Users/conns/SimplicityStudio/bare_metal/blink_baremetal/autogen/sl_simple_button_instances.c.obj
                0x00001da0                sl_simple_button_init_instances
 .text.sl_simple_led_init_instances
                0x00001dac        0xc CMakeFiles/slc.dir/base/C_/Users/conns/SimplicityStudio/bare_metal/blink_baremetal/autogen/sl_simple_led_instances.c.obj
                0x00001dac                sl_simple_led_init_instances
 .text.blink_process_action
                0x00001db8       0x4c CMakeFiles/slc.dir/base/C_/Users/conns/SimplicityStudio/bare_metal/blink_baremetal/blink.c.obj
                0x00001db8                blink_process_action
 .text.button_handle
                0x00001e04       0x78 CMakeFiles/blink_baremetal.dir/base/C_/Users/conns/SimplicityStudio/bare_metal/blink_baremetal/button.c.obj
                0x00001e04                button_handle
 .text.get_button_status
                0x00001e7c       0x10 CMakeFiles/blink_baremetal.dir/base/C_/Users/conns/SimplicityStudio/bare_metal/blink_baremetal/button.c.obj
                0x00001e7c                get_button_status
 .text          0x00001e8c       0x30 c:/users/conns/.silabs/slt/installs/conan/p/gcc-ab83b3403fdca6/p/bin/../lib/gcc/arm-none-eabi/12.2.1/thumb/v8-m.main+fp/hard\libgcc.a(_aeabi_uldivmod.o)
                0x00001e8c                __aeabi_uldivmod
 .text.__udivmoddi4
                0x00001ebc      0x2ec c:/users/conns/.silabs/slt/installs/conan/p/gcc-ab83b3403fdca6/p/bin/../lib/gcc/arm-none-eabi/12.2.1/thumb/v8-m.main+fp/hard\libgcc.a(_udivmoddi4.o)
                0x00001ebc                __udivmoddi4
 .text          0x000021a8        0x4 c:/users/conns/.silabs/slt/installs/conan/p/gcc-ab83b3403fdca6/p/bin/../lib/gcc/arm-none-eabi/12.2.1/thumb/v8-m.main+fp/hard\libgcc.a(_dvmd_tls.o)
                0x000021a8                __aeabi_idiv0
                0x000021a8                __aeabi_ldiv0
 .text.exit     0x000021ac       0x24 c:/users/conns/.silabs/slt/installs/conan/p/gcc-ab83b3403fdca6/p/bin/../lib/gcc/arm-none-eabi/12.2.1/thumb/v8-m.main+fp/hard\libc_nano.a(libc_a-exit.o)
                0x000021ac                exit
 .text.__libc_init_array
                0x000021d0       0x48 c:/users/conns/.silabs/slt/installs/conan/p/gcc-ab83b3403fdca6/p/bin/../lib/gcc/arm-none-eabi/12.2.1/thumb/v8-m.main+fp/hard\libc_nano.a(libc_a-init.o)
                0x000021d0                __libc_init_array
 .text.assertEFM
                0x00002218        0x2 CMakeFiles/slc.dir/base/C_/Users/conns/.silabs/slt/installs/conan/p/simpl418dd9bdfa44b/p/platform/common/src/sl_assert.c.obj
                0x00002218                assertEFM
 .text._exit    0x0000221a        0x2 CMakeFiles/slc.dir/base/C_/Users/conns/.silabs/slt/installs/conan/p/simpl418dd9bdfa44b/p/platform/common/src/sl_syscalls.c.obj
                0x0000221a                _exit
 .text.Default_Handler
                0x0000221c        0x2 CMakeFiles/slc.dir/base/C_/Users/conns/.silabs/slt/installs/conan/p/simpl418dd9bdfa44b/p/platform/Device/SiliconLabs/EFR32MG21/Source/startup_efr32mg21.c.obj
                0x0000221c                ULFRCO_IRQHandler
                0x0000221c                SW2_IRQHandler
                0x0000221c                TIMER2_IRQHandler
                0x0000221c                DebugMon_Handler
                0x0000221c                USART0_TX_IRQHandler
                0x0000221c                PRORTC_IRQHandler
                0x0000221c                IADC_IRQHandler
                0x0000221c                I2C0_IRQHandler
                0x0000221c                LFXO_IRQHandler
                0x0000221c                HardFault_Handler
                0x0000221c                SMU_SECURE_IRQHandler
                0x0000221c                SysTick_Handler
                0x0000221c                USART1_RX_IRQHandler
                0x0000221c                PendSV_Handler
                0x0000221c                NMI_Handler
                0x0000221c                SYNTH_IRQHandler
                0x0000221c                I2C1_IRQHandler
                0x0000221c                WDOG0_IRQHandler
                0x0000221c                TIMER3_IRQHandler
                0x0000221c                SYSCFG_IRQHandler
                0x0000221c                EMUSE_IRQHandler
                0x0000221c                EMUDG_IRQHandler
                0x0000221c                USART1_TX_IRQHandler
                0x0000221c                SMU_PRIVILEGED_IRQHandler
                0x0000221c                MSC_IRQHandler
                0x0000221c                DPLL0_IRQHandler
                0x0000221c                UsageFault_Handler
                0x0000221c                WDOG1_IRQHandler
                0x0000221c                M33CTI1_IRQHandler
                0x0000221c                LDMA_IRQHandler
                0x0000221c                SEMBTX_IRQHandler
                0x0000221c                SW0_IRQHandler
                0x0000221c                TIMER0_IRQHandler
                0x0000221c                LETIMER0_IRQHandler
                0x0000221c                TIMER1_IRQHandler
                0x0000221c                HFRCO0_IRQHandler
                0x0000221c                SecureFault_Handler
                0x0000221c                BUFC_IRQHandler
                0x0000221c                MODEM_IRQHandler
                0x0000221c                USART2_RX_IRQHandler
                0x0000221c                Default_Handler
                0x0000221c                RAC_SEQ_IRQHandler
                0x0000221c                FRC_PRI_IRQHandler
                0x0000221c                EMU_IRQHandler
                0x0000221c                SW3_IRQHandler
                0x0000221c                KERNEL0_IRQHandler
                0x0000221c                FRC_IRQHandler
                0x0000221c                KERNEL1_IRQHandler
                0x0000221c                AGC_IRQHandler
                0x0000221c                sl_app_properties
                0x0000221c                HFRCOEM23_IRQHandler
                0x0000221c                BURTC_IRQHandler
                0x0000221c                SEMBRX_IRQHandler
                0x0000221c                LFRCO_IRQHandler
                0x0000221c                ACMP0_IRQHandler
                0x0000221c                USART0_RX_IRQHandler
                0x0000221c                MemManage_Handler
                0x0000221c                SVC_Handler
                0x0000221c                HFXO00_IRQHandler
                0x0000221c                SW1_IRQHandler
                0x0000221c                CMU_IRQHandler
                0x0000221c                RAC_RSM_IRQHandler
                0x0000221c                SETAMPERHOST_IRQHandler
                0x0000221c                AES_IRQHandler
                0x0000221c                M33CTI0_IRQHandler
                0x0000221c                ICACHE0_IRQHandler
                0x0000221c                PROTIMER_IRQHandler
                0x0000221c                ACMP1_IRQHandler
                0x0000221c                BusFault_Handler
                0x0000221c                USART2_TX_IRQHandler
 .text.CopyInstructions
                0x0000221e       0x1a CMakeFiles/slc.dir/base/C_/Users/conns/.silabs/slt/installs/conan/p/simpl418dd9bdfa44b/p/platform/Device/SiliconLabs/EFR32MG21/Source/startup_efr32mg21.c.obj
                0x0000221e                CopyInstructions
 .text.sl_button_init
                0x00002238        0xa CMakeFiles/slc.dir/base/C_/Users/conns/.silabs/slt/installs/conan/p/simpl418dd9bdfa44b/p/platform/driver/button/src/sl_button.c.obj
                0x00002238                sl_button_init
 .text.sl_button_poll_step
                0x00002242        0x8 CMakeFiles/slc.dir/base/C_/Users/conns/.silabs/slt/installs/conan/p/simpl418dd9bdfa44b/p/platform/driver/button/src/sl_button.c.obj
                0x00002242                sl_button_poll_step
 .text.sl_button_on_change
                0x0000224a        0x2 CMakeFiles/slc.dir/base/C_/Users/conns/.silabs/slt/installs/conan/p/simpl418dd9bdfa44b/p/platform/driver/button/src/sl_button.c.obj
                0x0000224a                sl_button_on_change
 .text.sli_simple_button_on_change
                0x0000224c       0x30 CMakeFiles/slc.dir/base/C_/Users/conns/.silabs/slt/installs/conan/p/simpl418dd9bdfa44b/p/platform/driver/button/src/sl_simple_button.c.obj
 .text.sl_simple_button_get_state
                0x0000227c        0x6 CMakeFiles/slc.dir/base/C_/Users/conns/.silabs/slt/installs/conan/p/simpl418dd9bdfa44b/p/platform/driver/button/src/sl_simple_button.c.obj
                0x0000227c                sl_simple_button_get_state
 .text.sl_simple_button_poll_step
                0x00002282       0x58 CMakeFiles/slc.dir/base/C_/Users/conns/.silabs/slt/installs/conan/p/simpl418dd9bdfa44b/p/platform/driver/button/src/sl_simple_button.c.obj
                0x00002282                sl_simple_button_poll_step
 .text.sl_simple_button_enable
                0x000022da       0x12 CMakeFiles/slc.dir/base/C_/Users/conns/.silabs/slt/installs/conan/p/simpl418dd9bdfa44b/p/platform/driver/button/src/sl_simple_button.c.obj
                0x000022da                sl_simple_button_enable
 .text.sl_simple_button_disable
                0x000022ec       0x1c CMakeFiles/slc.dir/base/C_/Users/conns/.silabs/slt/installs/conan/p/simpl418dd9bdfa44b/p/platform/driver/button/src/sl_simple_button.c.obj
                0x000022ec                sl_simple_button_disable
 .text.sl_led_init
                0x00002308        0x6 CMakeFiles/slc.dir/base/C_/Users/conns/.silabs/slt/installs/conan/p/simpl418dd9bdfa44b/p/platform/driver/leddrv/src/sl_led.c.obj
                0x00002308                sl_led_init
 .text.sl_led_turn_on
                0x0000230e        0x6 CMakeFiles/slc.dir/base/C_/Users/conns/.silabs/slt/installs/conan/p/simpl418dd9bdfa44b/p/platform/driver/leddrv/src/sl_led.c.obj
                0x0000230e                sl_led_turn_on
 .text.sl_led_turn_off
                0x00002314        0x6 CMakeFiles/slc.dir/base/C_/Users/conns/.silabs/slt/installs/conan/p/simpl418dd9bdfa44b/p/platform/driver/leddrv/src/sl_led.c.obj
                0x00002314                sl_led_turn_off
 .text.sl_simple_led_turn_on
                0x0000231a       0x24 CMakeFiles/slc.dir/base/C_/Users/conns/.silabs/slt/installs/conan/p/simpl418dd9bdfa44b/p/platform/driver/leddrv/src/sl_simple_led.c.obj
                0x0000231a                sl_simple_led_turn_on
 .text.sl_simple_led_turn_off
                0x0000233e       0x24 CMakeFiles/slc.dir/base/C_/Users/conns/.silabs/slt/installs/conan/p/simpl418dd9bdfa44b/p/platform/driver/leddrv/src/sl_simple_led.c.obj
                0x0000233e                sl_simple_led_turn_off
 .text.sl_simple_led_toggle
                0x00002362       0x1a CMakeFiles/slc.dir/base/C_/Users/conns/.silabs/slt/installs/conan/p/simpl418dd9bdfa44b/p/platform/driver/leddrv/src/sl_simple_led.c.obj
                0x00002362                sl_simple_led_toggle
 .text.sl_simple_led_get_state
                0x0000237c       0x2a CMakeFiles/slc.dir/base/C_/Users/conns/.silabs/slt/installs/conan/p/simpl418dd9bdfa44b/p/platform/driver/leddrv/src/sl_simple_led.c.obj
                0x0000237c                sl_simple_led_get_state
 .text.waitStateMax
                0x000023a6       0x10 CMakeFiles/slc.dir/base/C_/Users/conns/.silabs/slt/installs/conan/p/simpl418dd9bdfa44b/p/platform/emlib/src/em_cmu.c.obj
 .text.pclkDivMax
                0x000023b6        0x8 CMakeFiles/slc.dir/base/C_/Users/conns/.silabs/slt/installs/conan/p/simpl418dd9bdfa44b/p/platform/emlib/src/em_cmu.c.obj
 .text.RTCC_SyncWait
                0x000023be       0x10 CMakeFiles/slc.dir/base/C_/Users/conns/.silabs/slt/installs/conan/p/simpl418dd9bdfa44b/p/platform/emlib/src/em_rtcc.c.obj
 .text.sl_hal_bus_reg_write_mask
                0x000023ce       0x1e CMakeFiles/slc.dir/base/C_/Users/conns/.silabs/slt/installs/conan/p/simpl418dd9bdfa44b/p/platform/peripheral/src/sl_hal_gpio.c.obj
 .text.sl_hal_gpio_get_external_interrupt_number
                0x000023ec       0x34 CMakeFiles/slc.dir/base/C_/Users/conns/.silabs/slt/installs/conan/p/simpl418dd9bdfa44b/p/platform/peripheral/src/sl_hal_gpio.c.obj
                0x000023ec                sl_hal_gpio_get_external_interrupt_number
 .text.sl_clock_manager_runtime_init
                0x00002420        0x4 CMakeFiles/slc.dir/base/C_/Users/conns/.silabs/slt/installs/conan/p/simpl418dd9bdfa44b/p/platform/service/clock_manager/src/sl_clock_manager.c.obj
                0x00002420                sl_clock_manager_runtime_init
 .text.sl_clock_manager_enable_bus_clock
                0x00002424        0x6 CMakeFiles/slc.dir/base/C_/Users/conns/.silabs/slt/installs/conan/p/simpl418dd9bdfa44b/p/platform/service/clock_manager/src/sl_clock_manager.c.obj
                0x00002424                sl_clock_manager_enable_bus_clock
 .text.sli_clock_manager_hal_runtime_init
                0x0000242a        0x4 CMakeFiles/slc.dir/base/C_/Users/conns/.silabs/slt/installs/conan/p/simpl418dd9bdfa44b/p/platform/service/clock_manager/src/sl_clock_manager_hal_s2.c.obj
                0x0000242a                sli_clock_manager_hal_runtime_init
 .text.sli_clock_manager_hal_enable_bus_clock
                0x0000242e        0x4 CMakeFiles/slc.dir/base/C_/Users/conns/.silabs/slt/installs/conan/p/simpl418dd9bdfa44b/p/platform/service/clock_manager/src/sl_clock_manager_hal_s2.c.obj
                0x0000242e                sli_clock_manager_hal_enable_bus_clock
 .text.sl_clock_manager_init
                0x00002432        0x4 CMakeFiles/slc.dir/base/C_/Users/conns/.silabs/slt/installs/conan/p/simpl418dd9bdfa44b/p/platform/service/clock_manager/src/sl_clock_manager_init.c.obj
                0x00002432                sl_clock_manager_init
 .text.sleeptimer_hal_presc_to_log2.constprop.0
                0x00002436        0x4 CMakeFiles/slc.dir/base/C_/Users/conns/.silabs/slt/installs/conan/p/simpl418dd9bdfa44b/p/platform/service/sleeptimer/src/sl_sleeptimer_hal_rtcc.c.obj
 .text.sl_system_init
                0x0000243a       0x1a CMakeFiles/slc.dir/base/C_/Users/conns/.silabs/slt/installs/conan/p/simpl418dd9bdfa44b/p/platform/service/system/src/sl_system_init.c.obj
                0x0000243a                sl_system_init
 .text.sl_system_process_action
                0x00002454       0x16 CMakeFiles/slc.dir/base/C_/Users/conns/.silabs/slt/installs/conan/p/simpl418dd9bdfa44b/p/platform/service/system/src/sl_system_process_action.c.obj
                0x00002454                sl_system_process_action
 .text.app_process_action
                0x0000246a        0xe CMakeFiles/slc.dir/base/C_/Users/conns/SimplicityStudio/bare_metal/blink_baremetal/app.c.obj
                0x0000246a                app_process_action
 .text.sl_driver_init
                0x00002478       0x12 CMakeFiles/slc.dir/base/C_/Users/conns/SimplicityStudio/bare_metal/blink_baremetal/autogen/sl_event_handler.c.obj
                0x00002478                sl_driver_init
 .text.sl_service_init
                0x0000248a        0x4 CMakeFiles/slc.dir/base/C_/Users/conns/SimplicityStudio/bare_metal/blink_baremetal/autogen/sl_event_handler.c.obj
                0x0000248a                sl_service_init
 .text.sl_stack_init
                0x0000248e        0x2 CMakeFiles/slc.dir/base/C_/Users/conns/SimplicityStudio/bare_metal/blink_baremetal/autogen/sl_event_handler.c.obj
                0x0000248e                sl_stack_init
 .text.sl_internal_app_init
                0x00002490        0x2 CMakeFiles/slc.dir/base/C_/Users/conns/SimplicityStudio/bare_metal/blink_baremetal/autogen/sl_event_handler.c.obj
                0x00002490                sl_internal_app_init
 .text.sl_platform_process_action
                0x00002492        0x2 CMakeFiles/slc.dir/base/C_/Users/conns/SimplicityStudio/bare_metal/blink_baremetal/autogen/sl_event_handler.c.obj
                0x00002492                sl_platform_process_action
 .text.sl_service_process_action
                0x00002494        0x2 CMakeFiles/slc.dir/base/C_/Users/conns/SimplicityStudio/bare_metal/blink_baremetal/autogen/sl_event_handler.c.obj
                0x00002494                sl_service_process_action
 .text.sl_stack_process_action
                0x00002496        0x2 CMakeFiles/slc.dir/base/C_/Users/conns/SimplicityStudio/bare_metal/blink_baremetal/autogen/sl_event_handler.c.obj
                0x00002496                sl_stack_process_action
 .text.sl_internal_app_process_action
                0x00002498        0x2 CMakeFiles/slc.dir/base/C_/Users/conns/SimplicityStudio/bare_metal/blink_baremetal/autogen/sl_event_handler.c.obj
                0x00002498                sl_internal_app_process_action
 .text.startup.main
                0x0000249a       0x14 CMakeFiles/slc.dir/base/C_/Users/conns/SimplicityStudio/bare_metal/blink_baremetal/main.c.obj
                0x0000249a                main
 .text.memset   0x000024ae       0x10 c:/users/conns/.silabs/slt/installs/conan/p/gcc-ab83b3403fdca6/p/bin/../lib/gcc/arm-none-eabi/12.2.1/thumb/v8-m.main+fp/hard\libc_nano.a(libc_a-memset.o)
                0x000024ae                memset
 *(SORT_BY_ALIGNMENT(text_*))
 *fill*         0x000024be        0x2 
 text_system_timecritical19196
                0x000024c0        0xc CMakeFiles/slc.dir/base/C_/Users/conns/.silabs/slt/installs/conan/p/simpl418dd9bdfa44b/p/platform/Device/SiliconLabs/EFR32MG21/Source/system_efr32mg21.c.obj
                0x000024c0                SystemHFRCODPLLClockGet
 text_system_timecritical20199
                0x000024cc       0x40 CMakeFiles/slc.dir/base/C_/Users/conns/.silabs/slt/installs/conan/p/simpl418dd9bdfa44b/p/platform/Device/SiliconLabs/EFR32MG21/Source/system_efr32mg21.c.obj
                0x000024cc                SystemSYSCLKGet
 text_system_timecritical16152
                0x0000250c       0x24 CMakeFiles/slc.dir/base/C_/Users/conns/.silabs/slt/installs/conan/p/simpl418dd9bdfa44b/p/platform/Device/SiliconLabs/EFR32MG21/Source/system_efr32mg21.c.obj
                0x0000250c                SystemHCLKGet
 text_system_timecritical21201
                0x00002530        0x8 CMakeFiles/slc.dir/base/C_/Users/conns/.silabs/slt/installs/conan/p/simpl418dd9bdfa44b/p/platform/Device/SiliconLabs/EFR32MG21/Source/system_efr32mg21.c.obj
                0x00002530                SystemMaxCoreClockGet
 text_system_timecritical22203
                0x00002538        0x8 CMakeFiles/slc.dir/base/C_/Users/conns/.silabs/slt/installs/conan/p/simpl418dd9bdfa44b/p/platform/Device/SiliconLabs/EFR32MG21/Source/system_efr32mg21.c.obj
                0x00002538                SystemFSRCOClockGet
 text_system_timecritical23205
                0x00002540        0xc CMakeFiles/slc.dir/base/C_/Users/conns/.silabs/slt/installs/conan/p/simpl418dd9bdfa44b/p/platform/Device/SiliconLabs/EFR32MG21/Source/system_efr32mg21.c.obj
                0x00002540                SystemHFXOClockGet
 text_system_timecritical24208
                0x0000254c        0x8 CMakeFiles/slc.dir/base/C_/Users/conns/.silabs/slt/installs/conan/p/simpl418dd9bdfa44b/p/platform/Device/SiliconLabs/EFR32MG21/Source/system_efr32mg21.c.obj
                0x0000254c                SystemCLKIN0Get
 text_system_timecritical25210
                0x00002554       0x88 CMakeFiles/slc.dir/base/C_/Users/conns/.silabs/slt/installs/conan/p/simpl418dd9bdfa44b/p/platform/Device/SiliconLabs/EFR32MG21/Source/system_efr32mg21.c.obj
                0x00002554                SystemHFRCOEM23ClockGet
 text_system_timecritical26212
                0x000025dc        0xc CMakeFiles/slc.dir/base/C_/Users/conns/.silabs/slt/installs/conan/p/simpl418dd9bdfa44b/p/platform/Device/SiliconLabs/EFR32MG21/Source/system_efr32mg21.c.obj
                0x000025dc                SystemLFXOClockGet
 text_hal_gpio_timecritical29416
                0x000025e8       0x5c CMakeFiles/slc.dir/base/C_/Users/conns/.silabs/slt/installs/conan/p/simpl418dd9bdfa44b/p/platform/peripheral/src/sl_hal_gpio.c.obj
                0x000025e8                sl_hal_gpio_set_pin
 text_sleeptimer_timecritical66121
                0x00002644       0x40 CMakeFiles/slc.dir/base/C_/Users/conns/.silabs/slt/installs/conan/p/simpl418dd9bdfa44b/p/platform/service/sleeptimer/src/sl_sleeptimer.c.obj
 text_sleeptimer_timecritical67125
                0x00002684       0x3c CMakeFiles/slc.dir/base/C_/Users/conns/.silabs/slt/installs/conan/p/simpl418dd9bdfa44b/p/platform/service/sleeptimer/src/sl_sleeptimer.c.obj
 text_sleeptimer_timecritical69131
                0x000026c0       0x34 CMakeFiles/slc.dir/base/C_/Users/conns/.silabs/slt/installs/conan/p/simpl418dd9bdfa44b/p/platform/service/sleeptimer/src/sl_sleeptimer.c.obj
 text_sleeptimer_timecritical68128
                0x000026f4       0x64 CMakeFiles/slc.dir/base/C_/Users/conns/.silabs/slt/installs/conan/p/simpl418dd9bdfa44b/p/platform/service/sleeptimer/src/sl_sleeptimer.c.obj
 text_sleeptimer_timecritical72140
                0x00002758       0x88 CMakeFiles/slc.dir/base/C_/Users/conns/.silabs/slt/installs/conan/p/simpl418dd9bdfa44b/p/platform/service/sleeptimer/src/sl_sleeptimer.c.obj
 text_sleeptimer_timecritical34276
                0x000027e0       0x3c CMakeFiles/slc.dir/base/C_/Users/conns/.silabs/slt/installs/conan/p/simpl418dd9bdfa44b/p/platform/service/sleeptimer/src/sl_sleeptimer.c.obj
                0x000027e0                sl_sleeptimer_is_timer_running
 text_sleeptimer_timecritical41706
                0x0000281c       0x3c CMakeFiles/slc.dir/base/C_/Users/conns/.silabs/slt/installs/conan/p/simpl418dd9bdfa44b/p/platform/service/sleeptimer/src/sl_sleeptimer.c.obj
                0x0000281c                sl_sleeptimer_ms32_to_tick
 text_sleeptimer_timecritical47874
                0x00002858       0x78 CMakeFiles/slc.dir/base/C_/Users/conns/.silabs/slt/installs/conan/p/simpl418dd9bdfa44b/p/platform/service/sleeptimer/src/sl_sleeptimer.c.obj
                0x00002858                sl_sleeptimer_start_periodic_timer_ms
 text_sleeptimer_timecritical65151
                0x000028d0      0x148 CMakeFiles/slc.dir/base/C_/Users/conns/.silabs/slt/installs/conan/p/simpl418dd9bdfa44b/p/platform/service/sleeptimer/src/sl_sleeptimer.c.obj
                0x000028d0                process_timer_irq
 text_sleeptimer_timecritical5670
                0x00002a18       0x64 CMakeFiles/slc.dir/base/C_/Users/conns/.silabs/slt/installs/conan/p/simpl418dd9bdfa44b/p/platform/service/sleeptimer/src/sl_sleeptimer_hal_rtcc.c.obj
                0x00002a18                sleeptimer_hal_set_compare
 text_sleeptimer_timecritical5885
                0x00002a7c       0x20 CMakeFiles/slc.dir/base/C_/Users/conns/.silabs/slt/installs/conan/p/simpl418dd9bdfa44b/p/platform/service/sleeptimer/src/sl_sleeptimer_hal_rtcc.c.obj
                0x00002a7c                sleeptimer_hal_get_timer_frequency
 text_sleeptimer_timecritical60101
                0x00002a9c       0x30 CMakeFiles/slc.dir/base/C_/Users/conns/.silabs/slt/installs/conan/p/simpl418dd9bdfa44b/p/platform/service/sleeptimer/src/sl_sleeptimer_hal_rtcc.c.obj
                0x00002a9c                sleeptimer_hal_disable_int
 text_sleeptimer_timecritical61109
                0x00002acc       0x10 CMakeFiles/slc.dir/base/C_/Users/conns/.silabs/slt/installs/conan/p/simpl418dd9bdfa44b/p/platform/service/sleeptimer/src/sl_sleeptimer_hal_rtcc.c.obj
                0x00002acc                sleeptimer_hal_set_int
 text_core_timecritical2316
                0x00002adc        0xa CMakeFiles/slc.dir/base/C_/Users/conns/.silabs/slt/installs/conan/p/simpl418dd9bdfa44b/p/platform/common/src/sl_core_cortexm.c.obj
                0x00002adc                CORE_ExitCritical
 text_core_timecritical4340
                0x00002ae6        0x8 CMakeFiles/slc.dir/base/C_/Users/conns/.silabs/slt/installs/conan/p/simpl418dd9bdfa44b/p/platform/common/src/sl_core_cortexm.c.obj
                0x00002ae6                CORE_EnterCritical
 text_core_timecritical7389
                0x00002aee        0xa CMakeFiles/slc.dir/base/C_/Users/conns/.silabs/slt/installs/conan/p/simpl418dd9bdfa44b/p/platform/common/src/sl_core_cortexm.c.obj
                0x00002aee                CORE_ExitAtomic
 text_core_timecritical9421
                0x00002af8        0xc CMakeFiles/slc.dir/base/C_/Users/conns/.silabs/slt/installs/conan/p/simpl418dd9bdfa44b/p/platform/common/src/sl_core_cortexm.c.obj
                0x00002af8                CORE_EnterAtomic
 text_system_timecritical27215
                0x00002b04        0x6 CMakeFiles/slc.dir/base/C_/Users/conns/.silabs/slt/installs/conan/p/simpl418dd9bdfa44b/p/platform/Device/SiliconLabs/EFR32MG21/Source/system_efr32mg21.c.obj
                0x00002b04                SystemLFRCOClockGet
 text_system_timecritical28217
                0x00002b0a        0x6 CMakeFiles/slc.dir/base/C_/Users/conns/.silabs/slt/installs/conan/p/simpl418dd9bdfa44b/p/platform/Device/SiliconLabs/EFR32MG21/Source/system_efr32mg21.c.obj
                0x00002b0a                SystemULFRCOClockGet
 text_clock_manager_timecritical1352
                0x00002b10        0xa CMakeFiles/slc.dir/base/C_/Users/conns/.silabs/slt/installs/conan/p/simpl418dd9bdfa44b/p/platform/service/clock_manager/src/sl_clock_manager.c.obj
                0x00002b10                sl_clock_manager_get_clock_branch_frequency
 text_clock_manager_timecritical2361
                0x00002b1a       0x86 CMakeFiles/slc.dir/base/C_/Users/conns/.silabs/slt/installs/conan/p/simpl418dd9bdfa44b/p/platform/service/clock_manager/src/sl_clock_manager_hal_s2.c.obj
                0x00002b1a                sli_clock_manager_hal_get_clock_branch_frequency
 text_sleeptimer_timecritical5454
                0x00002ba0        0xe CMakeFiles/slc.dir/base/C_/Users/conns/.silabs/slt/installs/conan/p/simpl418dd9bdfa44b/p/platform/service/sleeptimer/src/sl_sleeptimer_hal_rtcc.c.obj
                0x00002ba0                sleeptimer_hal_get_counter
 text_sleeptimer_timecritical5993
                0x00002bae       0x18 CMakeFiles/slc.dir/base/C_/Users/conns/.silabs/slt/installs/conan/p/simpl418dd9bdfa44b/p/platform/service/sleeptimer/src/sl_sleeptimer_hal_rtcc.c.obj
                0x00002bae                sleeptimer_hal_enable_int
                0x00002be0                . = ALIGN (0x20)
 *fill*         0x00002bc6       0x1a 
                0x00002be0                linker_code_end = .
 *(.init)
 .init          0x00002be0        0x4 c:/users/conns/.silabs/slt/installs/conan/p/gcc-ab83b3403fdca6/p/bin/../lib/gcc/arm-none-eabi/12.2.1/thumb/v8-m.main+fp/hard/crti.o
                0x00002be0                _init
 .init          0x00002be4        0x8 c:/users/conns/.silabs/slt/installs/conan/p/gcc-ab83b3403fdca6/p/bin/../lib/gcc/arm-none-eabi/12.2.1/thumb/v8-m.main+fp/hard/crtn.o
 *(.fini)
 .fini          0x00002bec        0x4 c:/users/conns/.silabs/slt/installs/conan/p/gcc-ab83b3403fdca6/p/bin/../lib/gcc/arm-none-eabi/12.2.1/thumb/v8-m.main+fp/hard/crti.o
                0x00002bec                _fini
 .fini          0x00002bf0        0x8 c:/users/conns/.silabs/slt/installs/conan/p/gcc-ab83b3403fdca6/p/bin/../lib/gcc/arm-none-eabi/12.2.1/thumb/v8-m.main+fp/hard/crtn.o
 *crtbegin.o(.ctors)
 *crtbegin?.o(.ctors)
 *(EXCLUDE_FILE(*crtend.o *crtend?.o) .ctors)
 *(SORT_BY_NAME(.ctors.*))
 *(.ctors)
 *crtbegin.o(.dtors)
 *crtbegin?.o(.dtors)
 *(EXCLUDE_FILE(*crtend.o *crtend?.o) .dtors)
 *(SORT_BY_NAME(.dtors.*))
 *(.dtors)
 *(.rodata*)
 .rodata.sl_simple_button_init.str1.1
                0x00002bf8       0x6f CMakeFiles/slc.dir/base/C_/Users/conns/.silabs/slt/installs/conan/p/simpl418dd9bdfa44b/p/platform/driver/button/src/sl_simple_button.c.obj
 .rodata.sl_gpio_set_pin_direction.str1.1
                0x00002c67       0x64 CMakeFiles/slc.dir/base/C_/Users/conns/.silabs/slt/installs/conan/p/simpl418dd9bdfa44b/p/platform/driver/gpio/src/sl_gpio.c.obj
 .rodata.CSWTCH.74
                0x00002ccb        0x3 CMakeFiles/slc.dir/base/C_/Users/conns/.silabs/slt/installs/conan/p/simpl418dd9bdfa44b/p/platform/driver/gpio/src/sl_gpio.c.obj
 .rodata.em01GrpaClkGet.str1.1
                0x00002cce       0x5d CMakeFiles/slc.dir/base/C_/Users/conns/.silabs/slt/installs/conan/p/simpl418dd9bdfa44b/p/platform/emlib/src/em_cmu.c.obj
 .rodata.RTCC_ChannelInit.str1.1
                0x00002d2b       0x5e CMakeFiles/slc.dir/base/C_/Users/conns/.silabs/slt/installs/conan/p/simpl418dd9bdfa44b/p/platform/emlib/src/em_rtcc.c.obj
 .rodata.str1.1
                0x00002d89       0x67 CMakeFiles/slc.dir/base/C_/Users/conns/.silabs/slt/installs/conan/p/simpl418dd9bdfa44b/p/platform/peripheral/src/sl_hal_gpio.c.obj
 .rodata.sl_hal_gpio_set_pin_mode.str1.1
                0x00002df0       0x67 CMakeFiles/slc.dir/base/C_/Users/conns/.silabs/slt/installs/conan/p/simpl418dd9bdfa44b/p/platform/peripheral/src/sl_hal_gpio.c.obj
 .rodata.sl_hal_gpio_configure_external_interrupt.str1.1
                0x00002e57       0x66 CMakeFiles/slc.dir/base/C_/Users/conns/.silabs/slt/installs/conan/p/simpl418dd9bdfa44b/p/platform/peripheral/src/sl_hal_gpio.c.obj
 .rodata.CSWTCH.54
                0x00002ebd        0x3 CMakeFiles/slc.dir/base/C_/Users/conns/.silabs/slt/installs/conan/p/simpl418dd9bdfa44b/p/platform/peripheral/src/sl_hal_gpio.c.obj
 .rodata.sl_peripheral_val_rtcc
                0x00002ec0        0xc CMakeFiles/slc.dir/base/83c830c4116c3ea9c6821290675166e7/p/simpl418dd9bdfa44b/p/platform/service/device_manager/devices/sl_device_peripheral_hal_efr32xg21.c.obj
                0x00002ec0                sl_peripheral_val_rtcc
 .rodata.SL_BUS_CLOCK_RTCC_VALUE
                0x00002ecc        0x4 CMakeFiles/slc.dir/base/C_/Users/conns/.silabs/slt/installs/conan/p/simpl418dd9bdfa44b/p/platform/service/device_manager/src/sl_device_clock.c.obj
                0x00002ecc                SL_BUS_CLOCK_RTCC_VALUE
 .rodata.SL_BUS_CLOCK_GPIO_VALUE
                0x00002ed0        0x4 CMakeFiles/slc.dir/base/C_/Users/conns/.silabs/slt/installs/conan/p/simpl418dd9bdfa44b/p/platform/service/device_manager/src/sl_device_clock.c.obj
                0x00002ed0                SL_BUS_CLOCK_GPIO_VALUE
 .rodata.sl_interrupt_manager_disable_irq.str1.1
                0x00002ed4       0x87 CMakeFiles/slc.dir/base/C_/Users/conns/.silabs/slt/installs/conan/p/simpl418dd9bdfa44b/p/platform/service/interrupt_manager/src/sl_interrupt_manager_cortexm.c.obj
 .rodata.str1.1
                0x00002f5b       0x71 CMakeFiles/slc.dir/base/C_/Users/conns/.silabs/slt/installs/conan/p/simpl418dd9bdfa44b/p/platform/service/sleeptimer/src/sl_sleeptimer.c.obj
 .rodata        0x00002fcc        0xb CMakeFiles/slc.dir/base/C_/Users/conns/.silabs/slt/installs/conan/p/simpl418dd9bdfa44b/p/platform/service/sleeptimer/src/sl_sleeptimer_hal_rtcc.c.obj
 *fill*         0x00002fd7        0x1 
 .rodata.sl_button_sw1
                0x00002fd8       0x18 CMakeFiles/slc.dir/base/C_/Users/conns/SimplicityStudio/bare_metal/blink_baremetal/autogen/sl_simple_button_instances.c.obj
                0x00002fd8                sl_button_sw1
 .rodata.sl_led_led0
                0x00002ff0       0x18 CMakeFiles/slc.dir/base/C_/Users/conns/SimplicityStudio/bare_metal/blink_baremetal/autogen/sl_simple_led_instances.c.obj
                0x00002ff0                sl_led_led0
 *(.eh_frame*)
 .eh_frame      0x00003008        0x0 c:/users/conns/.silabs/slt/installs/conan/p/gcc-ab83b3403fdca6/p/bin/../lib/gcc/arm-none-eabi/12.2.1/thumb/v8-m.main+fp/hard/crtbegin.o

.glue_7         0x00003008        0x0
 .glue_7        0x00003008        0x0 linker stubs

.glue_7t        0x00003008        0x0
 .glue_7t       0x00003008        0x0 linker stubs

.vfp11_veneer   0x00003008        0x0
 .vfp11_veneer  0x00003008        0x0 linker stubs

.v4_bx          0x00003008        0x0
 .v4_bx         0x00003008        0x0 linker stubs

.iplt           0x00003008        0x0
 .iplt          0x00003008        0x0 c:/users/conns/.silabs/slt/installs/conan/p/gcc-ab83b3403fdca6/p/bin/../lib/gcc/arm-none-eabi/12.2.1/thumb/v8-m.main+fp/hard/crtbegin.o

.ARM.extab
 *(.ARM.extab* .gnu.linkonce.armextab.*)
                0x00003008                __exidx_start = .

.ARM.exidx      0x00003008        0x8
 *(.ARM.exidx* .gnu.linkonce.armexidx.*)
 .ARM.exidx     0x00003008        0x8 c:/users/conns/.silabs/slt/installs/conan/p/gcc-ab83b3403fdca6/p/bin/../lib/gcc/arm-none-eabi/12.2.1/thumb/v8-m.main+fp/hard/crt0.o
                                 0x10 (size before relaxing)
 .ARM.exidx.text.__udivmoddi4
                0x00003010        0x0 c:/users/conns/.silabs/slt/installs/conan/p/gcc-ab83b3403fdca6/p/bin/../lib/gcc/arm-none-eabi/12.2.1/thumb/v8-m.main+fp/hard\libgcc.a(_udivmoddi4.o)
                                  0x8 (size before relaxing)
                0x00003010                __exidx_end = .

.rel.dyn        0x00003010        0x0
 .rel.iplt      0x00003010        0x0 c:/users/conns/.silabs/slt/installs/conan/p/gcc-ab83b3403fdca6/p/bin/../lib/gcc/arm-none-eabi/12.2.1/thumb/v8-m.main+fp/hard/crtbegin.o

.copy.table     0x00003010        0xc
                0x00003010                . = ALIGN (0x4)
                0x00003010                __copy_table_start__ = .
                0x00003010        0x4 LONG 0x301c __etext
                0x00003014        0x4 LONG 0x200011c8 __data_start__
                0x00003018        0x4 LONG 0x9 ((__data_end__ - __data_start__) / 0x4)
                0x0000301c                __copy_table_end__ = .

.zero.table     0x0000301c        0x0
                0x0000301c                . = ALIGN (0x4)
                0x0000301c                __zero_table_start__ = .
                0x0000301c                __zero_table_end__ = .
                0x0000301c                __etext = .

.data           0x200011c8       0x24 load address 0x0000301c
                0x200011c8                . = ALIGN (0x4)
                0x200011c8                __data_start__ = .
 *(vtable)
 *(SORT_BY_ALIGNMENT(.data*))
 .data.SystemCoreClock
                0x200011c8        0x4 CMakeFiles/slc.dir/base/C_/Users/conns/.silabs/slt/installs/conan/p/simpl418dd9bdfa44b/p/platform/Device/SiliconLabs/EFR32MG21/Source/system_efr32mg21.c.obj
                0x200011c8                SystemCoreClock
 .data.SystemHFRCODPLLClock
                0x200011cc        0x4 CMakeFiles/slc.dir/base/C_/Users/conns/.silabs/slt/installs/conan/p/simpl418dd9bdfa44b/p/platform/Device/SiliconLabs/EFR32MG21/Source/system_efr32mg21.c.obj
 .data.SystemLFXOClock
                0x200011d0        0x4 CMakeFiles/slc.dir/base/C_/Users/conns/.silabs/slt/installs/conan/p/simpl418dd9bdfa44b/p/platform/Device/SiliconLabs/EFR32MG21/Source/system_efr32mg21.c.obj
 .data.SystemHFXOClock
                0x200011d4        0x4 CMakeFiles/slc.dir/base/C_/Users/conns/.silabs/slt/installs/conan/p/simpl418dd9bdfa44b/p/platform/Device/SiliconLabs/EFR32MG21/Source/system_efr32mg21.c.obj
 .data.simple_sw1_context
                0x200011d8        0x8 CMakeFiles/slc.dir/base/C_/Users/conns/SimplicityStudio/bare_metal/blink_baremetal/autogen/sl_simple_button_instances.c.obj
                0x200011d8                simple_sw1_context
 .data.cc_disabled
                0x200011e0        0x1 CMakeFiles/slc.dir/base/C_/Users/conns/.silabs/slt/installs/conan/p/simpl418dd9bdfa44b/p/platform/service/sleeptimer/src/sl_sleeptimer_hal_rtcc.c.obj
 .data.simple_led0_context
                0x200011e1        0x3 CMakeFiles/slc.dir/base/C_/Users/conns/SimplicityStudio/bare_metal/blink_baremetal/autogen/sl_simple_led_instances.c.obj
                0x200011e1                simple_led0_context
                0x200011e4                . = ALIGN (0x4)
                0x200011e4                . = ALIGN (0x4)
                0x200011e4                PROVIDE (__preinit_array_start = .)
 *(.preinit_array)
                0x200011e4                PROVIDE (__preinit_array_end = .)
                0x200011e4                . = ALIGN (0x4)
                0x200011e4                PROVIDE (__init_array_start = .)
 *(SORT_BY_NAME(.init_array.*))
 *(.init_array)
 .init_array    0x200011e4        0x4 c:/users/conns/.silabs/slt/installs/conan/p/gcc-ab83b3403fdca6/p/bin/../lib/gcc/arm-none-eabi/12.2.1/thumb/v8-m.main+fp/hard/crtbegin.o
                0x200011e8                PROVIDE (__init_array_end = .)
                0x200011e8                . = ALIGN (0x4)
                [!provide]                PROVIDE (__fini_array_start = .)
 *(SORT_BY_NAME(.fini_array.*))
 *(.fini_array)
 .fini_array    0x200011e8        0x4 c:/users/conns/.silabs/slt/installs/conan/p/gcc-ab83b3403fdca6/p/bin/../lib/gcc/arm-none-eabi/12.2.1/thumb/v8-m.main+fp/hard/crtbegin.o
                [!provide]                PROVIDE (__fini_array_end = .)
                0x200011ec                . = ALIGN (0x4)
                0x200011ec                __data_end__ = .
                0x20010000                heap_limit = (ORIGIN (RAM) + LENGTH (RAM))
                0x0000ee10                heap_size = (heap_limit - __HeapBase)

.tm_clone_table
                0x200011ec        0x0 load address 0x00003040
 .tm_clone_table
                0x200011ec        0x0 c:/users/conns/.silabs/slt/installs/conan/p/gcc-ab83b3403fdca6/p/bin/../lib/gcc/arm-none-eabi/12.2.1/thumb/v8-m.main+fp/hard/crtbegin.o
 .tm_clone_table
                0x200011ec        0x0 c:/users/conns/.silabs/slt/installs/conan/p/gcc-ab83b3403fdca6/p/bin/../lib/gcc/arm-none-eabi/12.2.1/thumb/v8-m.main+fp/hard/crtend.o

.igot.plt       0x200011ec        0x0 load address 0x00003040
 .igot.plt      0x200011ec        0x0 c:/users/conns/.silabs/slt/installs/conan/p/gcc-ab83b3403fdca6/p/bin/../lib/gcc/arm-none-eabi/12.2.1/thumb/v8-m.main+fp/hard/crtbegin.o

.heap           0x200011ec     0xee14 load address 0x00003040
                0x200011f0                . = ALIGN (0x8)
 *fill*         0x200011ec        0x4 
                0x200011f0                __HeapBase = .
                0x20010000                . = (. + heap_size)
 *fill*         0x200011f0     0xee10 
                0x20010000                __end__ = .
                0x20010000                end = __end__
                0x20010000                _end = __end__
 *(.heap*)
                0x20010000                __HeapLimit = (ORIGIN (RAM) + LENGTH (RAM))
                0x0000ee10                __heap_size = (__HeapLimit - __HeapBase)
                0x20010000                __ram_end__ = 0x20010000
                0x000be000                __main_flash_end__ = 0xbe000

.internal_storage
 *(.internal_storage*)

.nvm
 *(.simee*)
                0x200011c8                __ramfuncs_start__ = __vma_ramfuncs_start__
                0x200011c8                __ramfuncs_end__ = __vma_ramfuncs_end__
                0x000be000                linker_nvm_end = __main_flash_end__
                0x000be000                linker_nvm_begin = (linker_nvm_end - SIZEOF (.nvm))
                0x000be000                linker_storage_end = linker_nvm_begin
                0x000be000                __nvm3Base = linker_nvm_begin
                0x000be000                linker_storage_begin = (linker_storage_end - SIZEOF (.internal_storage))
                0x00000001                ASSERT ((linker_storage_begin >= (__etext + SIZEOF (.data))), FLASH memory overflowed !)
OUTPUT(base\blink_baremetal.out elf32-littlearm)
LOAD linker stubs

.ARM.attributes
                0x00000000       0x36
 .ARM.attributes
                0x00000000       0x26 c:/users/conns/.silabs/slt/installs/conan/p/gcc-ab83b3403fdca6/p/bin/../lib/gcc/arm-none-eabi/12.2.1/thumb/v8-m.main+fp/hard/crti.o
 .ARM.attributes
                0x00000026       0x38 c:/users/conns/.silabs/slt/installs/conan/p/gcc-ab83b3403fdca6/p/bin/../lib/gcc/arm-none-eabi/12.2.1/thumb/v8-m.main+fp/hard/crtbegin.o
 .ARM.attributes
                0x0000005e       0x24 c:/users/conns/.silabs/slt/installs/conan/p/gcc-ab83b3403fdca6/p/bin/../lib/gcc/arm-none-eabi/12.2.1/thumb/v8-m.main+fp/hard/crt0.o
 .ARM.attributes
                0x00000082       0x3a CMakeFiles/slc.dir/base/C_/Users/conns/.silabs/slt/installs/conan/p/simpl418dd9bdfa44b/p/platform/common/src/sl_assert.c.obj
 .ARM.attributes
                0x000000bc       0x3a CMakeFiles/slc.dir/base/C_/Users/conns/.silabs/slt/installs/conan/p/simpl418dd9bdfa44b/p/platform/common/src/sl_core_cortexm.c.obj
 .ARM.attributes
                0x000000f6       0x3a CMakeFiles/slc.dir/base/C_/Users/conns/.silabs/slt/installs/conan/p/simpl418dd9bdfa44b/p/platform/common/src/sl_syscalls.c.obj
 .ARM.attributes
                0x00000130       0x3a CMakeFiles/slc.dir/base/C_/Users/conns/.silabs/slt/installs/conan/p/simpl418dd9bdfa44b/p/platform/Device/SiliconLabs/EFR32MG21/Source/startup_efr32mg21.c.obj
 .ARM.attributes
                0x0000016a       0x3a CMakeFiles/slc.dir/base/C_/Users/conns/.silabs/slt/installs/conan/p/simpl418dd9bdfa44b/p/platform/Device/SiliconLabs/EFR32MG21/Source/system_efr32mg21.c.obj
 .ARM.attributes
                0x000001a4       0x3a CMakeFiles/slc.dir/base/C_/Users/conns/.silabs/slt/installs/conan/p/simpl418dd9bdfa44b/p/platform/driver/button/src/sl_button.c.obj
 .ARM.attributes
                0x000001de       0x3a CMakeFiles/slc.dir/base/C_/Users/conns/.silabs/slt/installs/conan/p/simpl418dd9bdfa44b/p/platform/driver/button/src/sl_simple_button.c.obj
 .ARM.attributes
                0x00000218       0x3a CMakeFiles/slc.dir/base/C_/Users/conns/.silabs/slt/installs/conan/p/simpl418dd9bdfa44b/p/platform/driver/gpio/src/sl_gpio.c.obj
 .ARM.attributes
                0x00000252       0x3a CMakeFiles/slc.dir/base/C_/Users/conns/.silabs/slt/installs/conan/p/simpl418dd9bdfa44b/p/platform/driver/leddrv/src/sl_led.c.obj
 .ARM.attributes
                0x0000028c       0x3a CMakeFiles/slc.dir/base/C_/Users/conns/.silabs/slt/installs/conan/p/simpl418dd9bdfa44b/p/platform/driver/leddrv/src/sl_simple_led.c.obj
 .ARM.attributes
                0x000002c6       0x3a CMakeFiles/slc.dir/base/C_/Users/conns/.silabs/slt/installs/conan/p/simpl418dd9bdfa44b/p/platform/emlib/src/em_cmu.c.obj
 .ARM.attributes
                0x00000300       0x3a CMakeFiles/slc.dir/base/C_/Users/conns/.silabs/slt/installs/conan/p/simpl418dd9bdfa44b/p/platform/emlib/src/em_emu.c.obj
 .ARM.attributes
                0x0000033a       0x3a CMakeFiles/slc.dir/base/C_/Users/conns/.silabs/slt/installs/conan/p/simpl418dd9bdfa44b/p/platform/emlib/src/em_rtcc.c.obj
 .ARM.attributes
                0x00000374       0x3a CMakeFiles/slc.dir/base/C_/Users/conns/.silabs/slt/installs/conan/p/simpl418dd9bdfa44b/p/platform/emlib/src/em_system.c.obj
 .ARM.attributes
                0x000003ae       0x3a CMakeFiles/slc.dir/base/C_/Users/conns/.silabs/slt/installs/conan/p/simpl418dd9bdfa44b/p/platform/peripheral/src/sl_hal_gpio.c.obj
 .ARM.attributes
                0x000003e8       0x3a CMakeFiles/slc.dir/base/C_/Users/conns/.silabs/slt/installs/conan/p/simpl418dd9bdfa44b/p/platform/service/clock_manager/src/sl_clock_manager.c.obj
 .ARM.attributes
                0x00000422       0x3a CMakeFiles/slc.dir/base/C_/Users/conns/.silabs/slt/installs/conan/p/simpl418dd9bdfa44b/p/platform/service/clock_manager/src/sl_clock_manager_hal_s2.c.obj
 .ARM.attributes
                0x0000045c       0x3a CMakeFiles/slc.dir/base/C_/Users/conns/.silabs/slt/installs/conan/p/simpl418dd9bdfa44b/p/platform/service/clock_manager/src/sl_clock_manager_init.c.obj
 .ARM.attributes
                0x00000496       0x3a CMakeFiles/slc.dir/base/C_/Users/conns/.silabs/slt/installs/conan/p/simpl418dd9bdfa44b/p/platform/service/clock_manager/src/sl_clock_manager_init_hal_s2.c.obj
 .ARM.attributes
                0x000004d0       0x3a CMakeFiles/slc.dir/base/C_/Users/conns/.silabs/slt/installs/conan/p/simpl418dd9bdfa44b/p/platform/service/device_init/src/sl_device_init_emu_s2.c.obj
 .ARM.attributes
                0x0000050a       0x3a CMakeFiles/slc.dir/base/83c830c4116c3ea9c6821290675166e7/p/simpl418dd9bdfa44b/p/platform/service/device_manager/devices/sl_device_peripheral_hal_efr32xg21.c.obj
 .ARM.attributes
                0x00000544       0x3a CMakeFiles/slc.dir/base/C_/Users/conns/.silabs/slt/installs/conan/p/simpl418dd9bdfa44b/p/platform/service/device_manager/src/sl_device_clock.c.obj
 .ARM.attributes
                0x0000057e       0x3a CMakeFiles/slc.dir/base/C_/Users/conns/.silabs/slt/installs/conan/p/simpl418dd9bdfa44b/p/platform/service/interrupt_manager/src/sl_interrupt_manager_cortexm.c.obj
 .ARM.attributes
                0x000005b8       0x3a CMakeFiles/slc.dir/base/C_/Users/conns/.silabs/slt/installs/conan/p/simpl418dd9bdfa44b/p/platform/service/memory_manager/src/sl_memory_manager_region.c.obj
 .ARM.attributes
                0x000005f2       0x3a CMakeFiles/slc.dir/base/C_/Users/conns/.silabs/slt/installs/conan/p/simpl418dd9bdfa44b/p/platform/service/sleeptimer/src/sl_sleeptimer.c.obj
 .ARM.attributes
                0x0000062c       0x3a CMakeFiles/slc.dir/base/C_/Users/conns/.silabs/slt/installs/conan/p/simpl418dd9bdfa44b/p/platform/service/sleeptimer/src/sl_sleeptimer_hal_rtcc.c.obj
 .ARM.attributes
                0x00000666       0x3a CMakeFiles/slc.dir/base/C_/Users/conns/.silabs/slt/installs/conan/p/simpl418dd9bdfa44b/p/platform/service/system/src/sl_system_init.c.obj
 .ARM.attributes
                0x000006a0       0x3a CMakeFiles/slc.dir/base/C_/Users/conns/.silabs/slt/installs/conan/p/simpl418dd9bdfa44b/p/platform/service/system/src/sl_system_process_action.c.obj
 .ARM.attributes
                0x000006da       0x3a CMakeFiles/slc.dir/base/C_/Users/conns/SimplicityStudio/bare_metal/blink_baremetal/app.c.obj
 .ARM.attributes
                0x00000714       0x3a CMakeFiles/slc.dir/base/C_/Users/conns/SimplicityStudio/bare_metal/blink_baremetal/autogen/sl_event_handler.c.obj
 .ARM.attributes
                0x0000074e       0x3a CMakeFiles/slc.dir/base/C_/Users/conns/SimplicityStudio/bare_metal/blink_baremetal/autogen/sl_simple_button_instances.c.obj
 .ARM.attributes
                0x00000788       0x3a CMakeFiles/slc.dir/base/C_/Users/conns/SimplicityStudio/bare_metal/blink_baremetal/autogen/sl_simple_led_instances.c.obj
 .ARM.attributes
                0x000007c2       0x3a CMakeFiles/slc.dir/base/C_/Users/conns/SimplicityStudio/bare_metal/blink_baremetal/blink.c.obj
 .ARM.attributes
                0x000007fc       0x3a CMakeFiles/slc.dir/base/C_/Users/conns/SimplicityStudio/bare_metal/blink_baremetal/main.c.obj
 .ARM.attributes
                0x00000836       0x3a CMakeFiles/blink_baremetal.dir/base/C_/Users/conns/SimplicityStudio/bare_metal/blink_baremetal/button.c.obj
 .ARM.attributes
                0x00000870       0x26 c:/users/conns/.silabs/slt/installs/conan/p/gcc-ab83b3403fdca6/p/bin/../lib/gcc/arm-none-eabi/12.2.1/thumb/v8-m.main+fp/hard\libgcc.a(_aeabi_uldivmod.o)
 .ARM.attributes
                0x00000896       0x38 c:/users/conns/.silabs/slt/installs/conan/p/gcc-ab83b3403fdca6/p/bin/../lib/gcc/arm-none-eabi/12.2.1/thumb/v8-m.main+fp/hard\libgcc.a(_udivmoddi4.o)
 .ARM.attributes
                0x000008ce       0x26 c:/users/conns/.silabs/slt/installs/conan/p/gcc-ab83b3403fdca6/p/bin/../lib/gcc/arm-none-eabi/12.2.1/thumb/v8-m.main+fp/hard\libgcc.a(_dvmd_tls.o)
 .ARM.attributes
                0x000008f4       0x38 c:/users/conns/.silabs/slt/installs/conan/p/gcc-ab83b3403fdca6/p/bin/../lib/gcc/arm-none-eabi/12.2.1/thumb/v8-m.main+fp/hard\libc_nano.a(libc_a-exit.o)
 .ARM.attributes
                0x0000092c       0x38 c:/users/conns/.silabs/slt/installs/conan/p/gcc-ab83b3403fdca6/p/bin/../lib/gcc/arm-none-eabi/12.2.1/thumb/v8-m.main+fp/hard\libc_nano.a(libc_a-findfp.o)
 .ARM.attributes
                0x00000964       0x38 c:/users/conns/.silabs/slt/installs/conan/p/gcc-ab83b3403fdca6/p/bin/../lib/gcc/arm-none-eabi/12.2.1/thumb/v8-m.main+fp/hard\libc_nano.a(libc_a-memset.o)
 .ARM.attributes
                0x0000099c       0x38 c:/users/conns/.silabs/slt/installs/conan/p/gcc-ab83b3403fdca6/p/bin/../lib/gcc/arm-none-eabi/12.2.1/thumb/v8-m.main+fp/hard\libc_nano.a(libc_a-init.o)
 .ARM.attributes
                0x000009d4       0x38 c:/users/conns/.silabs/slt/installs/conan/p/gcc-ab83b3403fdca6/p/bin/../lib/gcc/arm-none-eabi/12.2.1/thumb/v8-m.main+fp/hard/crtend.o
 .ARM.attributes
                0x00000a0c       0x26 c:/users/conns/.silabs/slt/installs/conan/p/gcc-ab83b3403fdca6/p/bin/../lib/gcc/arm-none-eabi/12.2.1/thumb/v8-m.main+fp/hard/crtn.o

.comment        0x00000000       0x45
 .comment       0x00000000       0x45 CMakeFiles/slc.dir/base/C_/Users/conns/.silabs/slt/installs/conan/p/simpl418dd9bdfa44b/p/platform/common/src/sl_assert.c.obj
                                 0x46 (size before relaxing)
 .comment       0x00000045       0x46 CMakeFiles/slc.dir/base/C_/Users/conns/.silabs/slt/installs/conan/p/simpl418dd9bdfa44b/p/platform/common/src/sl_core_cortexm.c.obj
 .comment       0x00000045       0x46 CMakeFiles/slc.dir/base/C_/Users/conns/.silabs/slt/installs/conan/p/simpl418dd9bdfa44b/p/platform/common/src/sl_syscalls.c.obj
 .comment       0x00000045       0x46 CMakeFiles/slc.dir/base/C_/Users/conns/.silabs/slt/installs/conan/p/simpl418dd9bdfa44b/p/platform/Device/SiliconLabs/EFR32MG21/Source/startup_efr32mg21.c.obj
 .comment       0x00000045       0x46 CMakeFiles/slc.dir/base/C_/Users/conns/.silabs/slt/installs/conan/p/simpl418dd9bdfa44b/p/platform/Device/SiliconLabs/EFR32MG21/Source/system_efr32mg21.c.obj
 .comment       0x00000045       0x46 CMakeFiles/slc.dir/base/C_/Users/conns/.silabs/slt/installs/conan/p/simpl418dd9bdfa44b/p/platform/driver/button/src/sl_button.c.obj
 .comment       0x00000045       0x46 CMakeFiles/slc.dir/base/C_/Users/conns/.silabs/slt/installs/conan/p/simpl418dd9bdfa44b/p/platform/driver/button/src/sl_simple_button.c.obj
 .comment       0x00000045       0x46 CMakeFiles/slc.dir/base/C_/Users/conns/.silabs/slt/installs/conan/p/simpl418dd9bdfa44b/p/platform/driver/gpio/src/sl_gpio.c.obj
 .comment       0x00000045       0x46 CMakeFiles/slc.dir/base/C_/Users/conns/.silabs/slt/installs/conan/p/simpl418dd9bdfa44b/p/platform/driver/leddrv/src/sl_led.c.obj
 .comment       0x00000045       0x46 CMakeFiles/slc.dir/base/C_/Users/conns/.silabs/slt/installs/conan/p/simpl418dd9bdfa44b/p/platform/driver/leddrv/src/sl_simple_led.c.obj
 .comment       0x00000045       0x46 CMakeFiles/slc.dir/base/C_/Users/conns/.silabs/slt/installs/conan/p/simpl418dd9bdfa44b/p/platform/emlib/src/em_cmu.c.obj
 .comment       0x00000045       0x46 CMakeFiles/slc.dir/base/C_/Users/conns/.silabs/slt/installs/conan/p/simpl418dd9bdfa44b/p/platform/emlib/src/em_emu.c.obj
 .comment       0x00000045       0x46 CMakeFiles/slc.dir/base/C_/Users/conns/.silabs/slt/installs/conan/p/simpl418dd9bdfa44b/p/platform/emlib/src/em_rtcc.c.obj
 .comment       0x00000045       0x46 CMakeFiles/slc.dir/base/C_/Users/conns/.silabs/slt/installs/conan/p/simpl418dd9bdfa44b/p/platform/emlib/src/em_system.c.obj
 .comment       0x00000045       0x46 CMakeFiles/slc.dir/base/C_/Users/conns/.silabs/slt/installs/conan/p/simpl418dd9bdfa44b/p/platform/peripheral/src/sl_hal_gpio.c.obj
 .comment       0x00000045       0x46 CMakeFiles/slc.dir/base/C_/Users/conns/.silabs/slt/installs/conan/p/simpl418dd9bdfa44b/p/platform/service/clock_manager/src/sl_clock_manager.c.obj
 .comment       0x00000045       0x46 CMakeFiles/slc.dir/base/C_/Users/conns/.silabs/slt/installs/conan/p/simpl418dd9bdfa44b/p/platform/service/clock_manager/src/sl_clock_manager_hal_s2.c.obj
 .comment       0x00000045       0x46 CMakeFiles/slc.dir/base/C_/Users/conns/.silabs/slt/installs/conan/p/simpl418dd9bdfa44b/p/platform/service/clock_manager/src/sl_clock_manager_init.c.obj
 .comment       0x00000045       0x46 CMakeFiles/slc.dir/base/C_/Users/conns/.silabs/slt/installs/conan/p/simpl418dd9bdfa44b/p/platform/service/clock_manager/src/sl_clock_manager_init_hal_s2.c.obj
 .comment       0x00000045       0x46 CMakeFiles/slc.dir/base/C_/Users/conns/.silabs/slt/installs/conan/p/simpl418dd9bdfa44b/p/platform/service/device_init/src/sl_device_init_emu_s2.c.obj
 .comment       0x00000045       0x46 CMakeFiles/slc.dir/base/83c830c4116c3ea9c6821290675166e7/p/simpl418dd9bdfa44b/p/platform/service/device_manager/devices/sl_device_peripheral_hal_efr32xg21.c.obj
 .comment       0x00000045       0x46 CMakeFiles/slc.dir/base/C_/Users/conns/.silabs/slt/installs/conan/p/simpl418dd9bdfa44b/p/platform/service/device_manager/src/sl_device_clock.c.obj
 .comment       0x00000045       0x46 CMakeFiles/slc.dir/base/C_/Users/conns/.silabs/slt/installs/conan/p/simpl418dd9bdfa44b/p/platform/service/interrupt_manager/src/sl_interrupt_manager_cortexm.c.obj
 .comment       0x00000045       0x46 CMakeFiles/slc.dir/base/C_/Users/conns/.silabs/slt/installs/conan/p/simpl418dd9bdfa44b/p/platform/service/memory_manager/src/sl_memory_manager_region.c.obj
 .comment       0x00000045       0x46 CMakeFiles/slc.dir/base/C_/Users/conns/.silabs/slt/installs/conan/p/simpl418dd9bdfa44b/p/platform/service/sleeptimer/src/sl_sleeptimer.c.obj
 .comment       0x00000045       0x46 CMakeFiles/slc.dir/base/C_/Users/conns/.silabs/slt/installs/conan/p/simpl418dd9bdfa44b/p/platform/service/sleeptimer/src/sl_sleeptimer_hal_rtcc.c.obj
 .comment       0x00000045       0x46 CMakeFiles/slc.dir/base/C_/Users/conns/.silabs/slt/installs/conan/p/simpl418dd9bdfa44b/p/platform/service/system/src/sl_system_init.c.obj
 .comment       0x00000045       0x46 CMakeFiles/slc.dir/base/C_/Users/conns/.silabs/slt/installs/conan/p/simpl418dd9bdfa44b/p/platform/service/system/src/sl_system_process_action.c.obj
 .comment       0x00000045       0x46 CMakeFiles/slc.dir/base/C_/Users/conns/SimplicityStudio/bare_metal/blink_baremetal/app.c.obj
 .comment       0x00000045       0x46 CMakeFiles/slc.dir/base/C_/Users/conns/SimplicityStudio/bare_metal/blink_baremetal/autogen/sl_event_handler.c.obj
 .comment       0x00000045       0x46 CMakeFiles/slc.dir/base/C_/Users/conns/SimplicityStudio/bare_metal/blink_baremetal/autogen/sl_simple_button_instances.c.obj
 .comment       0x00000045       0x46 CMakeFiles/slc.dir/base/C_/Users/conns/SimplicityStudio/bare_metal/blink_baremetal/autogen/sl_simple_led_instances.c.obj
 .comment       0x00000045       0x46 CMakeFiles/slc.dir/base/C_/Users/conns/SimplicityStudio/bare_metal/blink_baremetal/blink.c.obj
 .comment       0x00000045       0x46 CMakeFiles/slc.dir/base/C_/Users/conns/SimplicityStudio/bare_metal/blink_baremetal/main.c.obj
 .comment       0x00000045       0x46 CMakeFiles/blink_baremetal.dir/base/C_/Users/conns/SimplicityStudio/bare_metal/blink_baremetal/button.c.obj

.debug_line_str
                0x00000000      0x1c0
 .debug_line_str
                0x00000000       0xe7 c:/users/conns/.silabs/slt/installs/conan/p/gcc-ab83b3403fdca6/p/bin/../lib/gcc/arm-none-eabi/12.2.1/thumb/v8-m.main+fp/hard/crt0.o
 .debug_line_str
                0x000000e7       0xcd c:/users/conns/.silabs/slt/installs/conan/p/gcc-ab83b3403fdca6/p/bin/../lib/gcc/arm-none-eabi/12.2.1/thumb/v8-m.main+fp/hard\libgcc.a(_aeabi_uldivmod.o)
 .debug_line_str
                0x000001b4        0xc c:/users/conns/.silabs/slt/installs/conan/p/gcc-ab83b3403fdca6/p/bin/../lib/gcc/arm-none-eabi/12.2.1/thumb/v8-m.main+fp/hard\libgcc.a(_dvmd_tls.o)
                                 0xd1 (size before relaxing)

.debug_info     0x00000000    0x1e2ab
 .debug_info    0x00000000       0x7d CMakeFiles/slc.dir/base/C_/Users/conns/.silabs/slt/installs/conan/p/simpl418dd9bdfa44b/p/platform/common/src/sl_assert.c.obj
 .debug_info    0x0000007d      0x883 CMakeFiles/slc.dir/base/C_/Users/conns/.silabs/slt/installs/conan/p/simpl418dd9bdfa44b/p/platform/common/src/sl_core_cortexm.c.obj
 .debug_info    0x00000900      0x278 CMakeFiles/slc.dir/base/C_/Users/conns/.silabs/slt/installs/conan/p/simpl418dd9bdfa44b/p/platform/common/src/sl_syscalls.c.obj
 .debug_info    0x00000b78      0x385 CMakeFiles/slc.dir/base/C_/Users/conns/.silabs/slt/installs/conan/p/simpl418dd9bdfa44b/p/platform/Device/SiliconLabs/EFR32MG21/Source/startup_efr32mg21.c.obj
 .debug_info    0x00000efd     0x1a0c CMakeFiles/slc.dir/base/C_/Users/conns/.silabs/slt/installs/conan/p/simpl418dd9bdfa44b/p/platform/Device/SiliconLabs/EFR32MG21/Source/system_efr32mg21.c.obj
 .debug_info    0x00002909      0x29b CMakeFiles/slc.dir/base/C_/Users/conns/.silabs/slt/installs/conan/p/simpl418dd9bdfa44b/p/platform/driver/button/src/sl_button.c.obj
 .debug_info    0x00002ba4      0x84d CMakeFiles/slc.dir/base/C_/Users/conns/.silabs/slt/installs/conan/p/simpl418dd9bdfa44b/p/platform/driver/button/src/sl_simple_button.c.obj
 .debug_info    0x000033f1     0x2ffb CMakeFiles/slc.dir/base/C_/Users/conns/.silabs/slt/installs/conan/p/simpl418dd9bdfa44b/p/platform/driver/gpio/src/sl_gpio.c.obj
 .debug_info    0x000063ec      0x228 CMakeFiles/slc.dir/base/C_/Users/conns/.silabs/slt/installs/conan/p/simpl418dd9bdfa44b/p/platform/driver/leddrv/src/sl_led.c.obj
 .debug_info    0x00006614      0x4a3 CMakeFiles/slc.dir/base/C_/Users/conns/.silabs/slt/installs/conan/p/simpl418dd9bdfa44b/p/platform/driver/leddrv/src/sl_simple_led.c.obj
 .debug_info    0x00006ab7     0x6092 CMakeFiles/slc.dir/base/C_/Users/conns/.silabs/slt/installs/conan/p/simpl418dd9bdfa44b/p/platform/emlib/src/em_cmu.c.obj
 .debug_info    0x0000cb49     0x219f CMakeFiles/slc.dir/base/C_/Users/conns/.silabs/slt/installs/conan/p/simpl418dd9bdfa44b/p/platform/emlib/src/em_emu.c.obj
 .debug_info    0x0000ece8     0x1b2c CMakeFiles/slc.dir/base/C_/Users/conns/.silabs/slt/installs/conan/p/simpl418dd9bdfa44b/p/platform/emlib/src/em_rtcc.c.obj
 .debug_info    0x00010814      0xd2e CMakeFiles/slc.dir/base/C_/Users/conns/.silabs/slt/installs/conan/p/simpl418dd9bdfa44b/p/platform/emlib/src/em_system.c.obj
 .debug_info    0x00011542     0x25bb CMakeFiles/slc.dir/base/C_/Users/conns/.silabs/slt/installs/conan/p/simpl418dd9bdfa44b/p/platform/peripheral/src/sl_hal_gpio.c.obj
 .debug_info    0x00013afd      0xa77 CMakeFiles/slc.dir/base/C_/Users/conns/.silabs/slt/installs/conan/p/simpl418dd9bdfa44b/p/platform/service/clock_manager/src/sl_clock_manager.c.obj
 .debug_info    0x00014574     0x1e22 CMakeFiles/slc.dir/base/C_/Users/conns/.silabs/slt/installs/conan/p/simpl418dd9bdfa44b/p/platform/service/clock_manager/src/sl_clock_manager_hal_s2.c.obj
 .debug_info    0x00016396       0xbe CMakeFiles/slc.dir/base/C_/Users/conns/.silabs/slt/installs/conan/p/simpl418dd9bdfa44b/p/platform/service/clock_manager/src/sl_clock_manager_init.c.obj
 .debug_info    0x00016454      0xbf1 CMakeFiles/slc.dir/base/C_/Users/conns/.silabs/slt/installs/conan/p/simpl418dd9bdfa44b/p/platform/service/clock_manager/src/sl_clock_manager_init_hal_s2.c.obj
 .debug_info    0x00017045      0x6cc CMakeFiles/slc.dir/base/C_/Users/conns/.silabs/slt/installs/conan/p/simpl418dd9bdfa44b/p/platform/service/device_init/src/sl_device_init_emu_s2.c.obj
 .debug_info    0x00017711      0x613 CMakeFiles/slc.dir/base/83c830c4116c3ea9c6821290675166e7/p/simpl418dd9bdfa44b/p/platform/service/device_manager/devices/sl_device_peripheral_hal_efr32xg21.c.obj
 .debug_info    0x00017d24      0x9fa CMakeFiles/slc.dir/base/C_/Users/conns/.silabs/slt/installs/conan/p/simpl418dd9bdfa44b/p/platform/service/device_manager/src/sl_device_clock.c.obj
 .debug_info    0x0001871e      0xe6b CMakeFiles/slc.dir/base/C_/Users/conns/.silabs/slt/installs/conan/p/simpl418dd9bdfa44b/p/platform/service/interrupt_manager/src/sl_interrupt_manager_cortexm.c.obj
 .debug_info    0x00019589      0x1c4 CMakeFiles/slc.dir/base/C_/Users/conns/.silabs/slt/installs/conan/p/simpl418dd9bdfa44b/p/platform/service/memory_manager/src/sl_memory_manager_region.c.obj
 .debug_info    0x0001974d     0x180e CMakeFiles/slc.dir/base/C_/Users/conns/.silabs/slt/installs/conan/p/simpl418dd9bdfa44b/p/platform/service/sleeptimer/src/sl_sleeptimer.c.obj
 .debug_info    0x0001af5b     0x137a CMakeFiles/slc.dir/base/C_/Users/conns/.silabs/slt/installs/conan/p/simpl418dd9bdfa44b/p/platform/service/sleeptimer/src/sl_sleeptimer_hal_rtcc.c.obj
 .debug_info    0x0001c2d5       0x85 CMakeFiles/slc.dir/base/C_/Users/conns/.silabs/slt/installs/conan/p/simpl418dd9bdfa44b/p/platform/service/system/src/sl_system_init.c.obj
 .debug_info    0x0001c35a       0x76 CMakeFiles/slc.dir/base/C_/Users/conns/.silabs/slt/installs/conan/p/simpl418dd9bdfa44b/p/platform/service/system/src/sl_system_process_action.c.obj
 .debug_info    0x0001c3d0      0x3e7 CMakeFiles/slc.dir/base/C_/Users/conns/SimplicityStudio/bare_metal/blink_baremetal/app.c.obj