Archive member included to satisfy reference by file (symbol)

c:/users/conns/.silabs/slt/installs/conan/p/gcc-ab83b3403fdca6/p/bin/../lib/gcc/arm-none-eabi/12.2.1/thumb/v8-m.main+fp/hard\libgcc.a(_aeabi_ldivmod.o)
                              CMakeFiles/slc.dir/base/C_/Users/conns/.silabs/slt/installs/conan/p/simpl418dd9bdfa44b/p/platform/service/sleeptimer/src/sl_sleeptimer.c.obj (__aeabi_ldivmod)
c:/users/conns/.silabs/slt/installs/conan/p/gcc-ab83b3403fdca6/p/bin/../lib/gcc/arm-none-eabi/12.2.1/thumb/v8-m.main+fp/hard\libgcc.a(_aeabi_uldivmod.o)
                              CMakeFiles/slc.dir/base/C_/Users/conns/.silabs/slt/installs/conan/p/simpl418dd9bdfa44b/p/platform/service/sleeptimer/src/sl_sleeptimer.c.obj (__aeabi_uldivmod)
c:/users/conns/.silabs/slt/installs/conan/p/gcc-ab83b3403fdca6/p/bin/../lib/gcc/arm-none-eabi/12.2.1/thumb/v8-m.main+fp/hard\libgcc.a(_udivmoddi4.o)
                              c:/users/conns/.silabs/slt/installs/conan/p/gcc-ab83b3403fdca6/p/bin/../lib/gcc/arm-none-eabi/12.2.1/thumb/v8-m.main+fp/hard\libgcc.a(_aeabi_ldivmod.o) (__udivmoddi4)
c:/users/conns/.silabs/slt/installs/conan/p/gcc-ab83b3403fdca6/p/bin/../lib/gcc/arm-none-eabi/12.2.1/thumb/v8-m.main+fp/hard\libgcc.a(_dvmd_tls.o)
                              c:/users/conns/.silabs/slt/installs/conan/p/gcc-ab83b3403fdca6/p/bin/../lib/gcc/arm-none-eabi/12.2.1/thumb/v8-m.main+fp/hard\libgcc.a(_aeabi_ldivmod.o) (__aeabi_ldiv0)
c:/users/conns/.silabs/slt/installs/conan/p/gcc-ab83b3403fdca6/p/bin/../lib/gcc/arm-none-eabi/12.2.1/thumb/v8-m.main+fp/hard\libc_nano.a(libc_a-exit.o)
                              c:/users/conns/.silabs/slt/installs/conan/p/gcc-ab83b3403fdca6/p/bin/../lib/gcc/arm-none-eabi/12.2.1/thumb/v8-m.main+fp/hard/crt0.o (exit)
c:/users/conns/.silabs/slt/installs/conan/p/gcc-ab83b3403fdca6/p/bin/../lib/gcc/arm-none-eabi/12.2.1/thumb/v8-m.main+fp/hard\libc_nano.a(libc_a-findfp.o)
                              c:/users/conns/.silabs/slt/installs/conan/p/gcc-ab83b3403fdca6/p/bin/../lib/gcc/arm-none-eabi/12.2.1/thumb/v8-m.main+fp/hard\libc_nano.a(libc_a-exit.o) (__stdio_exit_handler)
c:/users/conns/.silabs/slt/installs/conan/p/gcc-ab83b3403fdca6/p/bin/../lib/gcc/arm-none-eabi/12.2.1/thumb/v8-m.main+fp/hard\libc_nano.a(libc_a-fwalk.o)
                              c:/users/conns/.silabs/slt/installs/conan/p/gcc-ab83b3403fdca6/p/bin/../lib/gcc/arm-none-eabi/12.2.1/thumb/v8-m.main+fp/hard\libc_nano.a(libc_a-findfp.o) (_fwalk_sglue)
c:/users/conns/.silabs/slt/installs/conan/p/gcc-ab83b3403fdca6/p/bin/../lib/gcc/arm-none-eabi/12.2.1/thumb/v8-m.main+fp/hard\libc_nano.a(libc_a-stdio.o)
                              c:/users/conns/.silabs/slt/installs/conan/p/gcc-ab83b3403fdca6/p/bin/../lib/gcc/arm-none-eabi/12.2.1/thumb/v8-m.main+fp/hard\libc_nano.a(libc_a-findfp.o) (__sread)
c:/users/conns/.silabs/slt/installs/conan/p/gcc-ab83b3403fdca6/p/bin/../lib/gcc/arm-none-eabi/12.2.1/thumb/v8-m.main+fp/hard\libc_nano.a(libc_a-memset.o)
                              c:/users/conns/.silabs/slt/installs/conan/p/gcc-ab83b3403fdca6/p/bin/../lib/gcc/arm-none-eabi/12.2.1/thumb/v8-m.main+fp/hard/crt0.o (memset)
c:/users/conns/.silabs/slt/installs/conan/p/gcc-ab83b3403fdca6/p/bin/../lib/gcc/arm-none-eabi/12.2.1/thumb/v8-m.main+fp/hard\libc_nano.a(libc_a-closer.o)
                              c:/users/conns/.silabs/slt/installs/conan/p/gcc-ab83b3403fdca6/p/bin/../lib/gcc/arm-none-eabi/12.2.1/thumb/v8-m.main+fp/hard\libc_nano.a(libc_a-stdio.o) (_close_r)
c:/users/conns/.silabs/slt/installs/conan/p/gcc-ab83b3403fdca6/p/bin/../lib/gcc/arm-none-eabi/12.2.1/thumb/v8-m.main+fp/hard\libc_nano.a(libc_a-reent.o)
                              c:/users/conns/.silabs/slt/installs/conan/p/gcc-ab83b3403fdca6/p/bin/../lib/gcc/arm-none-eabi/12.2.1/thumb/v8-m.main+fp/hard\libc_nano.a(libc_a-closer.o) (errno)
c:/users/conns/.silabs/slt/installs/conan/p/gcc-ab83b3403fdca6/p/bin/../lib/gcc/arm-none-eabi/12.2.1/thumb/v8-m.main+fp/hard\libc_nano.a(libc_a-impure.o)
                              c:/users/conns/.silabs/slt/installs/conan/p/gcc-ab83b3403fdca6/p/bin/../lib/gcc/arm-none-eabi/12.2.1/thumb/v8-m.main+fp/hard\libc_nano.a(libc_a-reent.o) (_impure_ptr)
c:/users/conns/.silabs/slt/installs/conan/p/gcc-ab83b3403fdca6/p/bin/../lib/gcc/arm-none-eabi/12.2.1/thumb/v8-m.main+fp/hard\libc_nano.a(libc_a-lseekr.o)
                              c:/users/conns/.silabs/slt/installs/conan/p/gcc-ab83b3403fdca6/p/bin/../lib/gcc/arm-none-eabi/12.2.1/thumb/v8-m.main+fp/hard\libc_nano.a(libc_a-stdio.o) (_lseek_r)
c:/users/conns/.silabs/slt/installs/conan/p/gcc-ab83b3403fdca6/p/bin/../lib/gcc/arm-none-eabi/12.2.1/thumb/v8-m.main+fp/hard\libc_nano.a(libc_a-readr.o)
                              c:/users/conns/.silabs/slt/installs/conan/p/gcc-ab83b3403fdca6/p/bin/../lib/gcc/arm-none-eabi/12.2.1/thumb/v8-m.main+fp/hard\libc_nano.a(libc_a-stdio.o) (_read_r)
[...]
Memory Configuration

Name             Origin             Length             Attributes
FLASH            0x00000000         0x000be000         xr
RAM              0x20000000         0x00010000         xrw
*default*        0x00000000         0xffffffff

Linker script and memory map

LOAD c:/users/conns/.silabs/slt/installs/conan/p/gcc-ab83b3403fdca6/p/bin/../lib/gcc/arm-none-eabi/12.2.1/thumb/v8-m.main+fp/hard/crti.o
LOAD c:/users/conns/.silabs/slt/installs/conan/p/gcc-ab83b3403fdca6/p/bin/../lib/gcc/arm-none-eabi/12.2.1/thumb/v8-m.main+fp/hard/crtbegin.o
LOAD c:/users/conns/.silabs/slt/installs/conan/p/gcc-ab83b3403fdca6/p/bin/../lib/gcc/arm-none-eabi/12.2.1/thumb/v8-m.main+fp/hard/crt0.o
LOAD CMakeFiles/slc.dir/base/C_/Users/conns/.silabs/slt/installs/conan/p/simpl418dd9bdfa44b/p/platform/common/src/sl_assert.c.obj
LOAD CMakeFiles/slc.dir/base/C_/Users/conns/.silabs/slt/installs/conan/p/simpl418dd9bdfa44b/p/platform/common/src/sl_core_cortexm.c.obj
LOAD CMakeFiles/slc.dir/base/C_/Users/conns/.silabs/slt/installs/conan/p/simpl418dd9bdfa44b/p/platform/common/src/sl_syscalls.c.obj
LOAD CMakeFiles/slc.dir/base/C_/Users/conns/.silabs/slt/installs/conan/p/simpl418dd9bdfa44b/p/platform/Device/SiliconLabs/EFR32MG21/Source/startup_efr32mg21.c.obj
LOAD CMakeFiles/slc.dir/base/C_/Users/conns/.silabs/slt/installs/conan/p/simpl418dd9bdfa44b/p/platform/Device/SiliconLabs/EFR32MG21/Source/system_efr32mg21.c.obj
LOAD CMakeFiles/slc.dir/base/C_/Users/conns/.silabs/slt/installs/conan/p/simpl418dd9bdfa44b/p/platform/driver/button/src/sl_button.c.obj
LOAD CMakeFiles/slc.dir/base/C_/Users/conns/.silabs/slt/installs/conan/p/simpl418dd9bdfa44b/p/platform/driver/button/src/sl_simple_button.c.obj
LOAD CMakeFiles/slc.dir/base/C_/Users/conns/.silabs/slt/installs/conan/p/simpl418dd9bdfa44b/p/platform/driver/gpio/src/sl_gpio.c.obj
LOAD CMakeFiles/slc.dir/base/C_/Users/conns/.silabs/slt/installs/conan/p/simpl418dd9bdfa44b/p/platform/driver/leddrv/src/sl_led.c.obj
LOAD CMakeFiles/slc.dir/base/C_/Users/conns/.silabs/slt/installs/conan/p/simpl418dd9bdfa44b/p/platform/driver/leddrv/src/sl_simple_led.c.obj
LOAD CMakeFiles/slc.dir/base/C_/Users/conns/.silabs/slt/installs/conan/p/simpl418dd9bdfa44b/p/platform/emlib/src/em_burtc.c.obj
LOAD CMakeFiles/slc.dir/base/C_/Users/conns/.silabs/slt/installs/conan/p/simpl418dd9bdfa44b/p/platform/emlib/src/em_cmu.c.obj
LOAD CMakeFiles/slc.dir/base/C_/Users/conns/.silabs/slt/installs/conan/p/simpl418dd9bdfa44b/p/platform/emlib/src/em_core.c.obj
LOAD CMakeFiles/slc.dir/base/C_/Users/conns/.silabs/slt/installs/conan/p/simpl418dd9bdfa44b/p/platform/emlib/src/em_emu.c.obj
LOAD CMakeFiles/slc.dir/base/C_/Users/conns/.silabs/slt/installs/conan/p/simpl418dd9bdfa44b/p/platform/emlib/src/em_gpio.c.obj
LOAD CMakeFiles/slc.dir/base/C_/Users/conns/.silabs/slt/installs/conan/p/simpl418dd9bdfa44b/p/platform/emlib/src/em_msc.c.obj
LOAD CMakeFiles/slc.dir/base/C_/Users/conns/.silabs/slt/installs/conan/p/simpl418dd9bdfa44b/p/platform/emlib/src/em_rtcc.c.obj
LOAD CMakeFiles/slc.dir/base/C_/Users/conns/.silabs/slt/installs/conan/p/simpl418dd9bdfa44b/p/platform/emlib/src/em_system.c.obj
LOAD CMakeFiles/slc.dir/base/C_/Users/conns/.silabs/slt/installs/conan/p/simpl418dd9bdfa44b/p/platform/emlib/src/em_timer.c.obj
LOAD CMakeFiles/slc.dir/base/C_/Users/conns/.silabs/slt/installs/conan/p/simpl418dd9bdfa44b/p/platform/peripheral/src/sl_hal_gpio.c.obj
LOAD CMakeFiles/slc.dir/base/C_/Users/conns/.silabs/slt/installs/conan/p/simpl418dd9bdfa44b/p/platform/service/clock_manager/src/sl_clock_manager.c.obj
LOAD CMakeFiles/slc.dir/base/C_/Users/conns/.silabs/slt/installs/conan/p/simpl418dd9bdfa44b/p/platform/service/clock_manager/src/sl_clock_manager_hal_s2.c.obj
LOAD CMakeFiles/slc.dir/base/C_/Users/conns/.silabs/slt/installs/conan/p/simpl418dd9bdfa44b/p/platform/service/clock_manager/src/sl_clock_manager_init.c.obj
LOAD CMakeFiles/slc.dir/base/C_/Users/conns/.silabs/slt/installs/conan/p/simpl418dd9bdfa44b/p/platform/service/clock_manager/src/sl_clock_manager_init_hal_s2.c.obj
LOAD CMakeFiles/slc.dir/base/C_/Users/conns/.silabs/slt/installs/conan/p/simpl418dd9bdfa44b/p/platform/service/device_init/src/sl_device_init_emu_s2.c.obj
LOAD CMakeFiles/slc.dir/base/83c830c4116c3ea9c6821290675166e7/p/simpl418dd9bdfa44b/p/platform/service/device_manager/devices/sl_device_peripheral_hal_efr32xg21.c.obj
LOAD CMakeFiles/slc.dir/base/C_/Users/conns/.silabs/slt/installs/conan/p/simpl418dd9bdfa44b/p/platform/service/device_manager/src/sl_device_clock.c.obj
LOAD CMakeFiles/slc.dir/base/C_/Users/conns/.silabs/slt/installs/conan/p/simpl418dd9bdfa44b/p/platform/service/device_manager/src/sl_device_gpio.c.obj
LOAD CMakeFiles/slc.dir/base/C_/Users/conns/.silabs/slt/installs/conan/p/simpl418dd9bdfa44b/p/platform/service/device_manager/src/sl_device_peripheral.c.obj
LOAD CMakeFiles/slc.dir/base/C_/Users/conns/.silabs/slt/installs/conan/p/simpl418dd9bdfa44b/p/platform/service/interrupt_manager/src/sl_interrupt_manager_cortexm.c.obj
LOAD CMakeFiles/slc.dir/base/C_/Users/conns/.silabs/slt/installs/conan/p/simpl418dd9bdfa44b/p/platform/service/memory_manager/src/sl_memory_manager_region.c.obj
LOAD CMakeFiles/slc.dir/base/C_/Users/conns/.silabs/slt/installs/conan/p/simpl418dd9bdfa44b/p/platform/service/sleeptimer/src/sl_sleeptimer.c.obj
LOAD CMakeFiles/slc.dir/base/C_/Users/conns/.silabs/slt/installs/conan/p/simpl418dd9bdfa44b/p/platform/service/sleeptimer/src/sl_sleeptimer_hal_burtc.c.obj
LOAD CMakeFiles/slc.dir/base/C_/Users/conns/.silabs/slt/installs/conan/p/simpl418dd9bdfa44b/p/platform/service/sleeptimer/src/sl_sleeptimer_hal_prortc.c.obj
LOAD CMakeFiles/slc.dir/base/C_/Users/conns/.silabs/slt/installs/conan/p/simpl418dd9bdfa44b/p/platform/service/sleeptimer/src/sl_sleeptimer_hal_rtcc.c.obj
LOAD CMakeFiles/slc.dir/base/C_/Users/conns/.silabs/slt/installs/conan/p/simpl418dd9bdfa44b/p/platform/service/sleeptimer/src/sl_sleeptimer_hal_timer.c.obj
LOAD CMakeFiles/slc.dir/base/C_/Users/conns/.silabs/slt/installs/conan/p/simpl418dd9bdfa44b/p/platform/service/system/src/sl_system_init.c.obj
LOAD CMakeFiles/slc.dir/base/C_/Users/conns/.silabs/slt/installs/conan/p/simpl418dd9bdfa44b/p/platform/service/system/src/sl_system_process_action.c.obj
LOAD CMakeFiles/slc.dir/base/C_/Users/conns/SimplicityStudio/bare_metal/blink_baremetal/app.c.obj
LOAD CMakeFiles/slc.dir/base/C_/Users/conns/SimplicityStudio/bare_metal/blink_baremetal/autogen/sl_event_handler.c.obj
LOAD CMakeFiles/slc.dir/base/C_/Users/conns/SimplicityStudio/bare_metal/blink_baremetal/autogen/sl_simple_button_instances.c.obj
LOAD CMakeFiles/slc.dir/base/C_/Users/conns/SimplicityStudio/bare_metal/blink_baremetal/autogen/sl_simple_led_instances.c.obj
LOAD CMakeFiles/slc.dir/base/C_/Users/conns/SimplicityStudio/bare_metal/blink_baremetal/blink.c.obj
LOAD CMakeFiles/slc.dir/base/C_/Users/conns/SimplicityStudio/bare_metal/blink_baremetal/main.c.obj
START GROUP
LOAD c:/users/conns/.silabs/slt/installs/conan/p/gcc-ab83b3403fdca6/p/bin/../lib/gcc/arm-none-eabi/12.2.1/thumb/v8-m.main+fp/hard\libgcc.a
LOAD c:/users/conns/.silabs/slt/installs/conan/p/gcc-ab83b3403fdca6/p/bin/../lib/gcc/arm-none-eabi/12.2.1/thumb/v8-m.main+fp/hard\libc_nano.a
LOAD c:/users/conns/.silabs/slt/installs/conan/p/gcc-ab83b3403fdca6/p/bin/../lib/gcc/arm-none-eabi/12.2.1/thumb/v8-m.main+fp/hard\libm.a
LOAD c:/users/conns/.silabs/slt/installs/conan/p/gcc-ab83b3403fdca6/p/bin/../lib/gcc/arm-none-eabi/12.2.1/thumb/v8-m.main+fp/hard\libnosys.a
END GROUP
START GROUP
LOAD c:/users/conns/.silabs/slt/installs/conan/p/gcc-ab83b3403fdca6/p/bin/../lib/gcc/arm-none-eabi/12.2.1/thumb/v8-m.main+fp/hard\libgcc.a
LOAD c:/users/conns/.silabs/slt/installs/conan/p/gcc-ab83b3403fdca6/p/bin/../lib/gcc/arm-none-eabi/12.2.1/thumb/v8-m.main+fp/hard\libc_nano.a
END GROUP
START GROUP
LOAD c:/users/conns/.silabs/slt/installs/conan/p/gcc-ab83b3403fdca6/p/bin/../lib/gcc/arm-none-eabi/12.2.1/thumb/v8-m.main+fp/hard\libgcc.a
LOAD c:/users/conns/.silabs/slt/installs/conan/p/gcc-ab83b3403fdca6/p/bin/../lib/gcc/arm-none-eabi/12.2.1/thumb/v8-m.main+fp/hard\libc_nano.a
END GROUP
LOAD c:/users/conns/.silabs/slt/installs/conan/p/gcc-ab83b3403fdca6/p/bin/../lib/gcc/arm-none-eabi/12.2.1/thumb/v8-m.main+fp/hard/crtend.o
LOAD c:/users/conns/.silabs/slt/installs/conan/p/gcc-ab83b3403fdca6/p/bin/../lib/gcc/arm-none-eabi/12.2.1/thumb/v8-m.main+fp/hard/crtn.o

.vectors        0x00000000      0x134
                0x00000000                linker_vectors_begin = .
 *(.vectors)
 .vectors       0x00000000      0x134 CMakeFiles/slc.dir/base/C_/Users/conns/.silabs/slt/installs/conan/p/simpl418dd9bdfa44b/p/platform/Device/SiliconLabs/EFR32MG21/Source/startup_efr32mg21.c.obj
                0x00000000                __Vectors
                0x00000134                linker_vectors_end = .
                0x00000134                __Vectors_End = .
                0x00000134                __Vectors_Size = (__Vectors_End - __Vectors)
                0x00000134                __lma_ramfuncs_start__ = .

.stack          0x20000000     0x1000
                0x20000000                . = ALIGN (0x8)
                0x20000000                __StackLimit = .
 *(.stack*)
 .stack         0x20000000     0x1000 CMakeFiles/slc.dir/base/C_/Users/conns/.silabs/slt/installs/conan/p/simpl418dd9bdfa44b/p/platform/service/memory_manager/src/sl_memory_manager_region.c.obj
                0x20001000                . = ALIGN (0x4)
                0x20001000                __StackTop = .
                0x20001000                PROVIDE (__stack = __StackTop)

.bss            0x20001000      0x1c4
                0x20001000                . = ALIGN (0x4)
                0x20001000                __bss_start__ = .
 *(SORT_BY_ALIGNMENT(.bss*))
 .bss.object.0  0x20001000       0x18 c:/users/conns/.silabs/slt/installs/conan/p/gcc-ab83b3403fdca6/p/bin/../lib/gcc/arm-none-eabi/12.2.1/thumb/v8-m.main+fp/hard/crtbegin.o
 .bss.gpio_interrupts
                0x20001018      0x168 CMakeFiles/slc.dir/base/C_/Users/conns/.silabs/slt/installs/conan/p/simpl418dd9bdfa44b/p/platform/driver/gpio/src/sl_gpio.c.obj
 .bss.max_millisecond_conversion
                0x20001180        0x4 CMakeFiles/slc.dir/base/C_/Users/conns/.silabs/slt/installs/conan/p/simpl418dd9bdfa44b/p/platform/service/sleeptimer/src/sl_sleeptimer.c.obj
 .bss.last_delta_update_count
                0x20001184        0x4 CMakeFiles/slc.dir/base/C_/Users/conns/.silabs/slt/installs/conan/p/simpl418dd9bdfa44b/p/platform/service/sleeptimer/src/sl_sleeptimer.c.obj
 .bss.timer_head
                0x20001188        0x4 CMakeFiles/slc.dir/base/C_/Users/conns/.silabs/slt/installs/conan/p/simpl418dd9bdfa44b/p/platform/service/sleeptimer/src/sl_sleeptimer.c.obj
 .bss.timer_frequency
                0x2000118c        0x4 CMakeFiles/slc.dir/base/C_/Users/conns/.silabs/slt/installs/conan/p/simpl418dd9bdfa44b/p/platform/service/sleeptimer/src/sl_sleeptimer.c.obj
 .bss.overflow_counter
                0x20001190        0x4 CMakeFiles/slc.dir/base/C_/Users/conns/.silabs/slt/installs/conan/p/simpl418dd9bdfa44b/p/platform/service/sleeptimer/src/sl_sleeptimer.c.obj
 .bss.timer     0x20001194       0x20 CMakeFiles/slc.dir/base/C_/Users/conns/SimplicityStudio/bare_metal/blink_baremetal/app.c.obj
                0x20001194                timer
 .bss.__stdio_exit_handler
                0x200011b4        0x4 c:/users/conns/.silabs/slt/installs/conan/p/gcc-ab83b3403fdca6/p/bin/../lib/gcc/arm-none-eabi/12.2.1/thumb/v8-m.main+fp/hard\libc_nano.a(libc_a-findfp.o)
                0x200011b4                __stdio_exit_handler
 .bss.completed.1
                0x200011b8        0x1 c:/users/conns/.silabs/slt/installs/conan/p/gcc-ab83b3403fdca6/p/bin/../lib/gcc/arm-none-eabi/12.2.1/thumb/v8-m.main+fp/hard/crtbegin.o
 .bss.pclkDiv   0x200011b9        0x1 CMakeFiles/slc.dir/base/C_/Users/conns/.silabs/slt/installs/conan/p/simpl418dd9bdfa44b/p/platform/emlib/src/em_cmu.c.obj
 .bss.is_interrupt_manager_initialized
                0x200011ba        0x1 CMakeFiles/slc.dir/base/C_/Users/conns/.silabs/slt/installs/conan/p/simpl418dd9bdfa44b/p/platform/service/interrupt_manager/src/sl_interrupt_manager_cortexm.c.obj
 .bss.sleep_on_isr_exit
                0x200011bb        0x1 CMakeFiles/slc.dir/base/C_/Users/conns/.silabs/slt/installs/conan/p/simpl418dd9bdfa44b/p/platform/service/sleeptimer/src/sl_sleeptimer.c.obj
 .bss.next_timer_to_expire_is_power_manager
                0x200011bc        0x1 CMakeFiles/slc.dir/base/C_/Users/conns/.silabs/slt/installs/conan/p/simpl418dd9bdfa44b/p/platform/service/sleeptimer/src/sl_sleeptimer.c.obj
 .bss.is_sleeptimer_initialized
                0x200011bd        0x1 CMakeFiles/slc.dir/base/C_/Users/conns/.silabs/slt/installs/conan/p/simpl418dd9bdfa44b/p/platform/service/sleeptimer/src/sl_sleeptimer.c.obj
 .bss.timer_count
                0x200011be        0x1 CMakeFiles/slc.dir/base/C_/Users/conns/SimplicityStudio/bare_metal/blink_baremetal/app.c.obj
                0x200011be                timer_count
 .bss.blink_status.0
                0x200011bf        0x1 CMakeFiles/slc.dir/base/C_/Users/conns/SimplicityStudio/bare_metal/blink_baremetal/blink.c.obj
 .bss.blink_count.1
                0x200011c0        0x1 CMakeFiles/slc.dir/base/C_/Users/conns/SimplicityStudio/bare_metal/blink_baremetal/blink.c.obj
 *(COMMON)
                0x200011c4                . = ALIGN (0x4)
 *fill*         0x200011c1        0x3 
                0x200011c4                __bss_end__ = .

.noinit         0x200011c4        0x0
 *(.noinit*)
                0x200011c4                . = ALIGN (0x4)

text_application_ram
                0x200011c4        0x0 load address 0x00000134
                0x200011c4                . = ALIGN (0x4)
                0x200011c4                __vma_ramfuncs_start__ = .
                0x200011c4                __text_application_ram_start__ = .
 *(text_application_ram)
                0x200011c4                . = ALIGN (0x4)
                0x200011c4                __vma_ramfuncs_end__ = .
                0x200011c4                __text_application_ram_end__ = .

.rodata         0x00000134        0x0
                0x00000134                __lma_ramfuncs_end__ = .
                0x00000134                __rodata_start__ = .
                0x00000134                __rodata_end__ = .

.text           0x00000134     0x2dd4
                0x00000134                linker_code_begin = .
 *(SORT_BY_ALIGNMENT(.text*))
 .text.deregister_tm_clones
                0x00000134       0x1c c:/users/conns/.silabs/slt/installs/conan/p/gcc-ab83b3403fdca6/p/bin/../lib/gcc/arm-none-eabi/12.2.1/thumb/v8-m.main+fp/hard/crtbegin.o
 .text.register_tm_clones
                0x00000150       0x28 c:/users/conns/.silabs/slt/installs/conan/p/gcc-ab83b3403fdca6/p/bin/../lib/gcc/arm-none-eabi/12.2.1/thumb/v8-m.main+fp/hard/crtbegin.o
 .text.__do_global_dtors_aux
                0x00000178       0x28 c:/users/conns/.silabs/slt/installs/conan/p/gcc-ab83b3403fdca6/p/bin/../lib/gcc/arm-none-eabi/12.2.1/thumb/v8-m.main+fp/hard/crtbegin.o
 .text.frame_dummy
                0x000001a0       0x24 c:/users/conns/.silabs/slt/installs/conan/p/gcc-ab83b3403fdca6/p/bin/../lib/gcc/arm-none-eabi/12.2.1/thumb/v8-m.main+fp/hard/crtbegin.o
 .text          0x000001c4       0x7c c:/users/conns/.silabs/slt/installs/conan/p/gcc-ab83b3403fdca6/p/bin/../lib/gcc/arm-none-eabi/12.2.1/thumb/v8-m.main+fp/hard/crt0.o
                0x000001c4                _stack_init
                0x000001cc                _start
                0x000001cc                _mainCRTStartup
 .text.CopyToRam
                0x00000240       0x1c CMakeFiles/slc.dir/base/C_/Users/conns/.silabs/slt/installs/conan/p/simpl418dd9bdfa44b/p/platform/Device/SiliconLabs/EFR32MG21/Source/startup_efr32mg21.c.obj
                0x00000240                CopyToRam
 .text.Reset_Handler
                0x0000025c       0x64 CMakeFiles/slc.dir/base/C_/Users/conns/.silabs/slt/installs/conan/p/simpl418dd9bdfa44b/p/platform/Device/SiliconLabs/EFR32MG21/Source/startup_efr32mg21.c.obj
                0x0000025c                Reset_Handler
 .text.SystemInit
                0x000002c0       0x58 CMakeFiles/slc.dir/base/C_/Users/conns/.silabs/slt/installs/conan/p/simpl418dd9bdfa44b/p/platform/Device/SiliconLabs/EFR32MG21/Source/system_efr32mg21.c.obj
                0x000002c0                SystemInit
 .text.SystemHFRCODPLLClockSet
                0x00000318        0xc CMakeFiles/slc.dir/base/C_/Users/conns/.silabs/slt/installs/conan/p/simpl418dd9bdfa44b/p/platform/Device/SiliconLabs/EFR32MG21/Source/system_efr32mg21.c.obj
                0x00000318                SystemHFRCODPLLClockSet
 .text.sl_simple_button_init
                0x00000324       0x90 CMakeFiles/slc.dir/base/C_/Users/conns/.silabs/slt/installs/conan/p/simpl418dd9bdfa44b/p/platform/driver/button/src/sl_simple_button.c.obj
                0x00000324                sl_simple_button_init
 .text.sl_gpio_dispatch_interrupt
                0x000003b4       0x5c CMakeFiles/slc.dir/base/C_/Users/conns/.silabs/slt/installs/conan/p/simpl418dd9bdfa44b/p/platform/driver/gpio/src/sl_gpio.c.obj
 .text.sl_gpio_init
                0x00000410       0x38 CMakeFiles/slc.dir/base/C_/Users/conns/.silabs/slt/installs/conan/p/simpl418dd9bdfa44b/p/platform/driver/gpio/src/sl_gpio.c.obj
                0x00000410                sl_gpio_init
 .text.sl_gpio_set_pin_mode
                0x00000448       0x80 CMakeFiles/slc.dir/base/C_/Users/conns/.silabs/slt/installs/conan/p/simpl418dd9bdfa44b/p/platform/driver/gpio/src/sl_gpio.c.obj
                0x00000448                sl_gpio_set_pin_mode
 .text.sl_gpio_set_pin
                0x000004c8       0x58 CMakeFiles/slc.dir/base/C_/Users/conns/.silabs/slt/installs/conan/p/simpl418dd9bdfa44b/p/platform/driver/gpio/src/sl_gpio.c.obj
                0x000004c8                sl_gpio_set_pin
 .text.sl_gpio_clear_pin
                0x00000520       0x58 CMakeFiles/slc.dir/base/C_/Users/conns/.silabs/slt/installs/conan/p/simpl418dd9bdfa44b/p/platform/driver/gpio/src/sl_gpio.c.obj
                0x00000520                sl_gpio_clear_pin
 .text.sl_gpio_toggle_pin
                0x00000578       0x5c CMakeFiles/slc.dir/base/C_/Users/conns/.silabs/slt/installs/conan/p/simpl418dd9bdfa44b/p/platform/driver/gpio/src/sl_gpio.c.obj
                0x00000578                sl_gpio_toggle_pin
 .text.sl_gpio_get_pin_output
                0x000005d4       0x64 CMakeFiles/slc.dir/base/C_/Users/conns/.silabs/slt/installs/conan/p/simpl418dd9bdfa44b/p/platform/driver/gpio/src/sl_gpio.c.obj
                0x000005d4                sl_gpio_get_pin_output
 .text.sl_gpio_get_pin_input
                0x00000638       0x64 CMakeFiles/slc.dir/base/C_/Users/conns/.silabs/slt/installs/conan/p/simpl418dd9bdfa44b/p/platform/driver/gpio/src/sl_gpio.c.obj
                0x00000638                sl_gpio_get_pin_input
 .text.sl_gpio_configure_external_interrupt
                0x0000069c       0xe0 CMakeFiles/slc.dir/base/C_/Users/conns/.silabs/slt/installs/conan/p/simpl418dd9bdfa44b/p/platform/driver/gpio/src/sl_gpio.c.obj
                0x0000069c                sl_gpio_configure_external_interrupt
 .text.sl_gpio_deconfigure_external_interrupt
                0x0000077c       0x4c CMakeFiles/slc.dir/base/C_/Users/conns/.silabs/slt/installs/conan/p/simpl418dd9bdfa44b/p/platform/driver/gpio/src/sl_gpio.c.obj
                0x0000077c                sl_gpio_deconfigure_external_interrupt
 .text.sl_gpio_configure_wakeup_em4_interrupt
                0x000007c8       0xb8 CMakeFiles/slc.dir/base/C_/Users/conns/.silabs/slt/installs/conan/p/simpl418dd9bdfa44b/p/platform/driver/gpio/src/sl_gpio.c.obj
                0x000007c8                sl_gpio_configure_wakeup_em4_interrupt
 .text.GPIO_EVEN_IRQHandler
                0x00000880       0x1c CMakeFiles/slc.dir/base/C_/Users/conns/.silabs/slt/installs/conan/p/simpl418dd9bdfa44b/p/platform/driver/gpio/src/sl_gpio.c.obj
                0x00000880                GPIO_EVEN_IRQHandler
 .text.GPIO_ODD_IRQHandler
                0x0000089c       0x1c CMakeFiles/slc.dir/base/C_/Users/conns/.silabs/slt/installs/conan/p/simpl418dd9bdfa44b/p/platform/driver/gpio/src/sl_gpio.c.obj
                0x0000089c                GPIO_ODD_IRQHandler
 .text.sl_simple_led_init
                0x000008b8       0x34 CMakeFiles/slc.dir/base/C_/Users/conns/.silabs/slt/installs/conan/p/simpl418dd9bdfa44b/p/platform/driver/leddrv/src/sl_simple_led.c.obj
                0x000008b8                sl_simple_led_init
 .text.dpllRefClkGet
                0x000008ec       0x48 CMakeFiles/slc.dir/base/C_/Users/conns/.silabs/slt/installs/conan/p/simpl418dd9bdfa44b/p/platform/emlib/src/em_cmu.c.obj
 .text.em23GrpaClkGet
                0x00000934       0x48 CMakeFiles/slc.dir/base/C_/Users/conns/.silabs/slt/installs/conan/p/simpl418dd9bdfa44b/p/platform/emlib/src/em_cmu.c.obj
 .text.em4GrpaClkGet
                0x0000097c       0x48 CMakeFiles/slc.dir/base/C_/Users/conns/.silabs/slt/installs/conan/p/simpl418dd9bdfa44b/p/platform/emlib/src/em_cmu.c.obj
 .text.flashWaitStateControl
                0x000009c4       0x60 CMakeFiles/slc.dir/base/C_/Users/conns/.silabs/slt/installs/conan/p/simpl418dd9bdfa44b/p/platform/emlib/src/em_cmu.c.obj
 .text.em01GrpaClkGet
                0x00000a24       0x64 CMakeFiles/slc.dir/base/C_/Users/conns/.silabs/slt/installs/conan/p/simpl418dd9bdfa44b/p/platform/emlib/src/em_cmu.c.obj
 .text.iadcClkGet
                0x00000a88       0x60 CMakeFiles/slc.dir/base/C_/Users/conns/.silabs/slt/installs/conan/p/simpl418dd9bdfa44b/p/platform/emlib/src/em_cmu.c.obj
 .text.wdog0ClkGet
                0x00000ae8       0x64 CMakeFiles/slc.dir/base/C_/Users/conns/.silabs/slt/installs/conan/p/simpl418dd9bdfa44b/p/platform/emlib/src/em_cmu.c.obj
 .text.wdog1ClkGet
                0x00000b4c       0x64 CMakeFiles/slc.dir/base/C_/Users/conns/.silabs/slt/installs/conan/p/simpl418dd9bdfa44b/p/platform/emlib/src/em_cmu.c.obj
 .text.traceClkGet
                0x00000bb0       0x48 CMakeFiles/slc.dir/base/C_/Users/conns/.silabs/slt/installs/conan/p/simpl418dd9bdfa44b/p/platform/emlib/src/em_cmu.c.obj
 .text.rtccClkGet
                0x00000bf8       0x54 CMakeFiles/slc.dir/base/C_/Users/conns/.silabs/slt/installs/conan/p/simpl418dd9bdfa44b/p/platform/emlib/src/em_cmu.c.obj
 .text.HFRCODPLLDevinfoGet
                0x00000c4c      0x108 CMakeFiles/slc.dir/base/C_/Users/conns/.silabs/slt/installs/conan/p/simpl418dd9bdfa44b/p/platform/emlib/src/em_cmu.c.obj
 .text.CMU_ClockDivGet
                0x00000d54       0x50 CMakeFiles/slc.dir/base/C_/Users/conns/.silabs/slt/installs/conan/p/simpl418dd9bdfa44b/p/platform/emlib/src/em_cmu.c.obj
                0x00000d54                CMU_ClockDivGet
 .text.CMU_ClockFreqGet
                0x00000da4      0x104 CMakeFiles/slc.dir/base/C_/Users/conns/.silabs/slt/installs/conan/p/simpl418dd9bdfa44b/p/platform/emlib/src/em_cmu.c.obj
                0x00000da4                CMU_ClockFreqGet
 .text.pclkDivOptimize
                0x00000ea8       0x20 CMakeFiles/slc.dir/base/C_/Users/conns/.silabs/slt/installs/conan/p/simpl418dd9bdfa44b/p/platform/emlib/src/em_cmu.c.obj
 .text.CMU_ClockDivSet
                0x00000ec8       0xac CMakeFiles/slc.dir/base/C_/Users/conns/.silabs/slt/installs/conan/p/simpl418dd9bdfa44b/p/platform/emlib/src/em_cmu.c.obj
                0x00000ec8                CMU_ClockDivSet
 .text.CMU_ClockSelectGet
                0x00000f74       0xf8 CMakeFiles/slc.dir/base/C_/Users/conns/.silabs/slt/installs/conan/p/simpl418dd9bdfa44b/p/platform/emlib/src/em_cmu.c.obj
                0x00000f74                CMU_ClockSelectGet
 .text.sli_em_cmu_SYSCLKInitPreClockSelect
                0x0000106c       0x1c CMakeFiles/slc.dir/base/C_/Users/conns/.silabs/slt/installs/conan/p/simpl418dd9bdfa44b/p/platform/emlib/src/em_cmu.c.obj
                0x0000106c                sli_em_cmu_SYSCLKInitPreClockSelect
 .text.sli_em_cmu_SYSCLKInitPostClockSelect
                0x00001088       0x2c CMakeFiles/slc.dir/base/C_/Users/conns/.silabs/slt/installs/conan/p/simpl418dd9bdfa44b/p/platform/emlib/src/em_cmu.c.obj
                0x00001088                sli_em_cmu_SYSCLKInitPostClockSelect
 .text.sli_em_cmu_SYSTICEXTCLKENClear
                0x000010b4       0x10 CMakeFiles/slc.dir/base/C_/Users/conns/.silabs/slt/installs/conan/p/simpl418dd9bdfa44b/p/platform/emlib/src/em_cmu.c.obj
                0x000010b4                sli_em_cmu_SYSTICEXTCLKENClear
 .text.CMU_HFRCODPLLBandSet
                0x000010c4       0xd0 CMakeFiles/slc.dir/base/C_/Users/conns/.silabs/slt/installs/conan/p/simpl418dd9bdfa44b/p/platform/emlib/src/em_cmu.c.obj
                0x000010c4                CMU_HFRCODPLLBandSet
 .text.CMU_HFRCOEM23BandSet
                0x00001194      0x144 CMakeFiles/slc.dir/base/C_/Users/conns/.silabs/slt/installs/conan/p/simpl418dd9bdfa44b/p/platform/emlib/src/em_cmu.c.obj
                0x00001194                CMU_HFRCOEM23BandSet
 .text.EMU_EM4Init
                0x000012d8       0x14 CMakeFiles/slc.dir/base/C_/Users/conns/.silabs/slt/installs/conan/p/simpl418dd9bdfa44b/p/platform/emlib/src/em_emu.c.obj
                0x000012d8                EMU_EM4Init
 .text.RTCC_ChannelInit
                0x000012ec       0x48 CMakeFiles/slc.dir/base/C_/Users/conns/.silabs/slt/installs/conan/p/simpl418dd9bdfa44b/p/platform/emlib/src/em_rtcc.c.obj
                0x000012ec                RTCC_ChannelInit
 .text.RTCC_Enable
                0x00001334       0x54 CMakeFiles/slc.dir/base/C_/Users/conns/.silabs/slt/installs/conan/p/simpl418dd9bdfa44b/p/platform/emlib/src/em_rtcc.c.obj
                0x00001334                RTCC_Enable
 .text.RTCC_Init
                0x00001388       0x48 CMakeFiles/slc.dir/base/C_/Users/conns/.silabs/slt/installs/conan/p/simpl418dd9bdfa44b/p/platform/emlib/src/em_rtcc.c.obj
                0x00001388                RTCC_Init
 .text.SYSTEM_ChipRevisionGet
                0x000013d0       0x1c CMakeFiles/slc.dir/base/C_/Users/conns/.silabs/slt/installs/conan/p/simpl418dd9bdfa44b/p/platform/emlib/src/em_system.c.obj
                0x000013d0                SYSTEM_ChipRevisionGet
 .text.sl_hal_gpio_clear_pin
                0x000013ec       0x5c CMakeFiles/slc.dir/base/C_/Users/conns/.silabs/slt/installs/conan/p/simpl418dd9bdfa44b/p/platform/peripheral/src/sl_hal_gpio.c.obj
                0x000013ec                sl_hal_gpio_clear_pin
 .text.sl_hal_gpio_get_pin_input
                0x00001448       0x58 CMakeFiles/slc.dir/base/C_/Users/conns/.silabs/slt/installs/conan/p/simpl418dd9bdfa44b/p/platform/peripheral/src/sl_hal_gpio.c.obj
                0x00001448                sl_hal_gpio_get_pin_input
 .text.sl_hal_gpio_get_pin_output
                0x000014a0       0x58 CMakeFiles/slc.dir/base/C_/Users/conns/.silabs/slt/installs/conan/p/simpl418dd9bdfa44b/p/platform/peripheral/src/sl_hal_gpio.c.obj
                0x000014a0                sl_hal_gpio_get_pin_output
 .text.sl_hal_gpio_toggle_pin
                0x000014f8       0x5c CMakeFiles/slc.dir/base/C_/Users/conns/.silabs/slt/installs/conan/p/simpl418dd9bdfa44b/p/platform/peripheral/src/sl_hal_gpio.c.obj
                0x000014f8                sl_hal_gpio_toggle_pin
 .text.sl_hal_gpio_get_enabled_pending_interrupts
                0x00001554       0x14 CMakeFiles/slc.dir/base/C_/Users/conns/.silabs/slt/installs/conan/p/simpl418dd9bdfa44b/p/platform/peripheral/src/sl_hal_gpio.c.obj
                0x00001554                sl_hal_gpio_get_enabled_pending_interrupts
 .text.sl_hal_gpio_get_em4_interrupt_number
                0x00001568       0x68 CMakeFiles/slc.dir/base/C_/Users/conns/.silabs/slt/installs/conan/p/simpl418dd9bdfa44b/p/platform/peripheral/src/sl_hal_gpio.c.obj
                0x00001568                sl_hal_gpio_get_em4_interrupt_number
 .text.sl_hal_gpio_set_pin_em4_retention
                0x000015d0       0x20 CMakeFiles/slc.dir/base/C_/Users/conns/.silabs/slt/installs/conan/p/simpl418dd9bdfa44b/p/platform/peripheral/src/sl_hal_gpio.c.obj
                0x000015d0                sl_hal_gpio_set_pin_em4_retention
 .text.sl_hal_gpio_set_pin_mode
                0x000015f0       0xd8 CMakeFiles/slc.dir/base/C_/Users/conns/.silabs/slt/installs/conan/p/simpl418dd9bdfa44b/p/platform/peripheral/src/sl_hal_gpio.c.obj
                0x000015f0                sl_hal_gpio_set_pin_mode
 .text.sl_hal_gpio_configure_external_interrupt
                0x000016c8      0x148 CMakeFiles/slc.dir/base/C_/Users/conns/.silabs/slt/installs/conan/p/simpl418dd9bdfa44b/p/platform/peripheral/src/sl_hal_gpio.c.obj
                0x000016c8                sl_hal_gpio_configure_external_interrupt
 .text.sl_hal_gpio_enable_pin_em4_wakeup
                0x00001810       0x68 CMakeFiles/slc.dir/base/C_/Users/conns/.silabs/slt/installs/conan/p/simpl418dd9bdfa44b/p/platform/peripheral/src/sl_hal_gpio.c.obj
                0x00001810                sl_hal_gpio_enable_pin_em4_wakeup
 .text.sl_hal_gpio_configure_wakeup_em4_external_interrupt
                0x00001878       0x8c CMakeFiles/slc.dir/base/C_/Users/conns/.silabs/slt/installs/conan/p/simpl418dd9bdfa44b/p/platform/peripheral/src/sl_hal_gpio.c.obj
                0x00001878                sl_hal_gpio_configure_wakeup_em4_external_interrupt
 .text.sli_clock_manager_hal_init
                0x00001904      0x108 CMakeFiles/slc.dir/base/C_/Users/conns/.silabs/slt/installs/conan/p/simpl418dd9bdfa44b/p/platform/service/clock_manager/src/sl_clock_manager_init_hal_s2.c.obj
                0x00001904                sli_clock_manager_hal_init
 .text.sl_device_init_emu
                0x00001a0c       0x24 CMakeFiles/slc.dir/base/C_/Users/conns/.silabs/slt/installs/conan/p/simpl418dd9bdfa44b/p/platform/service/device_init/src/sl_device_init_emu_s2.c.obj
                0x00001a0c                sl_device_init_emu
 .text.sl_interrupt_manager_enable_irq
                0x00001a30       0x34 CMakeFiles/slc.dir/base/C_/Users/conns/.silabs/slt/installs/conan/p/simpl418dd9bdfa44b/p/platform/service/interrupt_manager/src/sl_interrupt_manager_cortexm.c.obj
                0x00001a30                sl_interrupt_manager_enable_irq
 .text.sl_interrupt_manager_is_irq_disabled
                0x00001a64       0x30 CMakeFiles/slc.dir/base/C_/Users/conns/.silabs/slt/installs/conan/p/simpl418dd9bdfa44b/p/platform/service/interrupt_manager/src/sl_interrupt_manager_cortexm.c.obj
                0x00001a64                sl_interrupt_manager_is_irq_disabled
 .text.sl_interrupt_manager_clear_irq_pending
                0x00001a94       0x1c CMakeFiles/slc.dir/base/C_/Users/conns/.silabs/slt/installs/conan/p/simpl418dd9bdfa44b/p/platform/service/interrupt_manager/src/sl_interrupt_manager_cortexm.c.obj
                0x00001a94                sl_interrupt_manager_clear_irq_pending
 .text.sl_interrupt_manager_set_irq_priority
                0x00001ab0       0x50 CMakeFiles/slc.dir/base/C_/Users/conns/.silabs/slt/installs/conan/p/simpl418dd9bdfa44b/p/platform/service/interrupt_manager/src/sl_interrupt_manager_cortexm.c.obj
                0x00001ab0                sl_interrupt_manager_set_irq_priority
 .text.sl_interrupt_manager_init
                0x00001b00       0x34 CMakeFiles/slc.dir/base/C_/Users/conns/.silabs/slt/installs/conan/p/simpl418dd9bdfa44b/p/platform/service/interrupt_manager/src/sl_interrupt_manager_cortexm.c.obj
                0x00001b00                sl_interrupt_manager_init
 .text.sl_sleeptimer_init
                0x00001b34       0x74 CMakeFiles/slc.dir/base/C_/Users/conns/.silabs/slt/installs/conan/p/simpl418dd9bdfa44b/p/platform/service/sleeptimer/src/sl_sleeptimer.c.obj
                0x00001b34                sl_sleeptimer_init
 .text.sleeptimer_hal_init_timer
                0x00001ba8       0x80 CMakeFiles/slc.dir/base/C_/Users/conns/.silabs/slt/installs/conan/p/simpl418dd9bdfa44b/p/platform/service/sleeptimer/src/sl_sleeptimer_hal_rtcc.c.obj
                0x00001ba8                sleeptimer_hal_init_timer
 .text.RTCC_IRQHandler
                0x00001c28       0x34 CMakeFiles/slc.dir/base/C_/Users/conns/.silabs/slt/installs/conan/p/simpl418dd9bdfa44b/p/platform/service/sleeptimer/src/sl_sleeptimer_hal_rtcc.c.obj
                0x00001c28                RTCC_IRQHandler
 .text.on_timeout
                0x00001c5c       0x10 CMakeFiles/slc.dir/base/C_/Users/conns/SimplicityStudio/bare_metal/blink_baremetal/app.c.obj
 .text.app_init
                0x00001c6c       0x24 CMakeFiles/slc.dir/base/C_/Users/conns/SimplicityStudio/bare_metal/blink_baremetal/app.c.obj
                0x00001c6c                app_init
 .text.get_timer_count
                0x00001c90        0xc CMakeFiles/slc.dir/base/C_/Users/conns/SimplicityStudio/bare_metal/blink_baremetal/app.c.obj
                0x00001c90                get_timer_count
 .text.sl_platform_init
                0x00001c9c       0xa0 CMakeFiles/slc.dir/base/C_/Users/conns/SimplicityStudio/bare_metal/blink_baremetal/autogen/sl_event_handler.c.obj
                0x00001c9c                sl_platform_init
 .text.sl_simple_button_init_instances
                0x00001d3c        0xc CMakeFiles/slc.dir/base/C_/Users/conns/SimplicityStudio/bare_metal/blink_baremetal/autogen/sl_simple_button_instances.c.obj
                0x00001d3c                sl_simple_button_init_instances
 .text.sl_simple_led_init_instances
                0x00001d48        0xc CMakeFiles/slc.dir/base/C_/Users/conns/SimplicityStudio/bare_metal/blink_baremetal/autogen/sl_simple_led_instances.c.obj
                0x00001d48                sl_simple_led_init_instances
 .text.blink_process_action
                0x00001d54       0x4c CMakeFiles/slc.dir/base/C_/Users/conns/SimplicityStudio/bare_metal/blink_baremetal/blink.c.obj
                0x00001d54                blink_process_action
 .text          0x00001da0       0x30 c:/users/conns/.silabs/slt/installs/conan/p/gcc-ab83b3403fdca6/p/bin/../lib/gcc/arm-none-eabi/12.2.1/thumb/v8-m.main+fp/hard\libgcc.a(_aeabi_uldivmod.o)
                0x00001da0                __aeabi_uldivmod
 .text.__udivmoddi4
                0x00001dd0      0x2ec c:/users/conns/.silabs/slt/installs/conan/p/gcc-ab83b3403fdca6/p/bin/../lib/gcc/arm-none-eabi/12.2.1/thumb/v8-m.main+fp/hard\libgcc.a(_udivmoddi4.o)
                0x00001dd0                __udivmoddi4
 .text          0x000020bc        0x4 c:/users/conns/.silabs/slt/installs/conan/p/gcc-ab83b3403fdca6/p/bin/../lib/gcc/arm-none-eabi/12.2.1/thumb/v8-m.main+fp/hard\libgcc.a(_dvmd_tls.o)
                0x000020bc                __aeabi_idiv0
                0x000020bc                __aeabi_ldiv0
 .text.exit     0x000020c0       0x24 c:/users/conns/.silabs/slt/installs/conan/p/gcc-ab83b3403fdca6/p/bin/../lib/gcc/arm-none-eabi/12.2.1/thumb/v8-m.main+fp/hard\libc_nano.a(libc_a-exit.o)
                0x000020c0                exit
 .text.__libc_init_array
                0x000020e4       0x48 c:/users/conns/.silabs/slt/installs/conan/p/gcc-ab83b3403fdca6/p/bin/../lib/gcc/arm-none-eabi/12.2.1/thumb/v8-m.main+fp/hard\libc_nano.a(libc_a-init.o)
                0x000020e4                __libc_init_array
 .text.assertEFM
                0x0000212c        0x2 CMakeFiles/slc.dir/base/C_/Users/conns/.silabs/slt/installs/conan/p/simpl418dd9bdfa44b/p/platform/common/src/sl_assert.c.obj
                0x0000212c                assertEFM
 .text._exit    0x0000212e        0x2 CMakeFiles/slc.dir/base/C_/Users/conns/.silabs/slt/installs/conan/p/simpl418dd9bdfa44b/p/platform/common/src/sl_syscalls.c.obj
                0x0000212e                _exit
 .text.Default_Handler
                0x00002130        0x2 CMakeFiles/slc.dir/base/C_/Users/conns/.silabs/slt/installs/conan/p/simpl418dd9bdfa44b/p/platform/Device/SiliconLabs/EFR32MG21/Source/startup_efr32mg21.c.obj
                0x00002130                ULFRCO_IRQHandler
                0x00002130                SW2_IRQHandler
                0x00002130                TIMER2_IRQHandler
                0x00002130                DebugMon_Handler
                0x00002130                USART0_TX_IRQHandler
                0x00002130                PRORTC_IRQHandler
                0x00002130                IADC_IRQHandler
                0x00002130                I2C0_IRQHandler
                0x00002130                LFXO_IRQHandler
                0x00002130                HardFault_Handler
                0x00002130                SMU_SECURE_IRQHandler
                0x00002130                SysTick_Handler
                0x00002130                USART1_RX_IRQHandler
                0x00002130                PendSV_Handler
                0x00002130                NMI_Handler
                0x00002130                SYNTH_IRQHandler
                0x00002130                I2C1_IRQHandler
                0x00002130                WDOG0_IRQHandler
                0x00002130                TIMER3_IRQHandler
                0x00002130                SYSCFG_IRQHandler
                0x00002130                EMUSE_IRQHandler
                0x00002130                EMUDG_IRQHandler
                0x00002130                USART1_TX_IRQHandler
                0x00002130                SMU_PRIVILEGED_IRQHandler
                0x00002130                MSC_IRQHandler
                0x00002130                DPLL0_IRQHandler
                0x00002130                UsageFault_Handler
                0x00002130                WDOG1_IRQHandler
                0x00002130                M33CTI1_IRQHandler
                0x00002130                LDMA_IRQHandler
                0x00002130                SEMBTX_IRQHandler
                0x00002130                SW0_IRQHandler
                0x00002130                TIMER0_IRQHandler
                0x00002130                LETIMER0_IRQHandler
                0x00002130                TIMER1_IRQHandler
                0x00002130                HFRCO0_IRQHandler
                0x00002130                SecureFault_Handler
                0x00002130                BUFC_IRQHandler
                0x00002130                MODEM_IRQHandler
                0x00002130                USART2_RX_IRQHandler
                0x00002130                Default_Handler
                0x00002130                RAC_SEQ_IRQHandler
                0x00002130                FRC_PRI_IRQHandler
                0x00002130                EMU_IRQHandler
                0x00002130                SW3_IRQHandler
                0x00002130                KERNEL0_IRQHandler
                0x00002130                FRC_IRQHandler
                0x00002130                KERNEL1_IRQHandler
                0x00002130                AGC_IRQHandler
                0x00002130                sl_app_properties
                0x00002130                HFRCOEM23_IRQHandler
                0x00002130                BURTC_IRQHandler
                0x00002130                SEMBRX_IRQHandler
                0x00002130                LFRCO_IRQHandler
                0x00002130                ACMP0_IRQHandler
                0x00002130                USART0_RX_IRQHandler
                0x00002130                MemManage_Handler
                0x00002130                SVC_Handler
                0x00002130                HFXO00_IRQHandler
                0x00002130                SW1_IRQHandler
                0x00002130                CMU_IRQHandler
                0x00002130                RAC_RSM_IRQHandler
                0x00002130                SETAMPERHOST_IRQHandler
                0x00002130                AES_IRQHandler
                0x00002130                M33CTI0_IRQHandler
                0x00002130                ICACHE0_IRQHandler
                0x00002130                PROTIMER_IRQHandler
                0x00002130                ACMP1_IRQHandler
                0x00002130                BusFault_Handler
                0x00002130                USART2_TX_IRQHandler
 .text.CopyInstructions
                0x00002132       0x1a CMakeFiles/slc.dir/base/C_/Users/conns/.silabs/slt/installs/conan/p/simpl418dd9bdfa44b/p/platform/Device/SiliconLabs/EFR32MG21/Source/startup_efr32mg21.c.obj
                0x00002132                CopyInstructions
 .text.sl_button_init
                0x0000214c        0xa CMakeFiles/slc.dir/base/C_/Users/conns/.silabs/slt/installs/conan/p/simpl418dd9bdfa44b/p/platform/driver/button/src/sl_button.c.obj
                0x0000214c                sl_button_init
 .text.sl_button_on_change
                0x00002156        0x2 CMakeFiles/slc.dir/base/C_/Users/conns/.silabs/slt/installs/conan/p/simpl418dd9bdfa44b/p/platform/driver/button/src/sl_button.c.obj
                0x00002156                sl_button_on_change
 .text.sli_simple_button_on_change
                0x00002158       0x30 CMakeFiles/slc.dir/base/C_/Users/conns/.silabs/slt/installs/conan/p/simpl418dd9bdfa44b/p/platform/driver/button/src/sl_simple_button.c.obj
 .text.sl_simple_button_get_state
                0x00002188        0x6 CMakeFiles/slc.dir/base/C_/Users/conns/.silabs/slt/installs/conan/p/simpl418dd9bdfa44b/p/platform/driver/button/src/sl_simple_button.c.obj
                0x00002188                sl_simple_button_get_state
 .text.sl_simple_button_poll_step
                0x0000218e       0x58 CMakeFiles/slc.dir/base/C_/Users/conns/.silabs/slt/installs/conan/p/simpl418dd9bdfa44b/p/platform/driver/button/src/sl_simple_button.c.obj
                0x0000218e                sl_simple_button_poll_step
 .text.sl_simple_button_enable
                0x000021e6       0x12 CMakeFiles/slc.dir/base/C_/Users/conns/.silabs/slt/installs/conan/p/simpl418dd9bdfa44b/p/platform/driver/button/src/sl_simple_button.c.obj
                0x000021e6                sl_simple_button_enable
 .text.sl_simple_button_disable
                0x000021f8       0x1c CMakeFiles/slc.dir/base/C_/Users/conns/.silabs/slt/installs/conan/p/simpl418dd9bdfa44b/p/platform/driver/button/src/sl_simple_button.c.obj
                0x000021f8                sl_simple_button_disable
 .text.sl_led_init
                0x00002214        0x6 CMakeFiles/slc.dir/base/C_/Users/conns/.silabs/slt/installs/conan/p/simpl418dd9bdfa44b/p/platform/driver/leddrv/src/sl_led.c.obj
                0x00002214                sl_led_init
 .text.sl_led_turn_on
                0x0000221a        0x6 CMakeFiles/slc.dir/base/C_/Users/conns/.silabs/slt/installs/conan/p/simpl418dd9bdfa44b/p/platform/driver/leddrv/src/sl_led.c.obj
                0x0000221a                sl_led_turn_on
 .text.sl_led_turn_off
                0x00002220        0x6 CMakeFiles/slc.dir/base/C_/Users/conns/.silabs/slt/installs/conan/p/simpl418dd9bdfa44b/p/platform/driver/leddrv/src/sl_led.c.obj
                0x00002220                sl_led_turn_off
 .text.sl_simple_led_turn_on
                0x00002226       0x24 CMakeFiles/slc.dir/base/C_/Users/conns/.silabs/slt/installs/conan/p/simpl418dd9bdfa44b/p/platform/driver/leddrv/src/sl_simple_led.c.obj
                0x00002226                sl_simple_led_turn_on
 .text.sl_simple_led_turn_off
                0x0000224a       0x24 CMakeFiles/slc.dir/base/C_/Users/conns/.silabs/slt/installs/conan/p/simpl418dd9bdfa44b/p/platform/driver/leddrv/src/sl_simple_led.c.obj
                0x0000224a                sl_simple_led_turn_off
 .text.sl_simple_led_toggle
                0x0000226e       0x1a CMakeFiles/slc.dir/base/C_/Users/conns/.silabs/slt/installs/conan/p/simpl418dd9bdfa44b/p/platform/driver/leddrv/src/sl_simple_led.c.obj
                0x0000226e                sl_simple_led_toggle
 .text.sl_simple_led_get_state
                0x00002288       0x2a CMakeFiles/slc.dir/base/C_/Users/conns/.silabs/slt/installs/conan/p/simpl418dd9bdfa44b/p/platform/driver/leddrv/src/sl_simple_led.c.obj
                0x00002288                sl_simple_led_get_state
 .text.waitStateMax
                0x000022b2       0x10 CMakeFiles/slc.dir/base/C_/Users/conns/.silabs/slt/installs/conan/p/simpl418dd9bdfa44b/p/platform/emlib/src/em_cmu.c.obj
 .text.pclkDivMax
                0x000022c2        0x8 CMakeFiles/slc.dir/base/C_/Users/conns/.silabs/slt/installs/conan/p/simpl418dd9bdfa44b/p/platform/emlib/src/em_cmu.c.obj
 .text.RTCC_SyncWait
                0x000022ca       0x10 CMakeFiles/slc.dir/base/C_/Users/conns/.silabs/slt/installs/conan/p/simpl418dd9bdfa44b/p/platform/emlib/src/em_rtcc.c.obj
 .text.sl_hal_bus_reg_write_mask
                0x000022da       0x1e CMakeFiles/slc.dir/base/C_/Users/conns/.silabs/slt/installs/conan/p/simpl418dd9bdfa44b/p/platform/peripheral/src/sl_hal_gpio.c.obj
 .text.sl_hal_gpio_get_external_interrupt_number
                0x000022f8       0x34 CMakeFiles/slc.dir/base/C_/Users/conns/.silabs/slt/installs/conan/p/simpl418dd9bdfa44b/p/platform/peripheral/src/sl_hal_gpio.c.obj
                0x000022f8                sl_hal_gpio_get_external_interrupt_number
 .text.sl_clock_manager_runtime_init
                0x0000232c        0x4 CMakeFiles/slc.dir/base/C_/Users/conns/.silabs/slt/installs/conan/p/simpl418dd9bdfa44b/p/platform/service/clock_manager/src/sl_clock_manager.c.obj
                0x0000232c                sl_clock_manager_runtime_init
 .text.sl_clock_manager_enable_bus_clock
                0x00002330        0x6 CMakeFiles/slc.dir/base/C_/Users/conns/.silabs/slt/installs/conan/p/simpl418dd9bdfa44b/p/platform/service/clock_manager/src/sl_clock_manager.c.obj
                0x00002330                sl_clock_manager_enable_bus_clock
 .text.sli_clock_manager_hal_runtime_init
                0x00002336        0x4 CMakeFiles/slc.dir/base/C_/Users/conns/.silabs/slt/installs/conan/p/simpl418dd9bdfa44b/p/platform/service/clock_manager/src/sl_clock_manager_hal_s2.c.obj
                0x00002336                sli_clock_manager_hal_runtime_init
 .text.sli_clock_manager_hal_enable_bus_clock
                0x0000233a        0x4 CMakeFiles/slc.dir/base/C_/Users/conns/.silabs/slt/installs/conan/p/simpl418dd9bdfa44b/p/platform/service/clock_manager/src/sl_clock_manager_hal_s2.c.obj
                0x0000233a                sli_clock_manager_hal_enable_bus_clock
 .text.sl_clock_manager_init
                0x0000233e        0x4 CMakeFiles/slc.dir/base/C_/Users/conns/.silabs/slt/installs/conan/p/simpl418dd9bdfa44b/p/platform/service/clock_manager/src/sl_clock_manager_init.c.obj
                0x0000233e                sl_clock_manager_init
 .text.sleeptimer_hal_presc_to_log2.constprop.0
                0x00002342        0x4 CMakeFiles/slc.dir/base/C_/Users/conns/.silabs/slt/installs/conan/p/simpl418dd9bdfa44b/p/platform/service/sleeptimer/src/sl_sleeptimer_hal_rtcc.c.obj
 .text.sl_system_init
                0x00002346       0x1a CMakeFiles/slc.dir/base/C_/Users/conns/.silabs/slt/installs/conan/p/simpl418dd9bdfa44b/p/platform/service/system/src/sl_system_init.c.obj
                0x00002346                sl_system_init
 .text.sl_system_process_action
                0x00002360       0x16 CMakeFiles/slc.dir/base/C_/Users/conns/.silabs/slt/installs/conan/p/simpl418dd9bdfa44b/p/platform/service/system/src/sl_system_process_action.c.obj
                0x00002360                sl_system_process_action
 .text.app_process_action
                0x00002376        0x4 CMakeFiles/slc.dir/base/C_/Users/conns/SimplicityStudio/bare_metal/blink_baremetal/app.c.obj
                0x00002376                app_process_action
 .text.sl_driver_init
                0x0000237a       0x12 CMakeFiles/slc.dir/base/C_/Users/conns/SimplicityStudio/bare_metal/blink_baremetal/autogen/sl_event_handler.c.obj
                0x0000237a                sl_driver_init
 .text.sl_service_init
                0x0000238c        0x4 CMakeFiles/slc.dir/base/C_/Users/conns/SimplicityStudio/bare_metal/blink_baremetal/autogen/sl_event_handler.c.obj
                0x0000238c                sl_service_init
 .text.sl_stack_init
                0x00002390        0x2 CMakeFiles/slc.dir/base/C_/Users/conns/SimplicityStudio/bare_metal/blink_baremetal/autogen/sl_event_handler.c.obj
                0x00002390                sl_stack_init
 .text.sl_internal_app_init
                0x00002392        0x2 CMakeFiles/slc.dir/base/C_/Users/conns/SimplicityStudio/bare_metal/blink_baremetal/autogen/sl_event_handler.c.obj
                0x00002392                sl_internal_app_init
 .text.sl_platform_process_action
                0x00002394        0x2 CMakeFiles/slc.dir/base/C_/Users/conns/SimplicityStudio/bare_metal/blink_baremetal/autogen/sl_event_handler.c.obj
                0x00002394                sl_platform_process_action
 .text.sl_service_process_action
                0x00002396        0x2 CMakeFiles/slc.dir/base/C_/Users/conns/SimplicityStudio/bare_metal/blink_baremetal/autogen/sl_event_handler.c.obj
                0x00002396                sl_service_process_action
 .text.sl_stack_process_action
                0x00002398        0x2 CMakeFiles/slc.dir/base/C_/Users/conns/SimplicityStudio/bare_metal/blink_baremetal/autogen/sl_event_handler.c.obj
                0x00002398                sl_stack_process_action
 .text.sl_internal_app_process_action
                0x0000239a        0x2 CMakeFiles/slc.dir/base/C_/Users/conns/SimplicityStudio/bare_metal/blink_baremetal/autogen/sl_event_handler.c.obj
                0x0000239a                sl_internal_app_process_action
 .text.startup.main
                0x0000239c       0x14 CMakeFiles/slc.dir/base/C_/Users/conns/SimplicityStudio/bare_metal/blink_baremetal/main.c.obj
                0x0000239c                main
 .text.memset   0x000023b0       0x10 c:/users/conns/.silabs/slt/installs/conan/p/gcc-ab83b3403fdca6/p/bin/../lib/gcc/arm-none-eabi/12.2.1/thumb/v8-m.main+fp/hard\libc_nano.a(libc_a-memset.o)
                0x000023b0                memset
 *(SORT_BY_ALIGNMENT(text_*))
 text_system_timecritical19196
                0x000023c0        0xc CMakeFiles/slc.dir/base/C_/Users/conns/.silabs/slt/installs/conan/p/simpl418dd9bdfa44b/p/platform/Device/SiliconLabs/EFR32MG21/Source/system_efr32mg21.c.obj
                0x000023c0                SystemHFRCODPLLClockGet
 text_system_timecritical20199
                0x000023cc       0x40 CMakeFiles/slc.dir/base/C_/Users/conns/.silabs/slt/installs/conan/p/simpl418dd9bdfa44b/p/platform/Device/SiliconLabs/EFR32MG21/Source/system_efr32mg21.c.obj
                0x000023cc                SystemSYSCLKGet
 text_system_timecritical16152
                0x0000240c       0x24 CMakeFiles/slc.dir/base/C_/Users/conns/.silabs/slt/installs/conan/p/simpl418dd9bdfa44b/p/platform/Device/SiliconLabs/EFR32MG21/Source/system_efr32mg21.c.obj
                0x0000240c                SystemHCLKGet
 text_system_timecritical21201
                0x00002430        0x8 CMakeFiles/slc.dir/base/C_/Users/conns/.silabs/slt/installs/conan/p/simpl418dd9bdfa44b/p/platform/Device/SiliconLabs/EFR32MG21/Source/system_efr32mg21.c.obj
                0x00002430                SystemMaxCoreClockGet
 text_system_timecritical22203
                0x00002438        0x8 CMakeFiles/slc.dir/base/C_/Users/conns/.silabs/slt/installs/conan/p/simpl418dd9bdfa44b/p/platform/Device/SiliconLabs/EFR32MG21/Source/system_efr32mg21.c.obj
                0x00002438                SystemFSRCOClockGet
 text_system_timecritical23205
                0x00002440        0xc CMakeFiles/slc.dir/base/C_/Users/conns/.silabs/slt/installs/conan/p/simpl418dd9bdfa44b/p/platform/Device/SiliconLabs/EFR32MG21/Source/system_efr32mg21.c.obj
                0x00002440                SystemHFXOClockGet
 text_system_timecritical24208
                0x0000244c        0x8 CMakeFiles/slc.dir/base/C_/Users/conns/.silabs/slt/installs/conan/p/simpl418dd9bdfa44b/p/platform/Device/SiliconLabs/EFR32MG21/Source/system_efr32mg21.c.obj
                0x0000244c                SystemCLKIN0Get
 text_system_timecritical25210
                0x00002454       0x88 CMakeFiles/slc.dir/base/C_/Users/conns/.silabs/slt/installs/conan/p/simpl418dd9bdfa44b/p/platform/Device/SiliconLabs/EFR32MG21/Source/system_efr32mg21.c.obj
                0x00002454                SystemHFRCOEM23ClockGet
 text_system_timecritical26212
                0x000024dc        0xc CMakeFiles/slc.dir/base/C_/Users/conns/.silabs/slt/installs/conan/p/simpl418dd9bdfa44b/p/platform/Device/SiliconLabs/EFR32MG21/Source/system_efr32mg21.c.obj
                0x000024dc                SystemLFXOClockGet
 text_hal_gpio_timecritical29416
                0x000024e8       0x5c CMakeFiles/slc.dir/base/C_/Users/conns/.silabs/slt/installs/conan/p/simpl418dd9bdfa44b/p/platform/peripheral/src/sl_hal_gpio.c.obj
                0x000024e8                sl_hal_gpio_set_pin
 text_sleeptimer_timecritical66121
                0x00002544       0x40 CMakeFiles/slc.dir/base/C_/Users/conns/.silabs/slt/installs/conan/p/simpl418dd9bdfa44b/p/platform/service/sleeptimer/src/sl_sleeptimer.c.obj
 text_sleeptimer_timecritical67125
                0x00002584       0x3c CMakeFiles/slc.dir/base/C_/Users/conns/.silabs/slt/installs/conan/p/simpl418dd9bdfa44b/p/platform/service/sleeptimer/src/sl_sleeptimer.c.obj
 text_sleeptimer_timecritical69131
                0x000025c0       0x34 CMakeFiles/slc.dir/base/C_/Users/conns/.silabs/slt/installs/conan/p/simpl418dd9bdfa44b/p/platform/service/sleeptimer/src/sl_sleeptimer.c.obj
 text_sleeptimer_timecritical68128
                0x000025f4       0x64 CMakeFiles/slc.dir/base/C_/Users/conns/.silabs/slt/installs/conan/p/simpl418dd9bdfa44b/p/platform/service/sleeptimer/src/sl_sleeptimer.c.obj
 text_sleeptimer_timecritical72140
                0x00002658       0x88 CMakeFiles/slc.dir/base/C_/Users/conns/.silabs/slt/installs/conan/p/simpl418dd9bdfa44b/p/platform/service/sleeptimer/src/sl_sleeptimer.c.obj
 text_sleeptimer_timecritical34276
                0x000026e0       0x3c CMakeFiles/slc.dir/base/C_/Users/conns/.silabs/slt/installs/conan/p/simpl418dd9bdfa44b/p/platform/service/sleeptimer/src/sl_sleeptimer.c.obj
                0x000026e0                sl_sleeptimer_is_timer_running
 text_sleeptimer_timecritical41706
                0x0000271c       0x3c CMakeFiles/slc.dir/base/C_/Users/conns/.silabs/slt/installs/conan/p/simpl418dd9bdfa44b/p/platform/service/sleeptimer/src/sl_sleeptimer.c.obj
                0x0000271c                sl_sleeptimer_ms32_to_tick
 text_sleeptimer_timecritical47874
                0x00002758       0x78 CMakeFiles/slc.dir/base/C_/Users/conns/.silabs/slt/installs/conan/p/simpl418dd9bdfa44b/p/platform/service/sleeptimer/src/sl_sleeptimer.c.obj
                0x00002758                sl_sleeptimer_start_periodic_timer_ms
 text_sleeptimer_timecritical65151
                0x000027d0      0x148 CMakeFiles/slc.dir/base/C_/Users/conns/.silabs/slt/installs/conan/p/simpl418dd9bdfa44b/p/platform/service/sleeptimer/src/sl_sleeptimer.c.obj
                0x000027d0                process_timer_irq
 text_sleeptimer_timecritical5670
                0x00002918       0x64 CMakeFiles/slc.dir/base/C_/Users/conns/.silabs/slt/installs/conan/p/simpl418dd9bdfa44b/p/platform/service/sleeptimer/src/sl_sleeptimer_hal_rtcc.c.obj
                0x00002918                sleeptimer_hal_set_compare
 text_sleeptimer_timecritical5885
                0x0000297c       0x20 CMakeFiles/slc.dir/base/C_/Users/conns/.silabs/slt/installs/conan/p/simpl418dd9bdfa44b/p/platform/service/sleeptimer/src/sl_sleeptimer_hal_rtcc.c.obj
                0x0000297c                sleeptimer_hal_get_timer_frequency
 text_sleeptimer_timecritical60101
                0x0000299c       0x30 CMakeFiles/slc.dir/base/C_/Users/conns/.silabs/slt/installs/conan/p/simpl418dd9bdfa44b/p/platform/service/sleeptimer/src/sl_sleeptimer_hal_rtcc.c.obj
                0x0000299c                sleeptimer_hal_disable_int
 text_sleeptimer_timecritical61109
                0x000029cc       0x10 CMakeFiles/slc.dir/base/C_/Users/conns/.silabs/slt/installs/conan/p/simpl418dd9bdfa44b/p/platform/service/sleeptimer/src/sl_sleeptimer_hal_rtcc.c.obj
                0x000029cc                sleeptimer_hal_set_int
 text_core_timecritical2316
                0x000029dc        0xa CMakeFiles/slc.dir/base/C_/Users/conns/.silabs/slt/installs/conan/p/simpl418dd9bdfa44b/p/platform/common/src/sl_core_cortexm.c.obj
                0x000029dc                CORE_ExitCritical
 text_core_timecritical4340
                0x000029e6        0x8 CMakeFiles/slc.dir/base/C_/Users/conns/.silabs/slt/installs/conan/p/simpl418dd9bdfa44b/p/platform/common/src/sl_core_cortexm.c.obj
                0x000029e6                CORE_EnterCritical
 text_core_timecritical7389
                0x000029ee        0xa CMakeFiles/slc.dir/base/C_/Users/conns/.silabs/slt/installs/conan/p/simpl418dd9bdfa44b/p/platform/common/src/sl_core_cortexm.c.obj
                0x000029ee                CORE_ExitAtomic
 text_core_timecritical9421
                0x000029f8        0xc CMakeFiles/slc.dir/base/C_/Users/conns/.silabs/slt/installs/conan/p/simpl418dd9bdfa44b/p/platform/common/src/sl_core_cortexm.c.obj
                0x000029f8                CORE_EnterAtomic
 text_system_timecritical27215
                0x00002a04        0x6 CMakeFiles/slc.dir/base/C_/Users/conns/.silabs/slt/installs/conan/p/simpl418dd9bdfa44b/p/platform/Device/SiliconLabs/EFR32MG21/Source/system_efr32mg21.c.obj
                0x00002a04                SystemLFRCOClockGet
 text_system_timecritical28217
                0x00002a0a        0x6 CMakeFiles/slc.dir/base/C_/Users/conns/.silabs/slt/installs/conan/p/simpl418dd9bdfa44b/p/platform/Device/SiliconLabs/EFR32MG21/Source/system_efr32mg21.c.obj
                0x00002a0a                SystemULFRCOClockGet
 text_clock_manager_timecritical1352
                0x00002a10        0xa CMakeFiles/slc.dir/base/C_/Users/conns/.silabs/slt/installs/conan/p/simpl418dd9bdfa44b/p/platform/service/clock_manager/src/sl_clock_manager.c.obj
                0x00002a10                sl_clock_manager_get_clock_branch_frequency
 text_clock_manager_timecritical2361
                0x00002a1a       0x86 CMakeFiles/slc.dir/base/C_/Users/conns/.silabs/slt/installs/conan/p/simpl418dd9bdfa44b/p/platform/service/clock_manager/src/sl_clock_manager_hal_s2.c.obj
                0x00002a1a                sli_clock_manager_hal_get_clock_branch_frequency
 text_sleeptimer_timecritical5454
                0x00002aa0        0xe CMakeFiles/slc.dir/base/C_/Users/conns/.silabs/slt/installs/conan/p/simpl418dd9bdfa44b/p/platform/service/sleeptimer/src/sl_sleeptimer_hal_rtcc.c.obj
                0x00002aa0                sleeptimer_hal_get_counter
 text_sleeptimer_timecritical5993
                0x00002aae       0x18 CMakeFiles/slc.dir/base/C_/Users/conns/.silabs/slt/installs/conan/p/simpl418dd9bdfa44b/p/platform/service/sleeptimer/src/sl_sleeptimer_hal_rtcc.c.obj
                0x00002aae                sleeptimer_hal_enable_int
                0x00002ae0                . = ALIGN (0x20)
 *fill*         0x00002ac6       0x1a 
                0x00002ae0                linker_code_end = .
 *(.init)
 .init          0x00002ae0        0x4 c:/users/conns/.silabs/slt/installs/conan/p/gcc-ab83b3403fdca6/p/bin/../lib/gcc/arm-none-eabi/12.2.1/thumb/v8-m.main+fp/hard/crti.o
                0x00002ae0                _init
 .init          0x00002ae4        0x8 c:/users/conns/.silabs/slt/installs/conan/p/gcc-ab83b3403fdca6/p/bin/../lib/gcc/arm-none-eabi/12.2.1/thumb/v8-m.main+fp/hard/crtn.o
 *(.fini)
 .fini          0x00002aec        0x4 c:/users/conns/.silabs/slt/installs/conan/p/gcc-ab83b3403fdca6/p/bin/../lib/gcc/arm-none-eabi/12.2.1/thumb/v8-m.main+fp/hard/crti.o
                0x00002aec                _fini
 .fini          0x00002af0        0x8 c:/users/conns/.silabs/slt/installs/conan/p/gcc-ab83b3403fdca6/p/bin/../lib/gcc/arm-none-eabi/12.2.1/thumb/v8-m.main+fp/hard/crtn.o
 *crtbegin.o(.ctors)
 *crtbegin?.o(.ctors)
 *(EXCLUDE_FILE(*crtend.o *crtend?.o) .ctors)
 *(SORT_BY_NAME(.ctors.*))
 *(.ctors)
 *crtbegin.o(.dtors)
 *crtbegin?.o(.dtors)
 *(EXCLUDE_FILE(*crtend.o *crtend?.o) .dtors)
 *(SORT_BY_NAME(.dtors.*))
 *(.dtors)
 *(.rodata*)
 .rodata.sl_simple_button_init.str1.1
                0x00002af8       0x6f CMakeFiles/slc.dir/base/C_/Users/conns/.silabs/slt/installs/conan/p/simpl418dd9bdfa44b/p/platform/driver/button/src/sl_simple_button.c.obj
 .rodata.sl_gpio_set_pin_direction.str1.1
                0x00002b67       0x64 CMakeFiles/slc.dir/base/C_/Users/conns/.silabs/slt/installs/conan/p/simpl418dd9bdfa44b/p/platform/driver/gpio/src/sl_gpio.c.obj
 .rodata.CSWTCH.74
                0x00002bcb        0x3 CMakeFiles/slc.dir/base/C_/Users/conns/.silabs/slt/installs/conan/p/simpl418dd9bdfa44b/p/platform/driver/gpio/src/sl_gpio.c.obj
 .rodata.em01GrpaClkGet.str1.1
                0x00002bce       0x5d CMakeFiles/slc.dir/base/C_/Users/conns/.silabs/slt/installs/conan/p/simpl418dd9bdfa44b/p/platform/emlib/src/em_cmu.c.obj
 .rodata.RTCC_ChannelInit.str1.1
                0x00002c2b       0x5e CMakeFiles/slc.dir/base/C_/Users/conns/.silabs/slt/installs/conan/p/simpl418dd9bdfa44b/p/platform/emlib/src/em_rtcc.c.obj
 .rodata.str1.1
                0x00002c89       0x67 CMakeFiles/slc.dir/base/C_/Users/conns/.silabs/slt/installs/conan/p/simpl418dd9bdfa44b/p/platform/peripheral/src/sl_hal_gpio.c.obj
 .rodata.sl_hal_gpio_set_pin_mode.str1.1
                0x00002cf0       0x67 CMakeFiles/slc.dir/base/C_/Users/conns/.silabs/slt/installs/conan/p/simpl418dd9bdfa44b/p/platform/peripheral/src/sl_hal_gpio.c.obj
 .rodata.sl_hal_gpio_configure_external_interrupt.str1.1
                0x00002d57       0x66 CMakeFiles/slc.dir/base/C_/Users/conns/.silabs/slt/installs/conan/p/simpl418dd9bdfa44b/p/platform/peripheral/src/sl_hal_gpio.c.obj
 .rodata.CSWTCH.54
                0x00002dbd        0x3 CMakeFiles/slc.dir/base/C_/Users/conns/.silabs/slt/installs/conan/p/simpl418dd9bdfa44b/p/platform/peripheral/src/sl_hal_gpio.c.obj
 .rodata.sl_peripheral_val_rtcc
                0x00002dc0        0xc CMakeFiles/slc.dir/base/83c830c4116c3ea9c6821290675166e7/p/simpl418dd9bdfa44b/p/platform/service/device_manager/devices/sl_device_peripheral_hal_efr32xg21.c.obj
                0x00002dc0                sl_peripheral_val_rtcc
 .rodata.SL_BUS_CLOCK_RTCC_VALUE
                0x00002dcc        0x4 CMakeFiles/slc.dir/base/C_/Users/conns/.silabs/slt/installs/conan/p/simpl418dd9bdfa44b/p/platform/service/device_manager/src/sl_device_clock.c.obj
                0x00002dcc                SL_BUS_CLOCK_RTCC_VALUE
 .rodata.SL_BUS_CLOCK_GPIO_VALUE
                0x00002dd0        0x4 CMakeFiles/slc.dir/base/C_/Users/conns/.silabs/slt/installs/conan/p/simpl418dd9bdfa44b/p/platform/service/device_manager/src/sl_device_clock.c.obj
                0x00002dd0                SL_BUS_CLOCK_GPIO_VALUE
 .rodata.sl_interrupt_manager_disable_irq.str1.1
                0x00002dd4       0x87 CMakeFiles/slc.dir/base/C_/Users/conns/.silabs/slt/installs/conan/p/simpl418dd9bdfa44b/p/platform/service/interrupt_manager/src/sl_interrupt_manager_cortexm.c.obj
 .rodata.str1.1
                0x00002e5b       0x71 CMakeFiles/slc.dir/base/C_/Users/conns/.silabs/slt/installs/conan/p/simpl418dd9bdfa44b/p/platform/service/sleeptimer/src/sl_sleeptimer.c.obj
 .rodata        0x00002ecc        0xb CMakeFiles/slc.dir/base/C_/Users/conns/.silabs/slt/installs/conan/p/simpl418dd9bdfa44b/p/platform/service/sleeptimer/src/sl_sleeptimer_hal_rtcc.c.obj
 *fill*         0x00002ed7        0x1 
 .rodata.sl_button_sw1
                0x00002ed8       0x18 CMakeFiles/slc.dir/base/C_/Users/conns/SimplicityStudio/bare_metal/blink_baremetal/autogen/sl_simple_button_instances.c.obj
                0x00002ed8                sl_button_sw1
 .rodata.sl_led_led0
                0x00002ef0       0x18 CMakeFiles/slc.dir/base/C_/Users/conns/SimplicityStudio/bare_metal/blink_baremetal/autogen/sl_simple_led_instances.c.obj
                0x00002ef0                sl_led_led0
 *(.eh_frame*)
 .eh_frame      0x00002f08        0x0 c:/users/conns/.silabs/slt/installs/conan/p/gcc-ab83b3403fdca6/p/bin/../lib/gcc/arm-none-eabi/12.2.1/thumb/v8-m.main+fp/hard/crtbegin.o

.glue_7         0x00002f08        0x0
 .glue_7        0x00002f08        0x0 linker stubs

.glue_7t        0x00002f08        0x0
 .glue_7t       0x00002f08        0x0 linker stubs

.vfp11_veneer   0x00002f08        0x0
 .vfp11_veneer  0x00002f08        0x0 linker stubs

.v4_bx          0x00002f08        0x0
 .v4_bx         0x00002f08        0x0 linker stubs

.iplt           0x00002f08        0x0
 .iplt          0x00002f08        0x0 c:/users/conns/.silabs/slt/installs/conan/p/gcc-ab83b3403fdca6/p/bin/../lib/gcc/arm-none-eabi/12.2.1/thumb/v8-m.main+fp/hard/crtbegin.o

.ARM.extab
 *(.ARM.extab* .gnu.linkonce.armextab.*)
                0x00002f08                __exidx_start = .

.ARM.exidx      0x00002f08        0x8
 *(.ARM.exidx* .gnu.linkonce.armexidx.*)
 .ARM.exidx     0x00002f08        0x8 c:/users/conns/.silabs/slt/installs/conan/p/gcc-ab83b3403fdca6/p/bin/../lib/gcc/arm-none-eabi/12.2.1/thumb/v8-m.main+fp/hard/crt0.o
                                 0x10 (size before relaxing)
 .ARM.exidx.text.__udivmoddi4
                0x00002f10        0x0 c:/users/conns/.silabs/slt/installs/conan/p/gcc-ab83b3403fdca6/p/bin/../lib/gcc/arm-none-eabi/12.2.1/thumb/v8-m.main+fp/hard\libgcc.a(_udivmoddi4.o)
                                  0x8 (size before relaxing)
                0x00002f10                __exidx_end = .

.rel.dyn        0x00002f10        0x0
 .rel.iplt      0x00002f10        0x0 c:/users/conns/.silabs/slt/installs/conan/p/gcc-ab83b3403fdca6/p/bin/../lib/gcc/arm-none-eabi/12.2.1/thumb/v8-m.main+fp/hard/crtbegin.o

.copy.table     0x00002f10        0xc
                0x00002f10                . = ALIGN (0x4)
                0x00002f10                __copy_table_start__ = .
                0x00002f10        0x4 LONG 0x2f1c __etext
                0x00002f14        0x4 LONG 0x200011c4 __data_start__
                0x00002f18        0x4 LONG 0x9 ((__data_end__ - __data_start__) / 0x4)
                0x00002f1c                __copy_table_end__ = .

.zero.table     0x00002f1c        0x0
                0x00002f1c                . = ALIGN (0x4)
                0x00002f1c                __zero_table_start__ = .
                0x00002f1c                __zero_table_end__ = .
                0x00002f1c                __etext = .

.data           0x200011c4       0x24 load address 0x00002f1c
                0x200011c4                . = ALIGN (0x4)
                0x200011c4                __data_start__ = .
 *(vtable)
 *(SORT_BY_ALIGNMENT(.data*))
 .data.SystemCoreClock
                0x200011c4        0x4 CMakeFiles/slc.dir/base/C_/Users/conns/.silabs/slt/installs/conan/p/simpl418dd9bdfa44b/p/platform/Device/SiliconLabs/EFR32MG21/Source/system_efr32mg21.c.obj
                0x200011c4                SystemCoreClock
 .data.SystemHFRCODPLLClock
                0x200011c8        0x4 CMakeFiles/slc.dir/base/C_/Users/conns/.silabs/slt/installs/conan/p/simpl418dd9bdfa44b/p/platform/Device/SiliconLabs/EFR32MG21/Source/system_efr32mg21.c.obj
 .data.SystemLFXOClock
                0x200011cc        0x4 CMakeFiles/slc.dir/base/C_/Users/conns/.silabs/slt/installs/conan/p/simpl418dd9bdfa44b/p/platform/Device/SiliconLabs/EFR32MG21/Source/system_efr32mg21.c.obj
 .data.SystemHFXOClock
                0x200011d0        0x4 CMakeFiles/slc.dir/base/C_/Users/conns/.silabs/slt/installs/conan/p/simpl418dd9bdfa44b/p/platform/Device/SiliconLabs/EFR32MG21/Source/system_efr32mg21.c.obj
 .data.simple_sw1_context
                0x200011d4        0x8 CMakeFiles/slc.dir/base/C_/Users/conns/SimplicityStudio/bare_metal/blink_baremetal/autogen/sl_simple_button_instances.c.obj
                0x200011d4                simple_sw1_context
 .data.cc_disabled
                0x200011dc        0x1 CMakeFiles/slc.dir/base/C_/Users/conns/.silabs/slt/installs/conan/p/simpl418dd9bdfa44b/p/platform/service/sleeptimer/src/sl_sleeptimer_hal_rtcc.c.obj
 .data.simple_led0_context
                0x200011dd        0x3 CMakeFiles/slc.dir/base/C_/Users/conns/SimplicityStudio/bare_metal/blink_baremetal/autogen/sl_simple_led_instances.c.obj
                0x200011dd                simple_led0_context
                0x200011e0                . = ALIGN (0x4)
                0x200011e0                . = ALIGN (0x4)
                0x200011e0                PROVIDE (__preinit_array_start = .)
 *(.preinit_array)
                0x200011e0                PROVIDE (__preinit_array_end = .)
                0x200011e0                . = ALIGN (0x4)
                0x200011e0                PROVIDE (__init_array_start = .)
 *(SORT_BY_NAME(.init_array.*))
 *(.init_array)
 .init_array    0x200011e0        0x4 c:/users/conns/.silabs/slt/installs/conan/p/gcc-ab83b3403fdca6/p/bin/../lib/gcc/arm-none-eabi/12.2.1/thumb/v8-m.main+fp/hard/crtbegin.o
                0x200011e4                PROVIDE (__init_array_end = .)
                0x200011e4                . = ALIGN (0x4)
                [!provide]                PROVIDE (__fini_array_start = .)
 *(SORT_BY_NAME(.fini_array.*))
 *(.fini_array)
 .fini_array    0x200011e4        0x4 c:/users/conns/.silabs/slt/installs/conan/p/gcc-ab83b3403fdca6/p/bin/../lib/gcc/arm-none-eabi/12.2.1/thumb/v8-m.main+fp/hard/crtbegin.o
                [!provide]                PROVIDE (__fini_array_end = .)
                0x200011e8                . = ALIGN (0x4)
                0x200011e8                __data_end__ = .
                0x20010000                heap_limit = (ORIGIN (RAM) + LENGTH (RAM))
                0x0000ee18                heap_size = (heap_limit - __HeapBase)

.tm_clone_table
                0x200011e8        0x0 load address 0x00002f40
 .tm_clone_table
                0x200011e8        0x0 c:/users/conns/.silabs/slt/installs/conan/p/gcc-ab83b3403fdca6/p/bin/../lib/gcc/arm-none-eabi/12.2.1/thumb/v8-m.main+fp/hard/crtbegin.o
 .tm_clone_table
                0x200011e8        0x0 c:/users/conns/.silabs/slt/installs/conan/p/gcc-ab83b3403fdca6/p/bin/../lib/gcc/arm-none-eabi/12.2.1/thumb/v8-m.main+fp/hard/crtend.o

.igot.plt       0x200011e8        0x0 load address 0x00002f40
 .igot.plt      0x200011e8        0x0 c:/users/conns/.silabs/slt/installs/conan/p/gcc-ab83b3403fdca6/p/bin/../lib/gcc/arm-none-eabi/12.2.1/thumb/v8-m.main+fp/hard/crtbegin.o

.heap           0x200011e8     0xee18 load address 0x00002f40
                0x200011e8                . = ALIGN (0x8)
                0x200011e8                __HeapBase = .
                0x20010000                . = (. + heap_size)
 *fill*         0x200011e8     0xee18 
                0x20010000                __end__ = .
                0x20010000                end = __end__
                0x20010000                _end = __end__
 *(.heap*)
                0x20010000                __HeapLimit = (ORIGIN (RAM) + LENGTH (RAM))
                0x0000ee18                __heap_size = (__HeapLimit - __HeapBase)
                0x20010000                __ram_end__ = 0x20010000
                0x000be000                __main_flash_end__ = 0xbe000

.internal_storage
 *(.internal_storage*)

.nvm
 *(.simee*)
                0x200011c4                __ramfuncs_start__ = __vma_ramfuncs_start__
                0x200011c4                __ramfuncs_end__ = __vma_ramfuncs_end__
                0x000be000                linker_nvm_end = __main_flash_end__
                0x000be000                linker_nvm_begin = (linker_nvm_end - SIZEOF (.nvm))
                0x000be000                linker_storage_end = linker_nvm_begin
                0x000be000                __nvm3Base = linker_nvm_begin
                0x000be000                linker_storage_begin = (linker_storage_end - SIZEOF (.internal_storage))
                0x00000001                ASSERT ((linker_storage_begin >= (__etext + SIZEOF (.data))), FLASH memory overflowed !)
OUTPUT(base\blink_baremetal.out elf32-littlearm)
LOAD linker stubs

.ARM.attributes
                0x00000000       0x36
 .ARM.attributes
                0x00000000       0x26 c:/users/conns/.silabs/slt/installs/conan/p/gcc-ab83b3403fdca6/p/bin/../lib/gcc/arm-none-eabi/12.2.1/thumb/v8-m.main+fp/hard/crti.o
 .ARM.attributes
                0x00000026       0x38 c:/users/conns/.silabs/slt/installs/conan/p/gcc-ab83b3403fdca6/p/bin/../lib/gcc/arm-none-eabi/12.2.1/thumb/v8-m.main+fp/hard/crtbegin.o
 .ARM.attributes
                0x0000005e       0x24 c:/users/conns/.silabs/slt/installs/conan/p/gcc-ab83b3403fdca6/p/bin/../lib/gcc/arm-none-eabi/12.2.1/thumb/v8-m.main+fp/hard/crt0.o
 .ARM.attributes
                0x00000082       0x3a CMakeFiles/slc.dir/base/C_/Users/conns/.silabs/slt/installs/conan/p/simpl418dd9bdfa44b/p/platform/common/src/sl_assert.c.obj
 .ARM.attributes
                0x000000bc       0x3a CMakeFiles/slc.dir/base/C_/Users/conns/.silabs/slt/installs/conan/p/simpl418dd9bdfa44b/p/platform/common/src/sl_core_cortexm.c.obj
 .ARM.attributes
                0x000000f6       0x3a CMakeFiles/slc.dir/base/C_/Users/conns/.silabs/slt/installs/conan/p/simpl418dd9bdfa44b/p/platform/common/src/sl_syscalls.c.obj
 .ARM.attributes
                0x00000130       0x3a CMakeFiles/slc.dir/base/C_/Users/conns/.silabs/slt/installs/conan/p/simpl418dd9bdfa44b/p/platform/Device/SiliconLabs/EFR32MG21/Source/startup_efr32mg21.c.obj
 .ARM.attributes
                0x0000016a       0x3a CMakeFiles/slc.dir/base/C_/Users/conns/.silabs/slt/installs/conan/p/simpl418dd9bdfa44b/p/platform/Device/SiliconLabs/EFR32MG21/Source/system_efr32mg21.c.obj
 .ARM.attributes
                0x000001a4       0x3a CMakeFiles/slc.dir/base/C_/Users/conns/.silabs/slt/installs/conan/p/simpl418dd9bdfa44b/p/platform/driver/button/src/sl_button.c.obj
 .ARM.attributes
                0x000001de       0x3a CMakeFiles/slc.dir/base/C_/Users/conns/.silabs/slt/installs/conan/p/simpl418dd9bdfa44b/p/platform/driver/button/src/sl_simple_button.c.obj
 .ARM.attributes
                0x00000218       0x3a CMakeFiles/slc.dir/base/C_/Users/conns/.silabs/slt/installs/conan/p/simpl418dd9bdfa44b/p/platform/driver/gpio/src/sl_gpio.c.obj
 .ARM.attributes
                0x00000252       0x3a CMakeFiles/slc.dir/base/C_/Users/conns/.silabs/slt/installs/conan/p/simpl418dd9bdfa44b/p/platform/driver/leddrv/src/sl_led.c.obj
 .ARM.attributes
                0x0000028c       0x3a CMakeFiles/slc.dir/base/C_/Users/conns/.silabs/slt/installs/conan/p/simpl418dd9bdfa44b/p/platform/driver/leddrv/src/sl_simple_led.c.obj
 .ARM.attributes
                0x000002c6       0x3a CMakeFiles/slc.dir/base/C_/Users/conns/.silabs/slt/installs/conan/p/simpl418dd9bdfa44b/p/platform/emlib/src/em_cmu.c.obj
 .ARM.attributes
                0x00000300       0x3a CMakeFiles/slc.dir/base/C_/Users/conns/.silabs/slt/installs/conan/p/simpl418dd9bdfa44b/p/platform/emlib/src/em_emu.c.obj
 .ARM.attributes
                0x0000033a       0x3a CMakeFiles/slc.dir/base/C_/Users/conns/.silabs/slt/installs/conan/p/simpl418dd9bdfa44b/p/platform/emlib/src/em_rtcc.c.obj
 .ARM.attributes
                0x00000374       0x3a CMakeFiles/slc.dir/base/C_/Users/conns/.silabs/slt/installs/conan/p/simpl418dd9bdfa44b/p/platform/emlib/src/em_system.c.obj
 .ARM.attributes
                0x000003ae       0x3a CMakeFiles/slc.dir/base/C_/Users/conns/.silabs/slt/installs/conan/p/simpl418dd9bdfa44b/p/platform/peripheral/src/sl_hal_gpio.c.obj
 .ARM.attributes
                0x000003e8       0x3a CMakeFiles/slc.dir/base/C_/Users/conns/.silabs/slt/installs/conan/p/simpl418dd9bdfa44b/p/platform/service/clock_manager/src/sl_clock_manager.c.obj
 .ARM.attributes
                0x00000422       0x3a CMakeFiles/slc.dir/base/C_/Users/conns/.silabs/slt/installs/conan/p/simpl418dd9bdfa44b/p/platform/service/clock_manager/src/sl_clock_manager_hal_s2.c.obj
 .ARM.attributes
                0x0000045c       0x3a CMakeFiles/slc.dir/base/C_/Users/conns/.silabs/slt/installs/conan/p/simpl418dd9bdfa44b/p/platform/service/clock_manager/src/sl_clock_manager_init.c.obj
 .ARM.attributes
                0x00000496       0x3a CMakeFiles/slc.dir/base/C_/Users/conns/.silabs/slt/installs/conan/p/simpl418dd9bdfa44b/p/platform/service/clock_manager/src/sl_clock_manager_init_hal_s2.c.obj
 .ARM.attributes
                0x000004d0       0x3a CMakeFiles/slc.dir/base/C_/Users/conns/.silabs/slt/installs/conan/p/simpl418dd9bdfa44b/p/platform/service/device_init/src/sl_device_init_emu_s2.c.obj
 .ARM.attributes
                0x0000050a       0x3a CMakeFiles/slc.dir/base/83c830c4116c3ea9c6821290675166e7/p/simpl418dd9bdfa44b/p/platform/service/device_manager/devices/sl_device_peripheral_hal_efr32xg21.c.obj
 .ARM.attributes
                0x00000544       0x3a CMakeFiles/slc.dir/base/C_/Users/conns/.silabs/slt/installs/conan/p/simpl418dd9bdfa44b/p/platform/service/device_manager/src/sl_device_clock.c.obj
 .ARM.attributes
                0x0000057e       0x3a CMakeFiles/slc.dir/base/C_/Users/conns/.silabs/slt/installs/conan/p/simpl418dd9bdfa44b/p/platform/service/interrupt_manager/src/sl_interrupt_manager_cortexm.c.obj
 .ARM.attributes
                0x000005b8       0x3a CMakeFiles/slc.dir/base/C_/Users/conns/.silabs/slt/installs/conan/p/simpl418dd9bdfa44b/p/platform/service/memory_manager/src/sl_memory_manager_region.c.obj
 .ARM.attributes
                0x000005f2       0x3a CMakeFiles/slc.dir/base/C_/Users/conns/.silabs/slt/installs/conan/p/simpl418dd9bdfa44b/p/platform/service/sleeptimer/src/sl_sleeptimer.c.obj
 .ARM.attributes
                0x0000062c       0x3a CMakeFiles/slc.dir/base/C_/Users/conns/.silabs/slt/installs/conan/p/simpl418dd9bdfa44b/p/platform/service/sleeptimer/src/sl_sleeptimer_hal_rtcc.c.obj
 .ARM.attributes
                0x00000666       0x3a CMakeFiles/slc.dir/base/C_/Users/conns/.silabs/slt/installs/conan/p/simpl418dd9bdfa44b/p/platform/service/system/src/sl_system_init.c.obj
 .ARM.attributes
                0x000006a0       0x3a CMakeFiles/slc.dir/base/C_/Users/conns/.silabs/slt/installs/conan/p/simpl418dd9bdfa44b/p/platform/service/system/src/sl_system_process_action.c.obj
 .ARM.attributes
                0x000006da       0x3a CMakeFiles/slc.dir/base/C_/Users/conns/SimplicityStudio/bare_metal/blink_baremetal/app.c.obj
 .ARM.attributes
                0x00000714       0x3a CMakeFiles/slc.dir/base/C_/Users/conns/SimplicityStudio/bare_metal/blink_baremetal/autogen/sl_event_handler.c.obj
 .ARM.attributes
                0x0000074e       0x3a CMakeFiles/slc.dir/base/C_/Users/conns/SimplicityStudio/bare_metal/blink_baremetal/autogen/sl_simple_button_instances.c.obj
 .ARM.attributes
                0x00000788       0x3a CMakeFiles/slc.dir/base/C_/Users/conns/SimplicityStudio/bare_metal/blink_baremetal/autogen/sl_simple_led_instances.c.obj
 .ARM.attributes
                0x000007c2       0x3a CMakeFiles/slc.dir/base/C_/Users/conns/SimplicityStudio/bare_metal/blink_baremetal/blink.c.obj
 .ARM.attributes
                0x000007fc       0x3a CMakeFiles/slc.dir/base/C_/Users/conns/SimplicityStudio/bare_metal/blink_baremetal/main.c.obj
 .ARM.attributes
                0x00000836       0x26 c:/users/conns/.silabs/slt/installs/conan/p/gcc-ab83b3403fdca6/p/bin/../lib/gcc/arm-none-eabi/12.2.1/thumb/v8-m.main+fp/hard\libgcc.a(_aeabi_uldivmod.o)
 .ARM.attributes
                0x0000085c       0x38 c:/users/conns/.silabs/slt/installs/conan/p/gcc-ab83b3403fdca6/p/bin/../lib/gcc/arm-none-eabi/12.2.1/thumb/v8-m.main+fp/hard\libgcc.a(_udivmoddi4.o)
 .ARM.attributes
                0x00000894       0x26 c:/users/conns/.silabs/slt/installs/conan/p/gcc-ab83b3403fdca6/p/bin/../lib/gcc/arm-none-eabi/12.2.1/thumb/v8-m.main+fp/hard\libgcc.a(_dvmd_tls.o)
 .ARM.attributes
                0x000008ba       0x38 c:/users/conns/.silabs/slt/installs/conan/p/gcc-ab83b3403fdca6/p/bin/../lib/gcc/arm-none-eabi/12.2.1/thumb/v8-m.main+fp/hard\libc_nano.a(libc_a-exit.o)
 .ARM.attributes
                0x000008f2       0x38 c:/users/conns/.silabs/slt/installs/conan/p/gcc-ab83b3403fdca6/p/bin/../lib/gcc/arm-none-eabi/12.2.1/thumb/v8-m.main+fp/hard\libc_nano.a(libc_a-findfp.o)
 .ARM.attributes
                0x0000092a       0x38 c:/users/conns/.silabs/slt/installs/conan/p/gcc-ab83b3403fdca6/p/bin/../lib/gcc/arm-none-eabi/12.2.1/thumb/v8-m.main+fp/hard\libc_nano.a(libc_a-memset.o)
 .ARM.attributes
                0x00000962       0x38 c:/users/conns/.silabs/slt/installs/conan/p/gcc-ab83b3403fdca6/p/bin/../lib/gcc/arm-none-eabi/12.2.1/thumb/v8-m.main+fp/hard\libc_nano.a(libc_a-init.o)
 .ARM.attributes
                0x0000099a       0x38 c:/users/conns/.silabs/slt/installs/conan/p/gcc-ab83b3403fdca6/p/bin/../lib/gcc/arm-none-eabi/12.2.1/thumb/v8-m.main+fp/hard/crtend.o
 .ARM.attributes
                0x000009d2       0x26 c:/users/conns/.silabs/slt/installs/conan/p/gcc-ab83b3403fdca6/p/bin/../lib/gcc/arm-none-eabi/12.2.1/thumb/v8-m.main+fp/hard/crtn.o

.comment        0x00000000       0x45
 .comment       0x00000000       0x45 CMakeFiles/slc.dir/base/C_/Users/conns/.silabs/slt/installs/conan/p/simpl418dd9bdfa44b/p/platform/common/src/sl_assert.c.obj
                                 0x46 (size before relaxing)
 .comment       0x00000045       0x46 CMakeFiles/slc.dir/base/C_/Users/conns/.silabs/slt/installs/conan/p/simpl418dd9bdfa44b/p/platform/common/src/sl_core_cortexm.c.obj
 .comment       0x00000045       0x46 CMakeFiles/slc.dir/base/C_/Users/conns/.silabs/slt/installs/conan/p/simpl418dd9bdfa44b/p/platform/common/src/sl_syscalls.c.obj
 .comment       0x00000045       0x46 CMakeFiles/slc.dir/base/C_/Users/conns/.silabs/slt/installs/conan/p/simpl418dd9bdfa44b/p/platform/Device/SiliconLabs/EFR32MG21/Source/startup_efr32mg21.c.obj
 .comment       0x00000045       0x46 CMakeFiles/slc.dir/base/C_/Users/conns/.silabs/slt/installs/conan/p/simpl418dd9bdfa44b/p/platform/Device/SiliconLabs/EFR32MG21/Source/system_efr32mg21.c.obj
 .comment       0x00000045       0x46 CMakeFiles/slc.dir/base/C_/Users/conns/.silabs/slt/installs/conan/p/simpl418dd9bdfa44b/p/platform/driver/button/src/sl_button.c.obj
 .comment       0x00000045       0x46 CMakeFiles/slc.dir/base/C_/Users/conns/.silabs/slt/installs/conan/p/simpl418dd9bdfa44b/p/platform/driver/button/src/sl_simple_button.c.obj
 .comment       0x00000045       0x46 CMakeFiles/slc.dir/base/C_/Users/conns/.silabs/slt/installs/conan/p/simpl418dd9bdfa44b/p/platform/driver/gpio/src/sl_gpio.c.obj
 .comment       0x00000045       0x46 CMakeFiles/slc.dir/base/C_/Users/conns/.silabs/slt/installs/conan/p/simpl418dd9bdfa44b/p/platform/driver/leddrv/src/sl_led.c.obj
 .comment       0x00000045       0x46 CMakeFiles/slc.dir/base/C_/Users/conns/.silabs/slt/installs/conan/p/simpl418dd9bdfa44b/p/platform/driver/leddrv/src/sl_simple_led.c.obj
 .comment       0x00000045       0x46 CMakeFiles/slc.dir/base/C_/Users/conns/.silabs/slt/installs/conan/p/simpl418dd9bdfa44b/p/platform/emlib/src/em_cmu.c.obj
 .comment       0x00000045       0x46 CMakeFiles/slc.dir/base/C_/Users/conns/.silabs/slt/installs/conan/p/simpl418dd9bdfa44b/p/platform/emlib/src/em_emu.c.obj
 .comment       0x00000045       0x46 CMakeFiles/slc.dir/base/C_/Users/conns/.silabs/slt/installs/conan/p/simpl418dd9bdfa44b/p/platform/emlib/src/em_rtcc.c.obj
 .comment       0x00000045       0x46 CMakeFiles/slc.dir/base/C_/Users/conns/.silabs/slt/installs/conan/p/simpl418dd9bdfa44b/p/platform/emlib/src/em_system.c.obj
 .comment       0x00000045       0x46 CMakeFiles/slc.dir/base/C_/Users/conns/.silabs/slt/installs/conan/p/simpl418dd9bdfa44b/p/platform/peripheral/src/sl_hal_gpio.c.obj
 .comment       0x00000045       0x46 CMakeFiles/slc.dir/base/C_/Users/conns/.silabs/slt/installs/conan/p/simpl418dd9bdfa44b/p/platform/service/clock_manager/src/sl_clock_manager.c.obj
 .comment       0x00000045       0x46 CMakeFiles/slc.dir/base/C_/Users/conns/.silabs/slt/installs/conan/p/simpl418dd9bdfa44b/p/platform/service/clock_manager/src/sl_clock_manager_hal_s2.c.obj
 .comment       0x00000045       0x46 CMakeFiles/slc.dir/base/C_/Users/conns/.silabs/slt/installs/conan/p/simpl418dd9bdfa44b/p/platform/service/clock_manager/src/sl_clock_manager_init.c.obj
 .comment       0x00000045       0x46 CMakeFiles/slc.dir/base/C_/Users/conns/.silabs/slt/installs/conan/p/simpl418dd9bdfa44b/p/platform/service/clock_manager/src/sl_clock_manager_init_hal_s2.c.obj
 .comment       0x00000045       0x46 CMakeFiles/slc.dir/base/C_/Users/conns/.silabs/slt/installs/conan/p/simpl418dd9bdfa44b/p/platform/service/device_init/src/sl_device_init_emu_s2.c.obj
 .comment       0x00000045       0x46 CMakeFiles/slc.dir/base/83c830c4116c3ea9c6821290675166e7/p/simpl418dd9bdfa44b/p/platform/service/device_manager/devices/sl_device_peripheral_hal_efr32xg21.c.obj
 .comment       0x00000045       0x46 CMakeFiles/slc.dir/base/C_/Users/conns/.silabs/slt/installs/conan/p/simpl418dd9bdfa44b/p/platform/service/device_manager/src/sl_device_clock.c.obj
 .comment       0x00000045       0x46 CMakeFiles/slc.dir/base/C_/Users/conns/.silabs/slt/installs/conan/p/simpl418dd9bdfa44b/p/platform/service/interrupt_manager/src/sl_interrupt_manager_cortexm.c.obj
 .comment       0x00000045       0x46 CMakeFiles/slc.dir/base/C_/Users/conns/.silabs/slt/installs/conan/p/simpl418dd9bdfa44b/p/platform/service/memory_manager/src/sl_memory_manager_region.c.obj
 .comment       0x00000045       0x46 CMakeFiles/slc.dir/base/C_/Users/conns/.silabs/slt/installs/conan/p/simpl418dd9bdfa44b/p/platform/service/sleeptimer/src/sl_sleeptimer.c.obj
 .comment       0x00000045       0x46 CMakeFiles/slc.dir/base/C_/Users/conns/.silabs/slt/installs/conan/p/simpl418dd9bdfa44b/p/platform/service/sleeptimer/src/sl_sleeptimer_hal_rtcc.c.obj
 .comment       0x00000045       0x46 CMakeFiles/slc.dir/base/C_/Users/conns/.silabs/slt/installs/conan/p/simpl418dd9bdfa44b/p/platform/service/system/src/sl_system_init.c.obj
 .comment       0x00000045       0x46 CMakeFiles/slc.dir/base/C_/Users/conns/.silabs/slt/installs/conan/p/simpl418dd9bdfa44b/p/platform/service/system/src/sl_system_process_action.c.obj
 .comment       0x00000045       0x46 CMakeFiles/slc.dir/base/C_/Users/conns/SimplicityStudio/bare_metal/blink_baremetal/app.c.obj
 .comment       0x00000045       0x46 CMakeFiles/slc.dir/base/C_/Users/conns/SimplicityStudio/bare_metal/blink_baremetal/autogen/sl_event_handler.c.obj
 .comment       0x00000045       0x46 CMakeFiles/slc.dir/base/C_/Users/conns/SimplicityStudio/bare_metal/blink_baremetal/autogen/sl_simple_button_instances.c.obj
 .comment       0x00000045       0x46 CMakeFiles/slc.dir/base/C_/Users/conns/SimplicityStudio/bare_metal/blink_baremetal/autogen/sl_simple_led_instances.c.obj
 .comment       0x00000045       0x46 CMakeFiles/slc.dir/base/C_/Users/conns/SimplicityStudio/bare_metal/blink_baremetal/blink.c.obj
 .comment       0x00000045       0x46 CMakeFiles/slc.dir/base/C_/Users/conns/SimplicityStudio/bare_metal/blink_baremetal/main.c.obj

.debug_line_str
                0x00000000      0x1c0
 .debug_line_str
                0x00000000       0xe7 c:/users/conns/.silabs/slt/installs/conan/p/gcc-ab83b3403fdca6/p/bin/../lib/gcc/arm-none-eabi/12.2.1/thumb/v8-m.main+fp/hard/crt0.o
 .debug_line_str
                0x000000e7       0xcd c:/users/conns/.silabs/slt/installs/conan/p/gcc-ab83b3403fdca6/p/bin/../lib/gcc/arm-none-eabi/12.2.1/thumb/v8-m.main+fp/hard\libgcc.a(_aeabi_uldivmod.o)
 .debug_line_str
                0x000001b4        0xc c:/users/conns/.silabs/slt/installs/conan/p/gcc-ab83b3403fdca6/p/bin/../lib/gcc/arm-none-eabi/12.2.1/thumb/v8-m.main+fp/hard\libgcc.a(_dvmd_tls.o)
                                 0xd1 (size before relaxing)

.debug_info     0x00000000    0x1def1
 .debug_info    0x00000000       0x7d CMakeFiles/slc.dir/base/C_/Users/conns/.silabs/slt/installs/conan/p/simpl418dd9bdfa44b/p/platform/common/src/sl_assert.c.obj
 .debug_info    0x0000007d      0x883 CMakeFiles/slc.dir/base/C_/Users/conns/.silabs/slt/installs/conan/p/simpl418dd9bdfa44b/p/platform/common/src/sl_core_cortexm.c.obj
 .debug_info    0x00000900      0x278 CMakeFiles/slc.dir/base/C_/Users/conns/.silabs/slt/installs/conan/p/simpl418dd9bdfa44b/p/platform/common/src/sl_syscalls.c.obj
 .debug_info    0x00000b78      0x385 CMakeFiles/slc.dir/base/C_/Users/conns/.silabs/slt/installs/conan/p/simpl418dd9bdfa44b/p/platform/Device/SiliconLabs/EFR32MG21/Source/startup_efr32mg21.c.obj
 .debug_info    0x00000efd     0x1a0c CMakeFiles/slc.dir/base/C_/Users/conns/.silabs/slt/installs/conan/p/simpl418dd9bdfa44b/p/platform/Device/SiliconLabs/EFR32MG21/Source/system_efr32mg21.c.obj
 .debug_info    0x00002909      0x29b CMakeFiles/slc.dir/base/C_/Users/conns/.silabs/slt/installs/conan/p/simpl418dd9bdfa44b/p/platform/driver/button/src/sl_button.c.obj
 .debug_info    0x00002ba4      0x84d CMakeFiles/slc.dir/base/C_/Users/conns/.silabs/slt/installs/conan/p/simpl418dd9bdfa44b/p/platform/driver/button/src/sl_simple_button.c.obj
 .debug_info    0x000033f1     0x2ffb CMakeFiles/slc.dir/base/C_/Users/conns/.silabs/slt/installs/conan/p/simpl418dd9bdfa44b/p/platform/driver/gpio/src/sl_gpio.c.obj
 .debug_info    0x000063ec      0x228 CMakeFiles/slc.dir/base/C_/Users/conns/.silabs/slt/installs/conan/p/simpl418dd9bdfa44b/p/platform/driver/leddrv/src/sl_led.c.obj
 .debug_info    0x00006614      0x4a3 CMakeFiles/slc.dir/base/C_/Users/conns/.silabs/slt/installs/conan/p/simpl418dd9bdfa44b/p/platform/driver/leddrv/src/sl_simple_led.c.obj
 .debug_info    0x00006ab7     0x6092 CMakeFiles/slc.dir/base/C_/Users/conns/.silabs/slt/installs/conan/p/simpl418dd9bdfa44b/p/platform/emlib/src/em_cmu.c.obj
 .debug_info    0x0000cb49     0x219f CMakeFiles/slc.dir/base/C_/Users/conns/.silabs/slt/installs/conan/p/simpl418dd9bdfa44b/p/platform/emlib/src/em_emu.c.obj
 .debug_info    0x0000ece8     0x1b2c CMakeFiles/slc.dir/base/C_/Users/conns/.silabs/slt/installs/conan/p/simpl418dd9bdfa44b/p/platform/emlib/src/em_rtcc.c.obj
 .debug_info    0x00010814      0xd2e CMakeFiles/slc.dir/base/C_/Users/conns/.silabs/slt/installs/conan/p/simpl418dd9bdfa44b/p/platform/emlib/src/em_system.c.obj
 .debug_info    0x00011542     0x25bb CMakeFiles/slc.dir/base/C_/Users/conns/.silabs/slt/installs/conan/p/simpl418dd9bdfa44b/p/platform/peripheral/src/sl_hal_gpio.c.obj
 .debug_info    0x00013afd      0xa77 CMakeFiles/slc.dir/base/C_/Users/conns/.silabs/slt/installs/conan/p/simpl418dd9bdfa44b/p/platform/service/clock_manager/src/sl_clock_manager.c.obj
 .debug_info    0x00014574     0x1e22 CMakeFiles/slc.dir/base/C_/Users/conns/.silabs/slt/installs/conan/p/simpl418dd9bdfa44b/p/platform/service/clock_manager/src/sl_clock_manager_hal_s2.c.obj
 .debug_info    0x00016396       0xbe CMakeFiles/slc.dir/base/C_/Users/conns/.silabs/slt/installs/conan/p/simpl418dd9bdfa44b/p/platform/service/clock_manager/src/sl_clock_manager_init.c.obj
 .debug_info    0x00016454      0xbf1 CMakeFiles/slc.dir/base/C_/Users/conns/.silabs/slt/installs/conan/p/simpl418dd9bdfa44b/p/platform/service/clock_manager/src/sl_clock_manager_init_hal_s2.c.obj
 .debug_info    0x00017045      0x6cc CMakeFiles/slc.dir/base/C_/Users/conns/.silabs/slt/installs/conan/p/simpl418dd9bdfa44b/p/platform/service/device_init/src/sl_device_init_emu_s2.c.obj
 .debug_info    0x00017711      0x613 CMakeFiles/slc.dir/base/83c830c4116c3ea9c6821290675166e7/p/simpl418dd9bdfa44b/p/platform/service/device_manager/devices/sl_device_peripheral_hal_efr32xg21.c.obj
 .debug_info    0x00017d24      0x9fa CMakeFiles/slc.dir/base/C_/Users/conns/.silabs/slt/installs/conan/p/simpl418dd9bdfa44b/p/platform/service/device_manager/src/sl_device_clock.c.obj
 .debug_info    0x0001871e      0xe6b CMakeFiles/slc.dir/base/C_/Users/conns/.silabs/slt/installs/conan/p/simpl418dd9bdfa44b/p/platform/service/interrupt_manager/src/sl_interrupt_manager_cortexm.c.obj
 .debug_info    0x00019589      0x1c4 CMakeFiles/slc.dir/base/C_/Users/conns/.silabs/slt/installs/conan/p/simpl418dd9bdfa44b/p/platform/service/memory_manager/src/sl_memory_manager_region.c.obj
 .debug_info    0x0001974d     0x180e CMakeFiles/slc.dir/base/C_/Users/conns/.silabs/slt/installs/conan/p/simpl418dd9bdfa44b/p/platform/service/sleeptimer/src/sl_sleeptimer.c.obj
 .debug_info    0x0001af5b     0x137a CMakeFiles/slc.dir/base/C_/Users/conns/.silabs/slt/installs/conan/p/simpl418dd9bdfa44b/p/platform/service/sleeptimer/src/sl_sleeptimer_hal_rtcc.c.obj
 .debug_info    0x0001c2d5       0x85 CMakeFiles/slc.dir/base/C_/Users/conns/.silabs/slt/installs/conan/p/simpl418dd9bdfa44b/p/platform/service/system/src/sl_system_init.c.obj
 .debug_info    0x0001c35a       0x76 CMakeFiles/slc.dir/base/C_/Users/conns/.silabs/slt/installs/conan/p/simpl418dd9bdfa44b/p/platform/service/system/src/sl_system_process_action.c.obj
 .debug_info    0x0001c3d0      0x285 CMakeFiles/slc.dir/base/C_/Users/conns/SimplicityStudio/bare_metal/blink_baremetal/app.c.obj
 .debug_info    0x0001c655      0xf76 CMakeFiles/slc.dir/base/C_/Users/conns/SimplicityStudio/bare_metal/blink_baremetal/autogen/sl_event_handler.c.obj
 .debug_info    0x0001d5cb      0x36d CMakeFiles/slc.dir/base/C_/Users/conns/SimplicityStudio/bare_metal/blink_baremetal/autogen/sl_simple_button_instances.c.obj
 .debug_info    0x0001d938      0x2e1 CMakeFiles/slc.dir/base/C_/Users/conns/SimplicityStudio/bare_metal/blink_baremetal/autogen/sl_simple_led_instances.c.obj
 .debug_info    0x0001dc19      0x20d CMakeFiles/slc.dir/base/C_/Users/conns/SimplicityStudio/bare_metal/blink_baremetal/blink.c.obj
 .debug_info    0x0001de26       0xcb CMakeFiles/slc.dir/base/C_/Users/conns/SimplicityStudio/bare_metal/blink_baremetal/main.c.obj

.debug_abbrev   0x00000000     0x48b8
 .debug_abbrev  0x00000000       0x6a CMakeFiles/slc.dir/base/C_/Users/conns/.silabs/slt/installs/conan/p/simpl418dd9bdfa44b/p/platform/common/src/sl_assert.c.obj
 .debug_abbrev  0x0000006a      0x2a0 CMakeFiles/slc.dir/base/C_/Users/conns/.silabs/slt/installs/conan/p/simpl418dd9bdfa44b/p/platform/common/src/sl_core_cortexm.c.obj
 .debug_abbrev  0x0000030a      0x145 CMakeFiles/slc.dir/base/C_/Users/conns/.silabs/slt/installs/conan/p/simpl418dd9bdfa44b/p/platform/common/src/sl_syscalls.c.obj
 .debug_abbrev  0x0000044f      0x264 CMakeFiles/slc.dir/base/C_/Users/conns/.silabs/slt/installs/conan/p/simpl418dd9bdfa44b/p/platform/Device/SiliconLabs/EFR32MG21/Source/startup_efr32mg21.c.obj
 .debug_abbrev  0x000006b3      0x31e CMakeFiles/slc.dir/base/C_/Users/conns/.silabs/slt/installs/conan/p/simpl418dd9bdfa44b/p/platform/Device/SiliconLabs/EFR32MG21/Source/system_efr32mg21.c.obj
 .debug_abbrev  0x000009d1      0x12b CMakeFiles/slc.dir/base/C_/Users/conns/.silabs/slt/installs/conan/p/simpl418dd9bdfa44b/p/platform/driver/button/src/sl_button.c.obj
 .debug_abbrev  0x00000afc      0x26b CMakeFiles/slc.dir/base/C_/Users/conns/.silabs/slt/installs/conan/p/simpl418dd9bdfa44b/p/platform/driver/button/src/sl_simple_button.c.obj